-- Install configuration: ""
-- Up-to-date: /media/mojarras/Wiwi/sinFiltro/robot_2dof_ros2/install/simulation_2dof/share/simulation_2dof/urdf
-- Installing: /media/mojarras/Wiwi/sinFiltro/robot_2dof_ros2/install/simulation_2dof/share/simulation_2dof/urdf/robot_2dof.urdf
-- Up-to-date: /media/mojarras/Wiwi/sinFiltro/robot_2dof_ros2/install/simulation_2dof/share/simulation_2dof/launch
-- Up-to-date: /media/mojarras/Wiwi/sinFiltro/robot_2dof_ros2/install/simulation_2dof/share/simulation_2dof/launch/simulation_2dof.launch.py
-- Up-to-date: /media/mojarras/Wiwi/sinFiltro/robot_2dof_ros2/install/simulation_2dof/share/simulation_2dof/config
-- Up-to-date: /media/mojarras/Wiwi/sinFiltro/robot_2dof_ros2/install/simulation_2dof/share/simulation_2dof/config/controllers.yaml
-- Up-to-date: /media/mojarras/Wiwi/sinFiltro/robot_2dof_ros2/install/simulation_2dof/share/ament_index/resource_index/package_run_dependencies/simulation_2dof
-- Up-to-date: /media/mojarras/Wiwi/sinFiltro/robot_2dof_ros2/install/simulation_2dof/share/ament_index/resource_index/parent_prefix_path/simulation_2dof
-- Up-to-date: /media/mojarras/Wiwi/sinFiltro/robot_2dof_ros2/install/simulation_2dof/share/simulation_2dof/environment/ament_prefix_path.sh
-- Up-to-date: /media/mojarras/Wiwi/sinFiltro/robot_2dof_ros2/install/simulation_2dof/share/simulation_2dof/environment/ament_prefix_path.dsv
-- Up-to-date: /media/mojarras/Wiwi/sinFiltro/robot_2dof_ros2/install/simulation_2dof/share/simulation_2dof/environment/path.sh
-- Up-to-date: /media/mojarras/Wiwi/sinFiltro/robot_2dof_ros2/install/simulation_2dof/share/simulation_2dof/environment/path.dsv
-- Up-to-date: /media/mojarras/Wiwi/sinFiltro/robot_2dof_ros2/install/simulation_2dof/share/simulation_2dof/local_setup.bash
-- Up-to-date: /media/mojarras/Wiwi/sinFiltro/robot_2dof_ros2/install/simulation_2dof/share/simulation_2dof/local_setup.sh
-- Up-to-date: /media/mojarras/Wiwi/sinFiltro/robot_2dof_ros2/install/simulation_2dof/share/simulation_2dof/local_setup.zsh
-- Up-to-date: /media/mojarras/Wiwi/sinFiltro/robot_2dof_ros2/install/simulation_2dof/share/simulation_2dof/local_setup.dsv
-- Installing: /media/mojarras/Wiwi/sinFiltro/robot_2dof_ros2/install/simulation_2dof/share/simulation_2dof/package.dsv
-- Up-to-date: /media/mojarras/Wiwi/sinFiltro/robot_2dof_ros2/install/simulation_2dof/share/ament_index/resource_index/packages/simulation_2dof
-- Up-to-date: /media/mojarras/Wiwi/sinFiltro/robot_2dof_ros2/install/simulation_2dof/share/simulation_2dof/cmake/simulation_2dofConfig.cmake
-- Up-to-date: /media/mojarras/Wiwi/sinFiltro/robot_2dof_ros2/install/simulation_2dof/share/simulation_2dof/cmake/simulation_2dofConfig-version.cmake
-- Up-to-date: /media/mojarras/Wiwi/sinFiltro/robot_2dof_ros2/install/simulation_2dof/share/simulation_2dof/package.xml
