[0.480s] Invoking command in '/media/mojarras/Wiwi/sinFiltro/robot_2dof_ros2/build/two_dof_interfaces': CMAKE_PREFIX_PATH=${CMAKE_PREFIX_PATH}:/media/mojarras/Wiwi/sinFiltro/robot_2dof_ros2/install/control:/opt/ros/jazzy DEBUGINFOD_URLS=https://debuginfod.ubuntu.com /usr/bin/cmake --build /media/mojarras/Wiwi/sinFiltro/robot_2dof_ros2/build/two_dof_interfaces -- -j8 -l8
[0.586s] [  2%] Built target two_dof_interfaces__rosidl_generator_type_description
[0.611s] [  2%] Built target ament_cmake_python_copy_two_dof_interfaces
[0.629s] [ 17%] Built target two_dof_interfaces__rosidl_generator_c
[0.634s] [ 20%] Built target two_dof_interfaces__cpp
[0.694s] [ 29%] Built target two_dof_interfaces__rosidl_typesupport_c
[0.710s] [ 38%] Built target two_dof_interfaces__rosidl_typesupport_cpp
[0.712s] [ 47%] Built target two_dof_interfaces__rosidl_typesupport_introspection_c
[0.715s] [ 55%] Built target two_dof_interfaces__rosidl_typesupport_fastrtps_cpp
[0.715s] [ 64%] Built target two_dof_interfaces__rosidl_typesupport_fastrtps_c
[0.724s] [ 73%] Built target two_dof_interfaces__rosidl_typesupport_introspection_cpp
[0.759s] [ 73%] Built target two_dof_interfaces
[0.800s] [ 76%] Built target two_dof_interfaces__py
[0.840s] [ 82%] Built target two_dof_interfaces__rosidl_generator_py
[0.893s] [ 88%] Built target two_dof_interfaces_s__rosidl_typesupport_c
[0.895s] [ 94%] Built target two_dof_interfaces_s__rosidl_typesupport_fastrtps_c
[0.895s] [100%] Built target two_dof_interfaces_s__rosidl_typesupport_introspection_c
[1.103s] running egg_info
[1.153s] writing two_dof_interfaces.egg-info/PKG-INFO
[1.153s] writing dependency_links to two_dof_interfaces.egg-info/dependency_links.txt
[1.153s] writing top-level names to two_dof_interfaces.egg-info/top_level.txt
[1.303s] reading manifest file 'two_dof_interfaces.egg-info/SOURCES.txt'
[1.304s] writing manifest file 'two_dof_interfaces.egg-info/SOURCES.txt'
[1.343s] [100%] Built target ament_cmake_python_build_two_dof_interfaces_egg
[1.362s] Invoked command in '/media/mojarras/Wiwi/sinFiltro/robot_2dof_ros2/build/two_dof_interfaces' returned '0': CMAKE_PREFIX_PATH=${CMAKE_PREFIX_PATH}:/media/mojarras/Wiwi/sinFiltro/robot_2dof_ros2/install/control:/opt/ros/jazzy DEBUGINFOD_URLS=https://debuginfod.ubuntu.com /usr/bin/cmake --build /media/mojarras/Wiwi/sinFiltro/robot_2dof_ros2/build/two_dof_interfaces -- -j8 -l8
[1.364s] Invoking command in '/media/mojarras/Wiwi/sinFiltro/robot_2dof_ros2/build/two_dof_interfaces': CMAKE_PREFIX_PATH=${CMAKE_PREFIX_PATH}:/media/mojarras/Wiwi/sinFiltro/robot_2dof_ros2/install/control:/opt/ros/jazzy DEBUGINFOD_URLS=https://debuginfod.ubuntu.com /usr/bin/cmake --install /media/mojarras/Wiwi/sinFiltro/robot_2dof_ros2/build/two_dof_interfaces
[1.378s] -- Install configuration: ""
[1.378s] -- Up-to-date: /media/mojarras/Wiwi/sinFiltro/robot_2dof_ros2/install/two_dof_interfaces/share/ament_index/resource_index/rosidl_interfaces/two_dof_interfaces
[1.378s] -- Up-to-date: /media/mojarras/Wiwi/sinFiltro/robot_2dof_ros2/install/two_dof_interfaces/share/two_dof_interfaces/srv/CoordinateToJoint.json
[1.379s] -- Up-to-date: /media/mojarras/Wiwi/sinFiltro/robot_2dof_ros2/install/two_dof_interfaces/include/two_dof_interfaces/two_dof_interfaces
[1.379s] -- Up-to-date: /media/mojarras/Wiwi/sinFiltro/robot_2dof_ros2/install/two_dof_interfaces/include/two_dof_interfaces/two_dof_interfaces/msg
[1.379s] -- Up-to-date: /media/mojarras/Wiwi/sinFiltro/robot_2dof_ros2/install/two_dof_interfaces/include/two_dof_interfaces/two_dof_interfaces/msg/rosidl_generator_c__visibility_control.h
[1.379s] -- Up-to-date: /media/mojarras/Wiwi/sinFiltro/robot_2dof_ros2/install/two_dof_interfaces/include/two_dof_interfaces/two_dof_interfaces/srv
[1.380s] -- Up-to-date: /media/mojarras/Wiwi/sinFiltro/robot_2dof_ros2/install/two_dof_interfaces/include/two_dof_interfaces/two_dof_interfaces/srv/coordinate_to_joint.h
[1.380s] -- Up-to-date: /media/mojarras/Wiwi/sinFiltro/robot_2dof_ros2/install/two_dof_interfaces/include/two_dof_interfaces/two_dof_interfaces/srv/detail
[1.380s] -- Up-to-date: /media/mojarras/Wiwi/sinFiltro/robot_2dof_ros2/install/two_dof_interfaces/include/two_dof_interfaces/two_dof_interfaces/srv/detail/coordinate_to_joint__description.c
[1.381s] -- Up-to-date: /media/mojarras/Wiwi/sinFiltro/robot_2dof_ros2/install/two_dof_interfaces/include/two_dof_interfaces/two_dof_interfaces/srv/detail/coordinate_to_joint__functions.c
[1.381s] -- Up-to-date: /media/mojarras/Wiwi/sinFiltro/robot_2dof_ros2/install/two_dof_interfaces/include/two_dof_interfaces/two_dof_interfaces/srv/detail/coordinate_to_joint__functions.h
[1.381s] -- Up-to-date: /media/mojarras/Wiwi/sinFiltro/robot_2dof_ros2/install/two_dof_interfaces/include/two_dof_interfaces/two_dof_interfaces/srv/detail/coordinate_to_joint__struct.h
[1.381s] -- Up-to-date: /media/mojarras/Wiwi/sinFiltro/robot_2dof_ros2/install/two_dof_interfaces/include/two_dof_interfaces/two_dof_interfaces/srv/detail/coordinate_to_joint__type_support.c
[1.382s] -- Up-to-date: /media/mojarras/Wiwi/sinFiltro/robot_2dof_ros2/install/two_dof_interfaces/include/two_dof_interfaces/two_dof_interfaces/srv/detail/coordinate_to_joint__type_support.h
[1.382s] -- Up-to-date: /media/mojarras/Wiwi/sinFiltro/robot_2dof_ros2/install/two_dof_interfaces/share/two_dof_interfaces/environment/library_path.sh
[1.382s] -- Up-to-date: /media/mojarras/Wiwi/sinFiltro/robot_2dof_ros2/install/two_dof_interfaces/share/two_dof_interfaces/environment/library_path.dsv
[1.382s] -- Up-to-date: /media/mojarras/Wiwi/sinFiltro/robot_2dof_ros2/install/two_dof_interfaces/lib/libtwo_dof_interfaces__rosidl_generator_c.so
[1.383s] -- Up-to-date: /media/mojarras/Wiwi/sinFiltro/robot_2dof_ros2/install/two_dof_interfaces/include/two_dof_interfaces/two_dof_interfaces
[1.383s] -- Up-to-date: /media/mojarras/Wiwi/sinFiltro/robot_2dof_ros2/install/two_dof_interfaces/include/two_dof_interfaces/two_dof_interfaces/msg
[1.383s] -- Up-to-date: /media/mojarras/Wiwi/sinFiltro/robot_2dof_ros2/install/two_dof_interfaces/include/two_dof_interfaces/two_dof_interfaces/msg/rosidl_typesupport_fastrtps_c__visibility_control.h
[1.384s] -- Up-to-date: /media/mojarras/Wiwi/sinFiltro/robot_2dof_ros2/install/two_dof_interfaces/include/two_dof_interfaces/two_dof_interfaces/srv
[1.384s] -- Up-to-date: /media/mojarras/Wiwi/sinFiltro/robot_2dof_ros2/install/two_dof_interfaces/include/two_dof_interfaces/two_dof_interfaces/srv/detail
[1.384s] -- Up-to-date: /media/mojarras/Wiwi/sinFiltro/robot_2dof_ros2/install/two_dof_interfaces/include/two_dof_interfaces/two_dof_interfaces/srv/detail/coordinate_to_joint__rosidl_typesupport_fastrtps_c.h
[1.384s] -- Up-to-date: /media/mojarras/Wiwi/sinFiltro/robot_2dof_ros2/install/two_dof_interfaces/lib/libtwo_dof_interfaces__rosidl_typesupport_fastrtps_c.so
[1.385s] -- Up-to-date: /media/mojarras/Wiwi/sinFiltro/robot_2dof_ros2/install/two_dof_interfaces/include/two_dof_interfaces/two_dof_interfaces
[1.385s] -- Up-to-date: /media/mojarras/Wiwi/sinFiltro/robot_2dof_ros2/install/two_dof_interfaces/include/two_dof_interfaces/two_dof_interfaces/msg
[1.385s] -- Up-to-date: /media/mojarras/Wiwi/sinFiltro/robot_2dof_ros2/install/two_dof_interfaces/include/two_dof_interfaces/two_dof_interfaces/msg/rosidl_typesupport_introspection_c__visibility_control.h
[1.385s] -- Up-to-date: /media/mojarras/Wiwi/sinFiltro/robot_2dof_ros2/install/two_dof_interfaces/include/two_dof_interfaces/two_dof_interfaces/srv
[1.386s] -- Up-to-date: /media/mojarras/Wiwi/sinFiltro/robot_2dof_ros2/install/two_dof_interfaces/include/two_dof_interfaces/two_dof_interfaces/srv/detail
[1.386s] -- Up-to-date: /media/mojarras/Wiwi/sinFiltro/robot_2dof_ros2/install/two_dof_interfaces/include/two_dof_interfaces/two_dof_interfaces/srv/detail/coordinate_to_joint__rosidl_typesupport_introspection_c.h
[1.386s] -- Up-to-date: /media/mojarras/Wiwi/sinFiltro/robot_2dof_ros2/install/two_dof_interfaces/include/two_dof_interfaces/two_dof_interfaces/srv/detail/coordinate_to_joint__type_support.c
[1.386s] -- Up-to-date: /media/mojarras/Wiwi/sinFiltro/robot_2dof_ros2/install/two_dof_interfaces/lib/libtwo_dof_interfaces__rosidl_typesupport_introspection_c.so
[1.387s] -- Up-to-date: /media/mojarras/Wiwi/sinFiltro/robot_2dof_ros2/install/two_dof_interfaces/lib/libtwo_dof_interfaces__rosidl_typesupport_c.so
[1.387s] -- Up-to-date: /media/mojarras/Wiwi/sinFiltro/robot_2dof_ros2/install/two_dof_interfaces/include/two_dof_interfaces/two_dof_interfaces
[1.387s] -- Up-to-date: /media/mojarras/Wiwi/sinFiltro/robot_2dof_ros2/install/two_dof_interfaces/include/two_dof_interfaces/two_dof_interfaces/msg
[1.388s] -- Up-to-date: /media/mojarras/Wiwi/sinFiltro/robot_2dof_ros2/install/two_dof_interfaces/include/two_dof_interfaces/two_dof_interfaces/msg/rosidl_generator_cpp__visibility_control.hpp
[1.388s] -- Up-to-date: /media/mojarras/Wiwi/sinFiltro/robot_2dof_ros2/install/two_dof_interfaces/include/two_dof_interfaces/two_dof_interfaces/srv
[1.388s] -- Up-to-date: /media/mojarras/Wiwi/sinFiltro/robot_2dof_ros2/install/two_dof_interfaces/include/two_dof_interfaces/two_dof_interfaces/srv/coordinate_to_joint.hpp
[1.388s] -- Up-to-date: /media/mojarras/Wiwi/sinFiltro/robot_2dof_ros2/install/two_dof_interfaces/include/two_dof_interfaces/two_dof_interfaces/srv/detail
[1.389s] -- Up-to-date: /media/mojarras/Wiwi/sinFiltro/robot_2dof_ros2/install/two_dof_interfaces/include/two_dof_interfaces/two_dof_interfaces/srv/detail/coordinate_to_joint__builder.hpp
[1.389s] -- Up-to-date: /media/mojarras/Wiwi/sinFiltro/robot_2dof_ros2/install/two_dof_interfaces/include/two_dof_interfaces/two_dof_interfaces/srv/detail/coordinate_to_joint__struct.hpp
[1.389s] -- Up-to-date: /media/mojarras/Wiwi/sinFiltro/robot_2dof_ros2/install/two_dof_interfaces/include/two_dof_interfaces/two_dof_interfaces/srv/detail/coordinate_to_joint__traits.hpp
[1.389s] -- Up-to-date: /media/mojarras/Wiwi/sinFiltro/robot_2dof_ros2/install/two_dof_interfaces/include/two_dof_interfaces/two_dof_interfaces/srv/detail/coordinate_to_joint__type_support.hpp
[1.389s] -- Up-to-date: /media/mojarras/Wiwi/sinFiltro/robot_2dof_ros2/install/two_dof_interfaces/include/two_dof_interfaces/two_dof_interfaces
[1.390s] -- Up-to-date: /media/mojarras/Wiwi/sinFiltro/robot_2dof_ros2/install/two_dof_interfaces/include/two_dof_interfaces/two_dof_interfaces/msg
[1.390s] -- Up-to-date: /media/mojarras/Wiwi/sinFiltro/robot_2dof_ros2/install/two_dof_interfaces/include/two_dof_interfaces/two_dof_interfaces/msg/rosidl_typesupport_fastrtps_cpp__visibility_control.h
[1.390s] -- Up-to-date: /media/mojarras/Wiwi/sinFiltro/robot_2dof_ros2/install/two_dof_interfaces/include/two_dof_interfaces/two_dof_interfaces/srv
[1.390s] -- Up-to-date: /media/mojarras/Wiwi/sinFiltro/robot_2dof_ros2/install/two_dof_interfaces/include/two_dof_interfaces/two_dof_interfaces/srv/detail
[1.390s] -- Up-to-date: /media/mojarras/Wiwi/sinFiltro/robot_2dof_ros2/install/two_dof_interfaces/include/two_dof_interfaces/two_dof_interfaces/srv/detail/coordinate_to_joint__rosidl_typesupport_fastrtps_cpp.hpp
[1.391s] -- Up-to-date: /media/mojarras/Wiwi/sinFiltro/robot_2dof_ros2/install/two_dof_interfaces/include/two_dof_interfaces/two_dof_interfaces/srv/detail/dds_fastrtps
[1.391s] -- Up-to-date: /media/mojarras/Wiwi/sinFiltro/robot_2dof_ros2/install/two_dof_interfaces/lib/libtwo_dof_interfaces__rosidl_typesupport_fastrtps_cpp.so
[1.391s] -- Up-to-date: /media/mojarras/Wiwi/sinFiltro/robot_2dof_ros2/install/two_dof_interfaces/include/two_dof_interfaces/two_dof_interfaces
[1.391s] -- Up-to-date: /media/mojarras/Wiwi/sinFiltro/robot_2dof_ros2/install/two_dof_interfaces/include/two_dof_interfaces/two_dof_interfaces/srv
[1.391s] -- Up-to-date: /media/mojarras/Wiwi/sinFiltro/robot_2dof_ros2/install/two_dof_interfaces/include/two_dof_interfaces/two_dof_interfaces/srv/detail
[1.391s] -- Up-to-date: /media/mojarras/Wiwi/sinFiltro/robot_2dof_ros2/install/two_dof_interfaces/include/two_dof_interfaces/two_dof_interfaces/srv/detail/coordinate_to_joint__rosidl_typesupport_introspection_cpp.hpp
[1.392s] -- Up-to-date: /media/mojarras/Wiwi/sinFiltro/robot_2dof_ros2/install/two_dof_interfaces/include/two_dof_interfaces/two_dof_interfaces/srv/detail/coordinate_to_joint__type_support.cpp
[1.392s] -- Up-to-date: /media/mojarras/Wiwi/sinFiltro/robot_2dof_ros2/install/two_dof_interfaces/lib/libtwo_dof_interfaces__rosidl_typesupport_introspection_cpp.so
[1.392s] -- Up-to-date: /media/mojarras/Wiwi/sinFiltro/robot_2dof_ros2/install/two_dof_interfaces/lib/libtwo_dof_interfaces__rosidl_typesupport_cpp.so
[1.392s] -- Up-to-date: /media/mojarras/Wiwi/sinFiltro/robot_2dof_ros2/install/two_dof_interfaces/share/two_dof_interfaces/environment/pythonpath.sh
[1.392s] -- Up-to-date: /media/mojarras/Wiwi/sinFiltro/robot_2dof_ros2/install/two_dof_interfaces/share/two_dof_interfaces/environment/pythonpath.dsv
[1.393s] -- Up-to-date: /media/mojarras/Wiwi/sinFiltro/robot_2dof_ros2/install/two_dof_interfaces/lib/python3.12/site-packages/two_dof_interfaces-0.0.0-py3.12.egg-info
[1.393s] -- Installing: /media/mojarras/Wiwi/sinFiltro/robot_2dof_ros2/install/two_dof_interfaces/lib/python3.12/site-packages/two_dof_interfaces-0.0.0-py3.12.egg-info/dependency_links.txt
[1.393s] -- Installing: /media/mojarras/Wiwi/sinFiltro/robot_2dof_ros2/install/two_dof_interfaces/lib/python3.12/site-packages/two_dof_interfaces-0.0.0-py3.12.egg-info/PKG-INFO
[1.393s] -- Installing: /media/mojarras/Wiwi/sinFiltro/robot_2dof_ros2/install/two_dof_interfaces/lib/python3.12/site-packages/two_dof_interfaces-0.0.0-py3.12.egg-info/SOURCES.txt
[1.393s] -- Installing: /media/mojarras/Wiwi/sinFiltro/robot_2dof_ros2/install/two_dof_interfaces/lib/python3.12/site-packages/two_dof_interfaces-0.0.0-py3.12.egg-info/top_level.txt
[1.393s] -- Up-to-date: /media/mojarras/Wiwi/sinFiltro/robot_2dof_ros2/install/two_dof_interfaces/lib/python3.12/site-packages/two_dof_interfaces
[1.394s] -- Up-to-date: /media/mojarras/Wiwi/sinFiltro/robot_2dof_ros2/install/two_dof_interfaces/lib/python3.12/site-packages/two_dof_interfaces/srv
[1.394s] -- Up-to-date: /media/mojarras/Wiwi/sinFiltro/robot_2dof_ros2/install/two_dof_interfaces/lib/python3.12/site-packages/two_dof_interfaces/srv/_coordinate_to_joint.py
[1.394s] -- Up-to-date: /media/mojarras/Wiwi/sinFiltro/robot_2dof_ros2/install/two_dof_interfaces/lib/python3.12/site-packages/two_dof_interfaces/srv/_coordinate_to_joint_s.c
[1.394s] -- Up-to-date: /media/mojarras/Wiwi/sinFiltro/robot_2dof_ros2/install/two_dof_interfaces/lib/python3.12/site-packages/two_dof_interfaces/srv/__init__.py
[1.394s] -- Up-to-date: /media/mojarras/Wiwi/sinFiltro/robot_2dof_ros2/install/two_dof_interfaces/lib/python3.12/site-packages/two_dof_interfaces/two_dof_interfaces_s__rosidl_typesupport_c.so
[1.395s] -- Up-to-date: /media/mojarras/Wiwi/sinFiltro/robot_2dof_ros2/install/two_dof_interfaces/lib/python3.12/site-packages/two_dof_interfaces/two_dof_interfaces_s__rosidl_typesupport_fastrtps_c.so
[1.395s] -- Up-to-date: /media/mojarras/Wiwi/sinFiltro/robot_2dof_ros2/install/two_dof_interfaces/lib/python3.12/site-packages/two_dof_interfaces/two_dof_interfaces_s__rosidl_typesupport_introspection_c.so
[1.395s] -- Up-to-date: /media/mojarras/Wiwi/sinFiltro/robot_2dof_ros2/install/two_dof_interfaces/lib/python3.12/site-packages/two_dof_interfaces/_two_dof_interfaces_s.ep.rosidl_typesupport_c.c
[1.395s] -- Up-to-date: /media/mojarras/Wiwi/sinFiltro/robot_2dof_ros2/install/two_dof_interfaces/lib/python3.12/site-packages/two_dof_interfaces/_two_dof_interfaces_s.ep.rosidl_typesupport_fastrtps_c.c
[1.395s] -- Up-to-date: /media/mojarras/Wiwi/sinFiltro/robot_2dof_ros2/install/two_dof_interfaces/lib/python3.12/site-packages/two_dof_interfaces/_two_dof_interfaces_s.ep.rosidl_typesupport_introspection_c.c
[1.395s] -- Up-to-date: /media/mojarras/Wiwi/sinFiltro/robot_2dof_ros2/install/two_dof_interfaces/lib/python3.12/site-packages/two_dof_interfaces/__init__.py
[1.441s] Listing '/media/mojarras/Wiwi/sinFiltro/robot_2dof_ros2/install/two_dof_interfaces/lib/python3.12/site-packages/two_dof_interfaces'...
[1.441s] Listing '/media/mojarras/Wiwi/sinFiltro/robot_2dof_ros2/install/two_dof_interfaces/lib/python3.12/site-packages/two_dof_interfaces/srv'...
[1.448s] -- Up-to-date: /media/mojarras/Wiwi/sinFiltro/robot_2dof_ros2/install/two_dof_interfaces/lib/python3.12/site-packages/two_dof_interfaces/two_dof_interfaces_s__rosidl_typesupport_fastrtps_c.so
[1.449s] -- Up-to-date: /media/mojarras/Wiwi/sinFiltro/robot_2dof_ros2/install/two_dof_interfaces/lib/python3.12/site-packages/two_dof_interfaces/two_dof_interfaces_s__rosidl_typesupport_introspection_c.so
[1.450s] -- Up-to-date: /media/mojarras/Wiwi/sinFiltro/robot_2dof_ros2/install/two_dof_interfaces/lib/python3.12/site-packages/two_dof_interfaces/two_dof_interfaces_s__rosidl_typesupport_c.so
[1.451s] -- Up-to-date: /media/mojarras/Wiwi/sinFiltro/robot_2dof_ros2/install/two_dof_interfaces/lib/libtwo_dof_interfaces__rosidl_generator_py.so
[1.451s] -- Up-to-date: /media/mojarras/Wiwi/sinFiltro/robot_2dof_ros2/install/two_dof_interfaces/share/two_dof_interfaces/srv/CoordinateToJoint.idl
[1.452s] -- Up-to-date: /media/mojarras/Wiwi/sinFiltro/robot_2dof_ros2/install/two_dof_interfaces/share/two_dof_interfaces/srv/CoordinateToJoint.srv
[1.452s] -- Up-to-date: /media/mojarras/Wiwi/sinFiltro/robot_2dof_ros2/install/two_dof_interfaces/share/ament_index/resource_index/package_run_dependencies/two_dof_interfaces
[1.452s] -- Up-to-date: /media/mojarras/Wiwi/sinFiltro/robot_2dof_ros2/install/two_dof_interfaces/share/ament_index/resource_index/parent_prefix_path/two_dof_interfaces
[1.452s] -- Up-to-date: /media/mojarras/Wiwi/sinFiltro/robot_2dof_ros2/install/two_dof_interfaces/share/two_dof_interfaces/environment/ament_prefix_path.sh
[1.453s] -- Up-to-date: /media/mojarras/Wiwi/sinFiltro/robot_2dof_ros2/install/two_dof_interfaces/share/two_dof_interfaces/environment/ament_prefix_path.dsv
[1.453s] -- Up-to-date: /media/mojarras/Wiwi/sinFiltro/robot_2dof_ros2/install/two_dof_interfaces/share/two_dof_interfaces/environment/path.sh
[1.453s] -- Up-to-date: /media/mojarras/Wiwi/sinFiltro/robot_2dof_ros2/install/two_dof_interfaces/share/two_dof_interfaces/environment/path.dsv
[1.453s] -- Up-to-date: /media/mojarras/Wiwi/sinFiltro/robot_2dof_ros2/install/two_dof_interfaces/share/two_dof_interfaces/local_setup.bash
[1.454s] -- Up-to-date: /media/mojarras/Wiwi/sinFiltro/robot_2dof_ros2/install/two_dof_interfaces/share/two_dof_interfaces/local_setup.sh
[1.454s] -- Up-to-date: /media/mojarras/Wiwi/sinFiltro/robot_2dof_ros2/install/two_dof_interfaces/share/two_dof_interfaces/local_setup.zsh
[1.454s] -- Up-to-date: /media/mojarras/Wiwi/sinFiltro/robot_2dof_ros2/install/two_dof_interfaces/share/two_dof_interfaces/local_setup.dsv
[1.454s] -- Installing: /media/mojarras/Wiwi/sinFiltro/robot_2dof_ros2/install/two_dof_interfaces/share/two_dof_interfaces/package.dsv
[1.454s] -- Up-to-date: /media/mojarras/Wiwi/sinFiltro/robot_2dof_ros2/install/two_dof_interfaces/share/ament_index/resource_index/packages/two_dof_interfaces
[1.455s] -- Up-to-date: /media/mojarras/Wiwi/sinFiltro/robot_2dof_ros2/install/two_dof_interfaces/share/two_dof_interfaces/cmake/export_two_dof_interfaces__rosidl_generator_cExport.cmake
[1.455s] -- Up-to-date: /media/mojarras/Wiwi/sinFiltro/robot_2dof_ros2/install/two_dof_interfaces/share/two_dof_interfaces/cmake/export_two_dof_interfaces__rosidl_generator_cExport-noconfig.cmake
[1.455s] -- Up-to-date: /media/mojarras/Wiwi/sinFiltro/robot_2dof_ros2/install/two_dof_interfaces/share/two_dof_interfaces/cmake/export_two_dof_interfaces__rosidl_typesupport_fastrtps_cExport.cmake
[1.455s] -- Up-to-date: /media/mojarras/Wiwi/sinFiltro/robot_2dof_ros2/install/two_dof_interfaces/share/two_dof_interfaces/cmake/export_two_dof_interfaces__rosidl_typesupport_fastrtps_cExport-noconfig.cmake
[1.455s] -- Up-to-date: /media/mojarras/Wiwi/sinFiltro/robot_2dof_ros2/install/two_dof_interfaces/share/two_dof_interfaces/cmake/two_dof_interfaces__rosidl_typesupport_introspection_cExport.cmake
[1.456s] -- Up-to-date: /media/mojarras/Wiwi/sinFiltro/robot_2dof_ros2/install/two_dof_interfaces/share/two_dof_interfaces/cmake/two_dof_interfaces__rosidl_typesupport_introspection_cExport-noconfig.cmake
[1.456s] -- Up-to-date: /media/mojarras/Wiwi/sinFiltro/robot_2dof_ros2/install/two_dof_interfaces/share/two_dof_interfaces/cmake/two_dof_interfaces__rosidl_typesupport_cExport.cmake
[1.456s] -- Up-to-date: /media/mojarras/Wiwi/sinFiltro/robot_2dof_ros2/install/two_dof_interfaces/share/two_dof_interfaces/cmake/two_dof_interfaces__rosidl_typesupport_cExport-noconfig.cmake
[1.456s] -- Up-to-date: /media/mojarras/Wiwi/sinFiltro/robot_2dof_ros2/install/two_dof_interfaces/share/two_dof_interfaces/cmake/export_two_dof_interfaces__rosidl_generator_cppExport.cmake
[1.456s] -- Up-to-date: /media/mojarras/Wiwi/sinFiltro/robot_2dof_ros2/install/two_dof_interfaces/share/two_dof_interfaces/cmake/export_two_dof_interfaces__rosidl_typesupport_fastrtps_cppExport.cmake
[1.457s] -- Up-to-date: /media/mojarras/Wiwi/sinFiltro/robot_2dof_ros2/install/two_dof_interfaces/share/two_dof_interfaces/cmake/export_two_dof_interfaces__rosidl_typesupport_fastrtps_cppExport-noconfig.cmake
[1.457s] -- Up-to-date: /media/mojarras/Wiwi/sinFiltro/robot_2dof_ros2/install/two_dof_interfaces/share/two_dof_interfaces/cmake/two_dof_interfaces__rosidl_typesupport_introspection_cppExport.cmake
[1.457s] -- Up-to-date: /media/mojarras/Wiwi/sinFiltro/robot_2dof_ros2/install/two_dof_interfaces/share/two_dof_interfaces/cmake/two_dof_interfaces__rosidl_typesupport_introspection_cppExport-noconfig.cmake
[1.457s] -- Up-to-date: /media/mojarras/Wiwi/sinFiltro/robot_2dof_ros2/install/two_dof_interfaces/share/two_dof_interfaces/cmake/two_dof_interfaces__rosidl_typesupport_cppExport.cmake
[1.457s] -- Up-to-date: /media/mojarras/Wiwi/sinFiltro/robot_2dof_ros2/install/two_dof_interfaces/share/two_dof_interfaces/cmake/two_dof_interfaces__rosidl_typesupport_cppExport-noconfig.cmake
[1.458s] -- Up-to-date: /media/mojarras/Wiwi/sinFiltro/robot_2dof_ros2/install/two_dof_interfaces/share/two_dof_interfaces/cmake/export_two_dof_interfaces__rosidl_generator_pyExport.cmake
[1.458s] -- Up-to-date: /media/mojarras/Wiwi/sinFiltro/robot_2dof_ros2/install/two_dof_interfaces/share/two_dof_interfaces/cmake/export_two_dof_interfaces__rosidl_generator_pyExport-noconfig.cmake
[1.458s] -- Up-to-date: /media/mojarras/Wiwi/sinFiltro/robot_2dof_ros2/install/two_dof_interfaces/share/two_dof_interfaces/cmake/rosidl_cmake-extras.cmake
[1.458s] -- Up-to-date: /media/mojarras/Wiwi/sinFiltro/robot_2dof_ros2/install/two_dof_interfaces/share/two_dof_interfaces/cmake/ament_cmake_export_dependencies-extras.cmake
[1.458s] -- Up-to-date: /media/mojarras/Wiwi/sinFiltro/robot_2dof_ros2/install/two_dof_interfaces/share/two_dof_interfaces/cmake/ament_cmake_export_include_directories-extras.cmake
[1.459s] -- Up-to-date: /media/mojarras/Wiwi/sinFiltro/robot_2dof_ros2/install/two_dof_interfaces/share/two_dof_interfaces/cmake/ament_cmake_export_libraries-extras.cmake
[1.459s] -- Up-to-date: /media/mojarras/Wiwi/sinFiltro/robot_2dof_ros2/install/two_dof_interfaces/share/two_dof_interfaces/cmake/ament_cmake_export_targets-extras.cmake
[1.459s] -- Up-to-date: /media/mojarras/Wiwi/sinFiltro/robot_2dof_ros2/install/two_dof_interfaces/share/two_dof_interfaces/cmake/rosidl_cmake_export_typesupport_targets-extras.cmake
[1.459s] -- Up-to-date: /media/mojarras/Wiwi/sinFiltro/robot_2dof_ros2/install/two_dof_interfaces/share/two_dof_interfaces/cmake/rosidl_cmake_export_typesupport_libraries-extras.cmake
[1.459s] -- Up-to-date: /media/mojarras/Wiwi/sinFiltro/robot_2dof_ros2/install/two_dof_interfaces/share/two_dof_interfaces/cmake/two_dof_interfacesConfig.cmake
[1.459s] -- Up-to-date: /media/mojarras/Wiwi/sinFiltro/robot_2dof_ros2/install/two_dof_interfaces/share/two_dof_interfaces/cmake/two_dof_interfacesConfig-version.cmake
[1.460s] -- Up-to-date: /media/mojarras/Wiwi/sinFiltro/robot_2dof_ros2/install/two_dof_interfaces/share/two_dof_interfaces/package.xml
[1.461s] Invoked command in '/media/mojarras/Wiwi/sinFiltro/robot_2dof_ros2/build/two_dof_interfaces' returned '0': CMAKE_PREFIX_PATH=${CMAKE_PREFIX_PATH}:/media/mojarras/Wiwi/sinFiltro/robot_2dof_ros2/install/control:/opt/ros/jazzy DEBUGINFOD_URLS=https://debuginfod.ubuntu.com /usr/bin/cmake --install /media/mojarras/Wiwi/sinFiltro/robot_2dof_ros2/build/two_dof_interfaces
