[2.214s] Invoking command in '/media/mojarras/Wiwi/sinFiltro/robot_2dof_ros2/control': DEBUGINFOD_URLS=https://debuginfod.ubuntu.com PYTHONPATH=/media/mojarras/Wiwi/sinFiltro/robot_2dof_ros2/build/control/prefix_override:/usr/lib/python3/dist-packages/colcon_core/task/python/colcon_distutils_commands:/media/mojarras/Wiwi/sinFiltro/robot_2dof_ros2/install/control/lib/python3.12/site-packages:${PYTHONPATH} /usr/bin/python3 -W ignore:setup.py install is deprecated -W ignore:easy_install command is deprecated setup.py egg_info --egg-base ../build/control build --build-base /media/mojarras/Wiwi/sinFiltro/robot_2dof_ros2/build/control/build install --record /media/mojarras/Wiwi/sinFiltro/robot_2dof_ros2/build/control/install.log --single-version-externally-managed install_data
[2.807s] running egg_info
[2.858s] writing ../build/control/control.egg-info/PKG-INFO
[2.859s] writing dependency_links to ../build/control/control.egg-info/dependency_links.txt
[2.859s] writing entry points to ../build/control/control.egg-info/entry_points.txt
[2.859s] writing requirements to ../build/control/control.egg-info/requires.txt
[2.860s] writing top-level names to ../build/control/control.egg-info/top_level.txt
[2.964s] reading manifest file '../build/control/control.egg-info/SOURCES.txt'
[2.965s] writing manifest file '../build/control/control.egg-info/SOURCES.txt'
[2.966s] running build
[2.966s] running build_py
[2.966s] copying control/control_node.py -> /media/mojarras/Wiwi/sinFiltro/robot_2dof_ros2/build/control/build/lib/control
[2.967s] running install
[2.977s] running install_lib
[3.029s] copying /media/mojarras/Wiwi/sinFiltro/robot_2dof_ros2/build/control/build/lib/control/control_node.py -> /media/mojarras/Wiwi/sinFiltro/robot_2dof_ros2/install/control/lib/python3.12/site-packages/control
[3.030s] byte-compiling /media/mojarras/Wiwi/sinFiltro/robot_2dof_ros2/install/control/lib/python3.12/site-packages/control/control_node.py to control_node.cpython-312.pyc
[3.032s] running install_data
[3.032s] running install_egg_info
[3.085s] removing '/media/mojarras/Wiwi/sinFiltro/robot_2dof_ros2/install/control/lib/python3.12/site-packages/control-0.0.0-py3.12.egg-info' (and everything under it)
[3.086s] Copying ../build/control/control.egg-info to /media/mojarras/Wiwi/sinFiltro/robot_2dof_ros2/install/control/lib/python3.12/site-packages/control-0.0.0-py3.12.egg-info
[3.087s] running install_scripts
[3.400s] Installing control_node script to /media/mojarras/Wiwi/sinFiltro/robot_2dof_ros2/install/control/lib/control
[3.401s] Installing inverse_kinematic script to /media/mojarras/Wiwi/sinFiltro/robot_2dof_ros2/install/control/lib/control
[3.401s] writing list of installed files to '/media/mojarras/Wiwi/sinFiltro/robot_2dof_ros2/build/control/install.log'
[3.441s] Invoked command in '/media/mojarras/Wiwi/sinFiltro/robot_2dof_ros2/control' returned '0': DEBUGINFOD_URLS=https://debuginfod.ubuntu.com PYTHONPATH=/media/mojarras/Wiwi/sinFiltro/robot_2dof_ros2/build/control/prefix_override:/usr/lib/python3/dist-packages/colcon_core/task/python/colcon_distutils_commands:/media/mojarras/Wiwi/sinFiltro/robot_2dof_ros2/install/control/lib/python3.12/site-packages:${PYTHONPATH} /usr/bin/python3 -W ignore:setup.py install is deprecated -W ignore:easy_install command is deprecated setup.py egg_info --egg-base ../build/control build --build-base /media/mojarras/Wiwi/sinFiltro/robot_2dof_ros2/build/control/build install --record /media/mojarras/Wiwi/sinFiltro/robot_2dof_ros2/build/control/install.log --single-version-externally-managed install_data
