[1.787s] Invoking command in '/media/mojarras/Wiwi/sinFiltro/robot_2dof_ros2/control': DEBUGINFOD_URLS=https://debuginfod.ubuntu.com PYTHONPATH=/media/mojarras/Wiwi/sinFiltro/robot_2dof_ros2/build/control/prefix_override:/usr/lib/python3/dist-packages/colcon_core/task/python/colcon_distutils_commands:/media/mojarras/Wiwi/sinFiltro/robot_2dof_ros2/install/control/lib/python3.12/site-packages:${PYTHONPATH} /usr/bin/python3 -W ignore:setup.py install is deprecated -W ignore:easy_install command is deprecated setup.py egg_info --egg-base ../build/control build --build-base /media/mojarras/Wiwi/sinFiltro/robot_2dof_ros2/build/control/build install --record /media/mojarras/Wiwi/sinFiltro/robot_2dof_ros2/build/control/install.log --single-version-externally-managed install_data
[2.350s] running egg_info
[2.399s] writing ../build/control/control.egg-info/PKG-INFO
[2.399s] writing dependency_links to ../build/control/control.egg-info/dependency_links.txt
[2.399s] writing entry points to ../build/control/control.egg-info/entry_points.txt
[2.399s] writing requirements to ../build/control/control.egg-info/requires.txt
[2.400s] writing top-level names to ../build/control/control.egg-info/top_level.txt
[2.502s] reading manifest file '../build/control/control.egg-info/SOURCES.txt'
[2.503s] writing manifest file '../build/control/control.egg-info/SOURCES.txt'
[2.504s] running build
[2.504s] running build_py
[2.504s] running install
[2.515s] running install_lib
[2.565s] running install_data
[2.565s] running install_egg_info
[2.616s] removing '/media/mojarras/Wiwi/sinFiltro/robot_2dof_ros2/install/control/lib/python3.12/site-packages/control-0.0.0-py3.12.egg-info' (and everything under it)
[2.617s] Copying ../build/control/control.egg-info to /media/mojarras/Wiwi/sinFiltro/robot_2dof_ros2/install/control/lib/python3.12/site-packages/control-0.0.0-py3.12.egg-info
[2.619s] running install_scripts
[2.919s] Installing control_node script to /media/mojarras/Wiwi/sinFiltro/robot_2dof_ros2/install/control/lib/control
[2.919s] Installing inverse_kinematic script to /media/mojarras/Wiwi/sinFiltro/robot_2dof_ros2/install/control/lib/control
[2.920s] writing list of installed files to '/media/mojarras/Wiwi/sinFiltro/robot_2dof_ros2/build/control/install.log'
[2.956s] Invoked command in '/media/mojarras/Wiwi/sinFiltro/robot_2dof_ros2/control' returned '0': DEBUGINFOD_URLS=https://debuginfod.ubuntu.com PYTHONPATH=/media/mojarras/Wiwi/sinFiltro/robot_2dof_ros2/build/control/prefix_override:/usr/lib/python3/dist-packages/colcon_core/task/python/colcon_distutils_commands:/media/mojarras/Wiwi/sinFiltro/robot_2dof_ros2/install/control/lib/python3.12/site-packages:${PYTHONPATH} /usr/bin/python3 -W ignore:setup.py install is deprecated -W ignore:easy_install command is deprecated setup.py egg_info --egg-base ../build/control build --build-base /media/mojarras/Wiwi/sinFiltro/robot_2dof_ros2/build/control/build install --record /media/mojarras/Wiwi/sinFiltro/robot_2dof_ros2/build/control/install.log --single-version-externally-managed install_data
