[0.253s] DEBUG:colcon:Command line arguments: ['/usr/bin/colcon', 'build']
[0.253s] DEBUG:colcon:Parsed command line arguments: Namespace(log_base=None, log_level=None, verb_name='build', build_base='build', install_base='install', merge_install=False, symlink_install=False, test_result_base=None, continue_on_error=False, executor='parallel', parallel_workers=8, event_handlers=None, ignore_user_meta=False, metas=['./colcon.meta'], base_paths=['.'], packages_ignore=None, packages_ignore_regex=None, paths=None, packages_up_to=None, packages_up_to_regex=None, packages_above=None, packages_above_and_dependencies=None, packages_above_depth=None, packages_select_by_dep=None, packages_skip_by_dep=None, packages_skip_up_to=None, packages_select_build_failed=False, packages_skip_build_finished=False, packages_select_test_failures=False, packages_skip_test_passed=False, packages_select=None, packages_skip=None, packages_select_regex=None, packages_skip_regex=None, packages_start=None, packages_end=None, allow_overriding=[], cmake_args=None, cmake_target=None, cmake_target_skip_unavailable=False, cmake_clean_cache=False, cmake_clean_first=False, cmake_force_configure=False, ament_cmake_args=None, catkin_cmake_args=None, catkin_skip_building_tests=False, verb_parser=<colcon_defaults.argument_parser.defaults.DefaultArgumentsDecorator object at 0x74db708686e0>, verb_extension=<colcon_core.verb.build.BuildVerb object at 0x74db70868440>, main=<bound method BuildVerb.main of <colcon_core.verb.build.BuildVerb object at 0x74db70868440>>)
[0.710s] Level 1:colcon.colcon_core.package_discovery:discover_packages(colcon_meta) check parameters
[0.710s] Level 1:colcon.colcon_core.package_discovery:discover_packages(recursive) check parameters
[0.710s] Level 1:colcon.colcon_core.package_discovery:discover_packages(ignore) check parameters
[0.710s] Level 1:colcon.colcon_core.package_discovery:discover_packages(path) check parameters
[0.710s] Level 1:colcon.colcon_core.package_discovery:discover_packages(colcon_meta) discover
[0.710s] Level 1:colcon.colcon_core.package_discovery:discover_packages(recursive) discover
[0.710s] INFO:colcon.colcon_core.package_discovery:Crawling recursively for packages in '/media/mojarras/Wiwi/sinFiltro/robot_2dof_ros2'
[0.710s] Level 1:colcon.colcon_core.package_identification:_identify(.) by extensions ['ignore', 'ignore_ament_install']
[0.711s] Level 1:colcon.colcon_core.package_identification:_identify(.) by extension 'ignore'
[0.711s] Level 1:colcon.colcon_core.package_identification:_identify(.) by extension 'ignore_ament_install'
[0.711s] Level 1:colcon.colcon_core.package_identification:_identify(.) by extensions ['colcon_pkg']
[0.711s] Level 1:colcon.colcon_core.package_identification:_identify(.) by extension 'colcon_pkg'
[0.711s] Level 1:colcon.colcon_core.package_identification:_identify(.) by extensions ['colcon_meta']
[0.711s] Level 1:colcon.colcon_core.package_identification:_identify(.) by extension 'colcon_meta'
[0.711s] Level 1:colcon.colcon_core.package_identification:_identify(.) by extensions ['ros']
[0.711s] Level 1:colcon.colcon_core.package_identification:_identify(.) by extension 'ros'
[0.747s] Level 1:colcon.colcon_core.package_identification:_identify(.) by extensions ['cmake', 'python']
[0.747s] Level 1:colcon.colcon_core.package_identification:_identify(.) by extension 'cmake'
[0.747s] Level 1:colcon.colcon_core.package_identification:_identify(.) by extension 'python'
[0.747s] Level 1:colcon.colcon_core.package_identification:_identify(.) by extensions ['python_setup_py']
[0.747s] Level 1:colcon.colcon_core.package_identification:_identify(.) by extension 'python_setup_py'
[0.748s] Level 1:colcon.colcon_core.package_identification:_identify(build) by extensions ['ignore', 'ignore_ament_install']
[0.748s] Level 1:colcon.colcon_core.package_identification:_identify(build) by extension 'ignore'
[0.748s] Level 1:colcon.colcon_core.package_identification:_identify(build) ignored
[0.748s] Level 1:colcon.colcon_core.package_identification:_identify(control) by extensions ['ignore', 'ignore_ament_install']
[0.748s] Level 1:colcon.colcon_core.package_identification:_identify(control) by extension 'ignore'
[0.748s] Level 1:colcon.colcon_core.package_identification:_identify(control) by extension 'ignore_ament_install'
[0.748s] Level 1:colcon.colcon_core.package_identification:_identify(control) by extensions ['colcon_pkg']
[0.748s] Level 1:colcon.colcon_core.package_identification:_identify(control) by extension 'colcon_pkg'
[0.748s] Level 1:colcon.colcon_core.package_identification:_identify(control) by extensions ['colcon_meta']
[0.749s] Level 1:colcon.colcon_core.package_identification:_identify(control) by extension 'colcon_meta'
[0.749s] Level 1:colcon.colcon_core.package_identification:_identify(control) by extensions ['ros']
[0.749s] Level 1:colcon.colcon_core.package_identification:_identify(control) by extension 'ros'
[0.752s] DEBUG:colcon.colcon_core.package_identification:Package 'control' with type 'ros.ament_python' and name 'control'
[0.752s] Level 1:colcon.colcon_core.package_identification:_identify(install) by extensions ['ignore', 'ignore_ament_install']
[0.752s] Level 1:colcon.colcon_core.package_identification:_identify(install) by extension 'ignore'
[0.752s] Level 1:colcon.colcon_core.package_identification:_identify(install) ignored
[0.752s] Level 1:colcon.colcon_core.package_identification:_identify(kalman_filter) by extensions ['ignore', 'ignore_ament_install']
[0.752s] Level 1:colcon.colcon_core.package_identification:_identify(kalman_filter) by extension 'ignore'
[0.753s] Level 1:colcon.colcon_core.package_identification:_identify(kalman_filter) by extension 'ignore_ament_install'
[0.753s] Level 1:colcon.colcon_core.package_identification:_identify(kalman_filter) by extensions ['colcon_pkg']
[0.753s] Level 1:colcon.colcon_core.package_identification:_identify(kalman_filter) by extension 'colcon_pkg'
[0.753s] Level 1:colcon.colcon_core.package_identification:_identify(kalman_filter) by extensions ['colcon_meta']
[0.753s] Level 1:colcon.colcon_core.package_identification:_identify(kalman_filter) by extension 'colcon_meta'
[0.753s] Level 1:colcon.colcon_core.package_identification:_identify(kalman_filter) by extensions ['ros']
[0.753s] Level 1:colcon.colcon_core.package_identification:_identify(kalman_filter) by extension 'ros'
[0.754s] DEBUG:colcon.colcon_core.package_identification:Package 'kalman_filter' with type 'ros.ament_cmake' and name 'kalman_filter'
[0.754s] Level 1:colcon.colcon_core.package_identification:_identify(log) by extensions ['ignore', 'ignore_ament_install']
[0.754s] Level 1:colcon.colcon_core.package_identification:_identify(log) by extension 'ignore'
[0.754s] Level 1:colcon.colcon_core.package_identification:_identify(log) ignored
[0.754s] Level 1:colcon.colcon_core.package_identification:_identify(simulation_2dof) by extensions ['ignore', 'ignore_ament_install']
[0.754s] Level 1:colcon.colcon_core.package_identification:_identify(simulation_2dof) by extension 'ignore'
[0.755s] Level 1:colcon.colcon_core.package_identification:_identify(simulation_2dof) by extension 'ignore_ament_install'
[0.755s] Level 1:colcon.colcon_core.package_identification:_identify(simulation_2dof) by extensions ['colcon_pkg']
[0.755s] Level 1:colcon.colcon_core.package_identification:_identify(simulation_2dof) by extension 'colcon_pkg'
[0.755s] Level 1:colcon.colcon_core.package_identification:_identify(simulation_2dof) by extensions ['colcon_meta']
[0.755s] Level 1:colcon.colcon_core.package_identification:_identify(simulation_2dof) by extension 'colcon_meta'
[0.755s] Level 1:colcon.colcon_core.package_identification:_identify(simulation_2dof) by extensions ['ros']
[0.755s] Level 1:colcon.colcon_core.package_identification:_identify(simulation_2dof) by extension 'ros'
[0.756s] DEBUG:colcon.colcon_core.package_identification:Package 'simulation_2dof' with type 'ros.ament_cmake' and name 'simulation_2dof'
[0.756s] Level 1:colcon.colcon_core.package_identification:_identify(two_dof_interfaces) by extensions ['ignore', 'ignore_ament_install']
[0.756s] Level 1:colcon.colcon_core.package_identification:_identify(two_dof_interfaces) by extension 'ignore'
[0.756s] Level 1:colcon.colcon_core.package_identification:_identify(two_dof_interfaces) by extension 'ignore_ament_install'
[0.757s] Level 1:colcon.colcon_core.package_identification:_identify(two_dof_interfaces) by extensions ['colcon_pkg']
[0.757s] Level 1:colcon.colcon_core.package_identification:_identify(two_dof_interfaces) by extension 'colcon_pkg'
[0.757s] Level 1:colcon.colcon_core.package_identification:_identify(two_dof_interfaces) by extensions ['colcon_meta']
[0.757s] Level 1:colcon.colcon_core.package_identification:_identify(two_dof_interfaces) by extension 'colcon_meta'
[0.757s] Level 1:colcon.colcon_core.package_identification:_identify(two_dof_interfaces) by extensions ['ros']
[0.757s] Level 1:colcon.colcon_core.package_identification:_identify(two_dof_interfaces) by extension 'ros'
[0.759s] DEBUG:colcon.colcon_core.package_identification:Package 'two_dof_interfaces' with type 'ros.ament_cmake' and name 'two_dof_interfaces'
[0.759s] Level 1:colcon.colcon_core.package_discovery:discover_packages(recursive) using defaults
[0.759s] Level 1:colcon.colcon_core.package_discovery:discover_packages(ignore) discover
[0.759s] Level 1:colcon.colcon_core.package_discovery:discover_packages(ignore) using defaults
[0.759s] Level 1:colcon.colcon_core.package_discovery:discover_packages(path) discover
[0.759s] Level 1:colcon.colcon_core.package_discovery:discover_packages(path) using defaults
[0.786s] Level 1:colcon.colcon_core.package_discovery:discover_packages(prefix_path) check parameters
[0.786s] Level 1:colcon.colcon_core.package_discovery:discover_packages(prefix_path) discover
[0.791s] DEBUG:colcon.colcon_installed_package_information.package_discovery:Found 407 installed packages in /opt/ros/jazzy
[0.793s] Level 1:colcon.colcon_core.package_discovery:discover_packages(prefix_path) using defaults
[0.886s] Level 5:colcon.colcon_core.verb:set package 'control' build argument 'cmake_args' from command line to 'None'
[0.886s] Level 5:colcon.colcon_core.verb:set package 'control' build argument 'cmake_target' from command line to 'None'
[0.886s] Level 5:colcon.colcon_core.verb:set package 'control' build argument 'cmake_target_skip_unavailable' from command line to 'False'
[0.886s] Level 5:colcon.colcon_core.verb:set package 'control' build argument 'cmake_clean_cache' from command line to 'False'
[0.886s] Level 5:colcon.colcon_core.verb:set package 'control' build argument 'cmake_clean_first' from command line to 'False'
[0.886s] Level 5:colcon.colcon_core.verb:set package 'control' build argument 'cmake_force_configure' from command line to 'False'
[0.887s] Level 5:colcon.colcon_core.verb:set package 'control' build argument 'ament_cmake_args' from command line to 'None'
[0.887s] Level 5:colcon.colcon_core.verb:set package 'control' build argument 'catkin_cmake_args' from command line to 'None'
[0.887s] Level 5:colcon.colcon_core.verb:set package 'control' build argument 'catkin_skip_building_tests' from command line to 'False'
[0.887s] DEBUG:colcon.colcon_core.verb:Building package 'control' with the following arguments: {'ament_cmake_args': None, 'build_base': '/media/mojarras/Wiwi/sinFiltro/robot_2dof_ros2/build/control', 'catkin_cmake_args': None, 'catkin_skip_building_tests': False, 'cmake_args': None, 'cmake_clean_cache': False, 'cmake_clean_first': False, 'cmake_force_configure': False, 'cmake_target': None, 'cmake_target_skip_unavailable': False, 'install_base': '/media/mojarras/Wiwi/sinFiltro/robot_2dof_ros2/install/control', 'merge_install': False, 'path': '/media/mojarras/Wiwi/sinFiltro/robot_2dof_ros2/control', 'symlink_install': False, 'test_result_base': None}
[0.887s] Level 5:colcon.colcon_core.verb:set package 'kalman_filter' build argument 'cmake_args' from command line to 'None'
[0.887s] Level 5:colcon.colcon_core.verb:set package 'kalman_filter' build argument 'cmake_target' from command line to 'None'
[0.887s] Level 5:colcon.colcon_core.verb:set package 'kalman_filter' build argument 'cmake_target_skip_unavailable' from command line to 'False'
[0.887s] Level 5:colcon.colcon_core.verb:set package 'kalman_filter' build argument 'cmake_clean_cache' from command line to 'False'
[0.887s] Level 5:colcon.colcon_core.verb:set package 'kalman_filter' build argument 'cmake_clean_first' from command line to 'False'
[0.887s] Level 5:colcon.colcon_core.verb:set package 'kalman_filter' build argument 'cmake_force_configure' from command line to 'False'
[0.887s] Level 5:colcon.colcon_core.verb:set package 'kalman_filter' build argument 'ament_cmake_args' from command line to 'None'
[0.887s] Level 5:colcon.colcon_core.verb:set package 'kalman_filter' build argument 'catkin_cmake_args' from command line to 'None'
[0.887s] Level 5:colcon.colcon_core.verb:set package 'kalman_filter' build argument 'catkin_skip_building_tests' from command line to 'False'
[0.887s] DEBUG:colcon.colcon_core.verb:Building package 'kalman_filter' with the following arguments: {'ament_cmake_args': None, 'build_base': '/media/mojarras/Wiwi/sinFiltro/robot_2dof_ros2/build/kalman_filter', 'catkin_cmake_args': None, 'catkin_skip_building_tests': False, 'cmake_args': None, 'cmake_clean_cache': False, 'cmake_clean_first': False, 'cmake_force_configure': False, 'cmake_target': None, 'cmake_target_skip_unavailable': False, 'install_base': '/media/mojarras/Wiwi/sinFiltro/robot_2dof_ros2/install/kalman_filter', 'merge_install': False, 'path': '/media/mojarras/Wiwi/sinFiltro/robot_2dof_ros2/kalman_filter', 'symlink_install': False, 'test_result_base': None}
[0.888s] Level 5:colcon.colcon_core.verb:set package 'simulation_2dof' build argument 'cmake_args' from command line to 'None'
[0.888s] Level 5:colcon.colcon_core.verb:set package 'simulation_2dof' build argument 'cmake_target' from command line to 'None'
[0.888s] Level 5:colcon.colcon_core.verb:set package 'simulation_2dof' build argument 'cmake_target_skip_unavailable' from command line to 'False'
[0.888s] Level 5:colcon.colcon_core.verb:set package 'simulation_2dof' build argument 'cmake_clean_cache' from command line to 'False'
[0.888s] Level 5:colcon.colcon_core.verb:set package 'simulation_2dof' build argument 'cmake_clean_first' from command line to 'False'
[0.888s] Level 5:colcon.colcon_core.verb:set package 'simulation_2dof' build argument 'cmake_force_configure' from command line to 'False'
[0.888s] Level 5:colcon.colcon_core.verb:set package 'simulation_2dof' build argument 'ament_cmake_args' from command line to 'None'
[0.888s] Level 5:colcon.colcon_core.verb:set package 'simulation_2dof' build argument 'catkin_cmake_args' from command line to 'None'
[0.888s] Level 5:colcon.colcon_core.verb:set package 'simulation_2dof' build argument 'catkin_skip_building_tests' from command line to 'False'
[0.888s] DEBUG:colcon.colcon_core.verb:Building package 'simulation_2dof' with the following arguments: {'ament_cmake_args': None, 'build_base': '/media/mojarras/Wiwi/sinFiltro/robot_2dof_ros2/build/simulation_2dof', 'catkin_cmake_args': None, 'catkin_skip_building_tests': False, 'cmake_args': None, 'cmake_clean_cache': False, 'cmake_clean_first': False, 'cmake_force_configure': False, 'cmake_target': None, 'cmake_target_skip_unavailable': False, 'install_base': '/media/mojarras/Wiwi/sinFiltro/robot_2dof_ros2/install/simulation_2dof', 'merge_install': False, 'path': '/media/mojarras/Wiwi/sinFiltro/robot_2dof_ros2/simulation_2dof', 'symlink_install': False, 'test_result_base': None}
[0.888s] Level 5:colcon.colcon_core.verb:set package 'two_dof_interfaces' build argument 'cmake_args' from command line to 'None'
[0.889s] Level 5:colcon.colcon_core.verb:set package 'two_dof_interfaces' build argument 'cmake_target' from command line to 'None'
[0.889s] Level 5:colcon.colcon_core.verb:set package 'two_dof_interfaces' build argument 'cmake_target_skip_unavailable' from command line to 'False'
[0.889s] Level 5:colcon.colcon_core.verb:set package 'two_dof_interfaces' build argument 'cmake_clean_cache' from command line to 'False'
[0.889s] Level 5:colcon.colcon_core.verb:set package 'two_dof_interfaces' build argument 'cmake_clean_first' from command line to 'False'
[0.889s] Level 5:colcon.colcon_core.verb:set package 'two_dof_interfaces' build argument 'cmake_force_configure' from command line to 'False'
[0.889s] Level 5:colcon.colcon_core.verb:set package 'two_dof_interfaces' build argument 'ament_cmake_args' from command line to 'None'
[0.889s] Level 5:colcon.colcon_core.verb:set package 'two_dof_interfaces' build argument 'catkin_cmake_args' from command line to 'None'
[0.889s] Level 5:colcon.colcon_core.verb:set package 'two_dof_interfaces' build argument 'catkin_skip_building_tests' from command line to 'False'
[0.889s] DEBUG:colcon.colcon_core.verb:Building package 'two_dof_interfaces' with the following arguments: {'ament_cmake_args': None, 'build_base': '/media/mojarras/Wiwi/sinFiltro/robot_2dof_ros2/build/two_dof_interfaces', 'catkin_cmake_args': None, 'catkin_skip_building_tests': False, 'cmake_args': None, 'cmake_clean_cache': False, 'cmake_clean_first': False, 'cmake_force_configure': False, 'cmake_target': None, 'cmake_target_skip_unavailable': False, 'install_base': '/media/mojarras/Wiwi/sinFiltro/robot_2dof_ros2/install/two_dof_interfaces', 'merge_install': False, 'path': '/media/mojarras/Wiwi/sinFiltro/robot_2dof_ros2/two_dof_interfaces', 'symlink_install': False, 'test_result_base': None}
[0.889s] INFO:colcon.colcon_core.executor:Executing jobs using 'parallel' executor
[0.890s] DEBUG:colcon.colcon_parallel_executor.executor.parallel:run_until_complete
[0.890s] INFO:colcon.colcon_ros.task.ament_python.build:Building ROS package in '/media/mojarras/Wiwi/sinFiltro/robot_2dof_ros2/control' with build type 'ament_python'
[0.890s] Level 1:colcon.colcon_core.shell:create_environment_hook('control', 'ament_prefix_path')
[0.895s] INFO:colcon.colcon_core.plugin_system:Skipping extension 'colcon_core.shell.bat': Not used on non-Windows systems
[0.895s] INFO:colcon.colcon_core.shell:Creating environment hook '/media/mojarras/Wiwi/sinFiltro/robot_2dof_ros2/install/control/share/control/hook/ament_prefix_path.ps1'
[0.897s] INFO:colcon.colcon_core.shell:Creating environment descriptor '/media/mojarras/Wiwi/sinFiltro/robot_2dof_ros2/install/control/share/control/hook/ament_prefix_path.dsv'
[0.897s] INFO:colcon.colcon_core.shell:Creating environment hook '/media/mojarras/Wiwi/sinFiltro/robot_2dof_ros2/install/control/share/control/hook/ament_prefix_path.sh'
[0.898s] INFO:colcon.colcon_core.shell:Skip shell extension 'powershell' for command environment: Not usable outside of PowerShell
[0.898s] DEBUG:colcon.colcon_core.shell:Skip shell extension 'dsv' for command environment
[0.990s] INFO:colcon.colcon_ros.task.ament_cmake.build:Building ROS package in '/media/mojarras/Wiwi/sinFiltro/robot_2dof_ros2/kalman_filter' with build type 'ament_cmake'
[0.990s] INFO:colcon.colcon_cmake.task.cmake.build:Building CMake package in '/media/mojarras/Wiwi/sinFiltro/robot_2dof_ros2/kalman_filter'
[0.991s] INFO:colcon.colcon_core.shell:Skip shell extension 'powershell' for command environment: Not usable outside of PowerShell
[0.991s] DEBUG:colcon.colcon_core.shell:Skip shell extension 'dsv' for command environment
[0.999s] INFO:colcon.colcon_ros.task.ament_cmake.build:Building ROS package in '/media/mojarras/Wiwi/sinFiltro/robot_2dof_ros2/simulation_2dof' with build type 'ament_cmake'
[0.999s] INFO:colcon.colcon_cmake.task.cmake.build:Building CMake package in '/media/mojarras/Wiwi/sinFiltro/robot_2dof_ros2/simulation_2dof'
[1.000s] INFO:colcon.colcon_core.shell:Skip shell extension 'powershell' for command environment: Not usable outside of PowerShell
[1.000s] DEBUG:colcon.colcon_core.shell:Skip shell extension 'dsv' for command environment
[1.005s] INFO:colcon.colcon_ros.task.ament_cmake.build:Building ROS package in '/media/mojarras/Wiwi/sinFiltro/robot_2dof_ros2/two_dof_interfaces' with build type 'ament_cmake'
[1.006s] INFO:colcon.colcon_cmake.task.cmake.build:Building CMake package in '/media/mojarras/Wiwi/sinFiltro/robot_2dof_ros2/two_dof_interfaces'
[1.006s] INFO:colcon.colcon_core.shell:Skip shell extension 'powershell' for command environment: Not usable outside of PowerShell
[1.006s] DEBUG:colcon.colcon_core.shell:Skip shell extension 'dsv' for command environment
[1.415s] INFO:colcon.colcon_core.task.python.build:Building Python package in '/media/mojarras/Wiwi/sinFiltro/robot_2dof_ros2/control'
[1.415s] INFO:colcon.colcon_core.shell:Skip shell extension 'powershell' for command environment: Not usable outside of PowerShell
[1.415s] DEBUG:colcon.colcon_core.shell:Skip shell extension 'dsv' for command environment
[1.569s] DEBUG:colcon.colcon_core.event_handler.log_command:Invoking command in '/media/mojarras/Wiwi/sinFiltro/robot_2dof_ros2/build/kalman_filter': CMAKE_PREFIX_PATH=${CMAKE_PREFIX_PATH}:/opt/ros/jazzy DEBUGINFOD_URLS=https://debuginfod.ubuntu.com /usr/bin/cmake /media/mojarras/Wiwi/sinFiltro/robot_2dof_ros2/kalman_filter -DCMAKE_INSTALL_PREFIX=/media/mojarras/Wiwi/sinFiltro/robot_2dof_ros2/install/kalman_filter
[1.571s] DEBUG:colcon.colcon_core.event_handler.log_command:Invoking command in '/media/mojarras/Wiwi/sinFiltro/robot_2dof_ros2/build/simulation_2dof': CMAKE_PREFIX_PATH=${CMAKE_PREFIX_PATH}:/opt/ros/jazzy DEBUGINFOD_URLS=https://debuginfod.ubuntu.com /usr/bin/cmake /media/mojarras/Wiwi/sinFiltro/robot_2dof_ros2/simulation_2dof -DCMAKE_INSTALL_PREFIX=/media/mojarras/Wiwi/sinFiltro/robot_2dof_ros2/install/simulation_2dof
[1.585s] DEBUG:colcon.colcon_core.event_handler.log_command:Invoking command in '/media/mojarras/Wiwi/sinFiltro/robot_2dof_ros2/build/two_dof_interfaces': CMAKE_PREFIX_PATH=${CMAKE_PREFIX_PATH}:/opt/ros/jazzy DEBUGINFOD_URLS=https://debuginfod.ubuntu.com /usr/bin/cmake /media/mojarras/Wiwi/sinFiltro/robot_2dof_ros2/two_dof_interfaces -DCMAKE_INSTALL_PREFIX=/media/mojarras/Wiwi/sinFiltro/robot_2dof_ros2/install/two_dof_interfaces
[2.985s] DEBUG:colcon.colcon_core.event_handler.log_command:Invoked command in '/media/mojarras/Wiwi/sinFiltro/robot_2dof_ros2/build/simulation_2dof' returned '0': CMAKE_PREFIX_PATH=${CMAKE_PREFIX_PATH}:/opt/ros/jazzy DEBUGINFOD_URLS=https://debuginfod.ubuntu.com /usr/bin/cmake /media/mojarras/Wiwi/sinFiltro/robot_2dof_ros2/simulation_2dof -DCMAKE_INSTALL_PREFIX=/media/mojarras/Wiwi/sinFiltro/robot_2dof_ros2/install/simulation_2dof
[2.988s] DEBUG:colcon.colcon_core.event_handler.log_command:Invoking command in '/media/mojarras/Wiwi/sinFiltro/robot_2dof_ros2/build/simulation_2dof': CMAKE_PREFIX_PATH=${CMAKE_PREFIX_PATH}:/opt/ros/jazzy DEBUGINFOD_URLS=https://debuginfod.ubuntu.com /usr/bin/cmake --build /media/mojarras/Wiwi/sinFiltro/robot_2dof_ros2/build/simulation_2dof -- -j8 -l8
[3.088s] DEBUG:colcon.colcon_core.event_handler.log_command:Invoked command in '/media/mojarras/Wiwi/sinFiltro/robot_2dof_ros2/build/simulation_2dof' returned '0': CMAKE_PREFIX_PATH=${CMAKE_PREFIX_PATH}:/opt/ros/jazzy DEBUGINFOD_URLS=https://debuginfod.ubuntu.com /usr/bin/cmake --build /media/mojarras/Wiwi/sinFiltro/robot_2dof_ros2/build/simulation_2dof -- -j8 -l8
[3.106s] DEBUG:colcon.colcon_core.event_handler.log_command:Invoking command in '/media/mojarras/Wiwi/sinFiltro/robot_2dof_ros2/build/simulation_2dof': CMAKE_PREFIX_PATH=${CMAKE_PREFIX_PATH}:/opt/ros/jazzy DEBUGINFOD_URLS=https://debuginfod.ubuntu.com /usr/bin/cmake --install /media/mojarras/Wiwi/sinFiltro/robot_2dof_ros2/build/simulation_2dof
[3.111s] DEBUG:colcon.colcon_core.event_handler.log_command:Invoking command in '/media/mojarras/Wiwi/sinFiltro/robot_2dof_ros2/control': DEBUGINFOD_URLS=https://debuginfod.ubuntu.com PYTHONPATH=/media/mojarras/Wiwi/sinFiltro/robot_2dof_ros2/build/control/prefix_override:/usr/lib/python3/dist-packages/colcon_core/task/python/colcon_distutils_commands:/media/mojarras/Wiwi/sinFiltro/robot_2dof_ros2/install/control/lib/python3.12/site-packages:${PYTHONPATH} /usr/bin/python3 -W ignore:setup.py install is deprecated -W ignore:easy_install command is deprecated setup.py egg_info --egg-base ../build/control build --build-base /media/mojarras/Wiwi/sinFiltro/robot_2dof_ros2/build/control/build install --record /media/mojarras/Wiwi/sinFiltro/robot_2dof_ros2/build/control/install.log --single-version-externally-managed install_data
[3.155s] Level 1:colcon.colcon_core.environment:create_environment_scripts_only(simulation_2dof)
[3.157s] DEBUG:colcon.colcon_core.event_handler.log_command:Invoked command in '/media/mojarras/Wiwi/sinFiltro/robot_2dof_ros2/build/simulation_2dof' returned '0': CMAKE_PREFIX_PATH=${CMAKE_PREFIX_PATH}:/opt/ros/jazzy DEBUGINFOD_URLS=https://debuginfod.ubuntu.com /usr/bin/cmake --install /media/mojarras/Wiwi/sinFiltro/robot_2dof_ros2/build/simulation_2dof
[3.166s] Level 1:colcon.colcon_core.environment:checking '/media/mojarras/Wiwi/sinFiltro/robot_2dof_ros2/install/simulation_2dof' for CMake module files
[3.168s] Level 1:colcon.colcon_core.environment:checking '/media/mojarras/Wiwi/sinFiltro/robot_2dof_ros2/install/simulation_2dof' for CMake config files
[3.168s] Level 1:colcon.colcon_core.shell:create_environment_hook('simulation_2dof', 'cmake_prefix_path')
[3.169s] INFO:colcon.colcon_core.shell:Creating environment hook '/media/mojarras/Wiwi/sinFiltro/robot_2dof_ros2/install/simulation_2dof/share/simulation_2dof/hook/cmake_prefix_path.ps1'
[3.171s] INFO:colcon.colcon_core.shell:Creating environment descriptor '/media/mojarras/Wiwi/sinFiltro/robot_2dof_ros2/install/simulation_2dof/share/simulation_2dof/hook/cmake_prefix_path.dsv'
[3.172s] INFO:colcon.colcon_core.shell:Creating environment hook '/media/mojarras/Wiwi/sinFiltro/robot_2dof_ros2/install/simulation_2dof/share/simulation_2dof/hook/cmake_prefix_path.sh'
[3.174s] Level 1:colcon.colcon_core.environment:checking '/media/mojarras/Wiwi/sinFiltro/robot_2dof_ros2/install/simulation_2dof/bin'
[3.174s] Level 1:colcon.colcon_core.environment:checking '/media/mojarras/Wiwi/sinFiltro/robot_2dof_ros2/install/simulation_2dof/lib/pkgconfig/simulation_2dof.pc'
[3.175s] Level 1:colcon.colcon_core.environment:checking '/media/mojarras/Wiwi/sinFiltro/robot_2dof_ros2/install/simulation_2dof/lib/python3.12/site-packages'
[3.176s] Level 1:colcon.colcon_core.environment:checking '/media/mojarras/Wiwi/sinFiltro/robot_2dof_ros2/install/simulation_2dof/bin'
[3.177s] INFO:colcon.colcon_core.shell:Creating package script '/media/mojarras/Wiwi/sinFiltro/robot_2dof_ros2/install/simulation_2dof/share/simulation_2dof/package.ps1'
[3.178s] INFO:colcon.colcon_core.shell:Creating package descriptor '/media/mojarras/Wiwi/sinFiltro/robot_2dof_ros2/install/simulation_2dof/share/simulation_2dof/package.dsv'
[3.179s] INFO:colcon.colcon_core.shell:Creating package script '/media/mojarras/Wiwi/sinFiltro/robot_2dof_ros2/install/simulation_2dof/share/simulation_2dof/package.sh'
[3.182s] INFO:colcon.colcon_core.shell:Creating package script '/media/mojarras/Wiwi/sinFiltro/robot_2dof_ros2/install/simulation_2dof/share/simulation_2dof/package.bash'
[3.184s] INFO:colcon.colcon_core.shell:Creating package script '/media/mojarras/Wiwi/sinFiltro/robot_2dof_ros2/install/simulation_2dof/share/simulation_2dof/package.zsh'
[3.186s] Level 1:colcon.colcon_core.environment:create_file_with_runtime_dependencies(/media/mojarras/Wiwi/sinFiltro/robot_2dof_ros2/install/simulation_2dof/share/colcon-core/packages/simulation_2dof)
[3.187s] Level 1:colcon.colcon_core.environment:create_environment_scripts_only(simulation_2dof)
[3.188s] Level 1:colcon.colcon_core.environment:checking '/media/mojarras/Wiwi/sinFiltro/robot_2dof_ros2/install/simulation_2dof' for CMake module files
[3.189s] Level 1:colcon.colcon_core.environment:checking '/media/mojarras/Wiwi/sinFiltro/robot_2dof_ros2/install/simulation_2dof' for CMake config files
[3.190s] Level 1:colcon.colcon_core.shell:create_environment_hook('simulation_2dof', 'cmake_prefix_path')
[3.190s] INFO:colcon.colcon_core.shell:Creating environment hook '/media/mojarras/Wiwi/sinFiltro/robot_2dof_ros2/install/simulation_2dof/share/simulation_2dof/hook/cmake_prefix_path.ps1'
[3.191s] INFO:colcon.colcon_core.shell:Creating environment descriptor '/media/mojarras/Wiwi/sinFiltro/robot_2dof_ros2/install/simulation_2dof/share/simulation_2dof/hook/cmake_prefix_path.dsv'
[3.192s] INFO:colcon.colcon_core.shell:Creating environment hook '/media/mojarras/Wiwi/sinFiltro/robot_2dof_ros2/install/simulation_2dof/share/simulation_2dof/hook/cmake_prefix_path.sh'
[3.193s] Level 1:colcon.colcon_core.environment:checking '/media/mojarras/Wiwi/sinFiltro/robot_2dof_ros2/install/simulation_2dof/bin'
[3.193s] Level 1:colcon.colcon_core.environment:checking '/media/mojarras/Wiwi/sinFiltro/robot_2dof_ros2/install/simulation_2dof/lib/pkgconfig/simulation_2dof.pc'
[3.194s] Level 1:colcon.colcon_core.environment:checking '/media/mojarras/Wiwi/sinFiltro/robot_2dof_ros2/install/simulation_2dof/lib/python3.12/site-packages'
[3.195s] Level 1:colcon.colcon_core.environment:checking '/media/mojarras/Wiwi/sinFiltro/robot_2dof_ros2/install/simulation_2dof/bin'
[3.196s] INFO:colcon.colcon_core.shell:Creating package script '/media/mojarras/Wiwi/sinFiltro/robot_2dof_ros2/install/simulation_2dof/share/simulation_2dof/package.ps1'
[3.197s] INFO:colcon.colcon_core.shell:Creating package descriptor '/media/mojarras/Wiwi/sinFiltro/robot_2dof_ros2/install/simulation_2dof/share/simulation_2dof/package.dsv'
[3.198s] INFO:colcon.colcon_core.shell:Creating package script '/media/mojarras/Wiwi/sinFiltro/robot_2dof_ros2/install/simulation_2dof/share/simulation_2dof/package.sh'
[3.199s] INFO:colcon.colcon_core.shell:Creating package script '/media/mojarras/Wiwi/sinFiltro/robot_2dof_ros2/install/simulation_2dof/share/simulation_2dof/package.bash'
[3.200s] INFO:colcon.colcon_core.shell:Creating package script '/media/mojarras/Wiwi/sinFiltro/robot_2dof_ros2/install/simulation_2dof/share/simulation_2dof/package.zsh'
[3.201s] Level 1:colcon.colcon_core.environment:create_file_with_runtime_dependencies(/media/mojarras/Wiwi/sinFiltro/robot_2dof_ros2/install/simulation_2dof/share/colcon-core/packages/simulation_2dof)
[4.092s] DEBUG:colcon.colcon_core.event_handler.log_command:Invoked command in '/media/mojarras/Wiwi/sinFiltro/robot_2dof_ros2/build/kalman_filter' returned '0': CMAKE_PREFIX_PATH=${CMAKE_PREFIX_PATH}:/opt/ros/jazzy DEBUGINFOD_URLS=https://debuginfod.ubuntu.com /usr/bin/cmake /media/mojarras/Wiwi/sinFiltro/robot_2dof_ros2/kalman_filter -DCMAKE_INSTALL_PREFIX=/media/mojarras/Wiwi/sinFiltro/robot_2dof_ros2/install/kalman_filter
[4.094s] DEBUG:colcon.colcon_core.event_handler.log_command:Invoking command in '/media/mojarras/Wiwi/sinFiltro/robot_2dof_ros2/build/kalman_filter': CMAKE_PREFIX_PATH=${CMAKE_PREFIX_PATH}:/opt/ros/jazzy DEBUGINFOD_URLS=https://debuginfod.ubuntu.com /usr/bin/cmake --build /media/mojarras/Wiwi/sinFiltro/robot_2dof_ros2/build/kalman_filter -- -j8 -l8
[4.409s] Level 1:colcon.colcon_core.environment:checking '/media/mojarras/Wiwi/sinFiltro/robot_2dof_ros2/install/control' for CMake module files
[4.410s] DEBUG:colcon.colcon_core.event_handler.log_command:Invoked command in '/media/mojarras/Wiwi/sinFiltro/robot_2dof_ros2/control' returned '0': DEBUGINFOD_URLS=https://debuginfod.ubuntu.com PYTHONPATH=/media/mojarras/Wiwi/sinFiltro/robot_2dof_ros2/build/control/prefix_override:/usr/lib/python3/dist-packages/colcon_core/task/python/colcon_distutils_commands:/media/mojarras/Wiwi/sinFiltro/robot_2dof_ros2/install/control/lib/python3.12/site-packages:${PYTHONPATH} /usr/bin/python3 -W ignore:setup.py install is deprecated -W ignore:easy_install command is deprecated setup.py egg_info --egg-base ../build/control build --build-base /media/mojarras/Wiwi/sinFiltro/robot_2dof_ros2/build/control/build install --record /media/mojarras/Wiwi/sinFiltro/robot_2dof_ros2/build/control/install.log --single-version-externally-managed install_data
[4.410s] Level 1:colcon.colcon_core.environment:checking '/media/mojarras/Wiwi/sinFiltro/robot_2dof_ros2/install/control' for CMake config files
[4.411s] Level 1:colcon.colcon_core.environment:checking '/media/mojarras/Wiwi/sinFiltro/robot_2dof_ros2/install/control/lib'
[4.411s] Level 1:colcon.colcon_core.environment:checking '/media/mojarras/Wiwi/sinFiltro/robot_2dof_ros2/install/control/bin'
[4.412s] Level 1:colcon.colcon_core.environment:checking '/media/mojarras/Wiwi/sinFiltro/robot_2dof_ros2/install/control/lib/pkgconfig/control.pc'
[4.412s] Level 1:colcon.colcon_core.environment:checking '/media/mojarras/Wiwi/sinFiltro/robot_2dof_ros2/install/control/lib/python3.12/site-packages'
[4.412s] Level 1:colcon.colcon_core.shell:create_environment_hook('control', 'pythonpath')
[4.412s] INFO:colcon.colcon_core.shell:Creating environment hook '/media/mojarras/Wiwi/sinFiltro/robot_2dof_ros2/install/control/share/control/hook/pythonpath.ps1'
[4.413s] INFO:colcon.colcon_core.shell:Creating environment descriptor '/media/mojarras/Wiwi/sinFiltro/robot_2dof_ros2/install/control/share/control/hook/pythonpath.dsv'
[4.413s] INFO:colcon.colcon_core.shell:Creating environment hook '/media/mojarras/Wiwi/sinFiltro/robot_2dof_ros2/install/control/share/control/hook/pythonpath.sh'
[4.414s] Level 1:colcon.colcon_core.environment:checking '/media/mojarras/Wiwi/sinFiltro/robot_2dof_ros2/install/control/bin'
[4.414s] Level 1:colcon.colcon_core.environment:create_environment_scripts_only(control)
[4.415s] INFO:colcon.colcon_core.shell:Creating package script '/media/mojarras/Wiwi/sinFiltro/robot_2dof_ros2/install/control/share/control/package.ps1'
[4.415s] INFO:colcon.colcon_core.shell:Creating package descriptor '/media/mojarras/Wiwi/sinFiltro/robot_2dof_ros2/install/control/share/control/package.dsv'
[4.416s] INFO:colcon.colcon_core.shell:Creating package script '/media/mojarras/Wiwi/sinFiltro/robot_2dof_ros2/install/control/share/control/package.sh'
[4.416s] INFO:colcon.colcon_core.shell:Creating package script '/media/mojarras/Wiwi/sinFiltro/robot_2dof_ros2/install/control/share/control/package.bash'
[4.417s] INFO:colcon.colcon_core.shell:Creating package script '/media/mojarras/Wiwi/sinFiltro/robot_2dof_ros2/install/control/share/control/package.zsh'
[4.417s] Level 1:colcon.colcon_core.environment:create_file_with_runtime_dependencies(/media/mojarras/Wiwi/sinFiltro/robot_2dof_ros2/install/control/share/colcon-core/packages/control)
[7.154s] DEBUG:colcon.colcon_core.event_handler.log_command:Invoked command in '/media/mojarras/Wiwi/sinFiltro/robot_2dof_ros2/build/two_dof_interfaces' returned '0': CMAKE_PREFIX_PATH=${CMAKE_PREFIX_PATH}:/opt/ros/jazzy DEBUGINFOD_URLS=https://debuginfod.ubuntu.com /usr/bin/cmake /media/mojarras/Wiwi/sinFiltro/robot_2dof_ros2/two_dof_interfaces -DCMAKE_INSTALL_PREFIX=/media/mojarras/Wiwi/sinFiltro/robot_2dof_ros2/install/two_dof_interfaces
[7.155s] DEBUG:colcon.colcon_core.event_handler.log_command:Invoking command in '/media/mojarras/Wiwi/sinFiltro/robot_2dof_ros2/build/two_dof_interfaces': CMAKE_PREFIX_PATH=${CMAKE_PREFIX_PATH}:/opt/ros/jazzy DEBUGINFOD_URLS=https://debuginfod.ubuntu.com /usr/bin/cmake --build /media/mojarras/Wiwi/sinFiltro/robot_2dof_ros2/build/two_dof_interfaces -- -j8 -l8
[12.501s] DEBUG:colcon.colcon_core.event_handler.log_command:Invoked command in '/media/mojarras/Wiwi/sinFiltro/robot_2dof_ros2/build/two_dof_interfaces' returned '0': CMAKE_PREFIX_PATH=${CMAKE_PREFIX_PATH}:/opt/ros/jazzy DEBUGINFOD_URLS=https://debuginfod.ubuntu.com /usr/bin/cmake --build /media/mojarras/Wiwi/sinFiltro/robot_2dof_ros2/build/two_dof_interfaces -- -j8 -l8
[12.503s] DEBUG:colcon.colcon_core.event_handler.log_command:Invoking command in '/media/mojarras/Wiwi/sinFiltro/robot_2dof_ros2/build/two_dof_interfaces': CMAKE_PREFIX_PATH=${CMAKE_PREFIX_PATH}:/opt/ros/jazzy DEBUGINFOD_URLS=https://debuginfod.ubuntu.com /usr/bin/cmake --install /media/mojarras/Wiwi/sinFiltro/robot_2dof_ros2/build/two_dof_interfaces
[12.626s] Level 1:colcon.colcon_core.environment:create_environment_scripts_only(two_dof_interfaces)
[12.626s] DEBUG:colcon.colcon_core.event_handler.log_command:Invoked command in '/media/mojarras/Wiwi/sinFiltro/robot_2dof_ros2/build/two_dof_interfaces' returned '0': CMAKE_PREFIX_PATH=${CMAKE_PREFIX_PATH}:/opt/ros/jazzy DEBUGINFOD_URLS=https://debuginfod.ubuntu.com /usr/bin/cmake --install /media/mojarras/Wiwi/sinFiltro/robot_2dof_ros2/build/two_dof_interfaces
[12.627s] Level 1:colcon.colcon_core.environment:checking '/media/mojarras/Wiwi/sinFiltro/robot_2dof_ros2/install/two_dof_interfaces' for CMake module files
[12.628s] Level 1:colcon.colcon_core.environment:checking '/media/mojarras/Wiwi/sinFiltro/robot_2dof_ros2/install/two_dof_interfaces' for CMake config files
[12.628s] Level 1:colcon.colcon_core.shell:create_environment_hook('two_dof_interfaces', 'cmake_prefix_path')
[12.629s] INFO:colcon.colcon_core.shell:Creating environment hook '/media/mojarras/Wiwi/sinFiltro/robot_2dof_ros2/install/two_dof_interfaces/share/two_dof_interfaces/hook/cmake_prefix_path.ps1'
[12.629s] INFO:colcon.colcon_core.shell:Creating environment descriptor '/media/mojarras/Wiwi/sinFiltro/robot_2dof_ros2/install/two_dof_interfaces/share/two_dof_interfaces/hook/cmake_prefix_path.dsv'
[12.630s] INFO:colcon.colcon_core.shell:Creating environment hook '/media/mojarras/Wiwi/sinFiltro/robot_2dof_ros2/install/two_dof_interfaces/share/two_dof_interfaces/hook/cmake_prefix_path.sh'
[12.631s] Level 1:colcon.colcon_core.environment:checking '/media/mojarras/Wiwi/sinFiltro/robot_2dof_ros2/install/two_dof_interfaces/lib'
[12.631s] Level 1:colcon.colcon_core.shell:create_environment_hook('two_dof_interfaces', 'ld_library_path_lib')
[12.631s] INFO:colcon.colcon_core.shell:Creating environment hook '/media/mojarras/Wiwi/sinFiltro/robot_2dof_ros2/install/two_dof_interfaces/share/two_dof_interfaces/hook/ld_library_path_lib.ps1'
[12.632s] INFO:colcon.colcon_core.shell:Creating environment descriptor '/media/mojarras/Wiwi/sinFiltro/robot_2dof_ros2/install/two_dof_interfaces/share/two_dof_interfaces/hook/ld_library_path_lib.dsv'
[12.632s] INFO:colcon.colcon_core.shell:Creating environment hook '/media/mojarras/Wiwi/sinFiltro/robot_2dof_ros2/install/two_dof_interfaces/share/two_dof_interfaces/hook/ld_library_path_lib.sh'
[12.633s] Level 1:colcon.colcon_core.environment:checking '/media/mojarras/Wiwi/sinFiltro/robot_2dof_ros2/install/two_dof_interfaces/bin'
[12.633s] Level 1:colcon.colcon_core.environment:checking '/media/mojarras/Wiwi/sinFiltro/robot_2dof_ros2/install/two_dof_interfaces/lib/pkgconfig/two_dof_interfaces.pc'
[12.633s] Level 1:colcon.colcon_core.environment:checking '/media/mojarras/Wiwi/sinFiltro/robot_2dof_ros2/install/two_dof_interfaces/lib/python3.12/site-packages'
[12.633s] Level 1:colcon.colcon_core.shell:create_environment_hook('two_dof_interfaces', 'pythonpath')
[12.634s] INFO:colcon.colcon_core.shell:Creating environment hook '/media/mojarras/Wiwi/sinFiltro/robot_2dof_ros2/install/two_dof_interfaces/share/two_dof_interfaces/hook/pythonpath.ps1'
[12.634s] INFO:colcon.colcon_core.shell:Creating environment descriptor '/media/mojarras/Wiwi/sinFiltro/robot_2dof_ros2/install/two_dof_interfaces/share/two_dof_interfaces/hook/pythonpath.dsv'
[12.634s] INFO:colcon.colcon_core.shell:Creating environment hook '/media/mojarras/Wiwi/sinFiltro/robot_2dof_ros2/install/two_dof_interfaces/share/two_dof_interfaces/hook/pythonpath.sh'
[12.635s] Level 1:colcon.colcon_core.environment:checking '/media/mojarras/Wiwi/sinFiltro/robot_2dof_ros2/install/two_dof_interfaces/bin'
[12.636s] INFO:colcon.colcon_core.shell:Creating package script '/media/mojarras/Wiwi/sinFiltro/robot_2dof_ros2/install/two_dof_interfaces/share/two_dof_interfaces/package.ps1'
[12.637s] INFO:colcon.colcon_core.shell:Creating package descriptor '/media/mojarras/Wiwi/sinFiltro/robot_2dof_ros2/install/two_dof_interfaces/share/two_dof_interfaces/package.dsv'
[12.637s] INFO:colcon.colcon_core.shell:Creating package script '/media/mojarras/Wiwi/sinFiltro/robot_2dof_ros2/install/two_dof_interfaces/share/two_dof_interfaces/package.sh'
[12.638s] INFO:colcon.colcon_core.shell:Creating package script '/media/mojarras/Wiwi/sinFiltro/robot_2dof_ros2/install/two_dof_interfaces/share/two_dof_interfaces/package.bash'
[12.638s] INFO:colcon.colcon_core.shell:Creating package script '/media/mojarras/Wiwi/sinFiltro/robot_2dof_ros2/install/two_dof_interfaces/share/two_dof_interfaces/package.zsh'
[12.639s] Level 1:colcon.colcon_core.environment:create_file_with_runtime_dependencies(/media/mojarras/Wiwi/sinFiltro/robot_2dof_ros2/install/two_dof_interfaces/share/colcon-core/packages/two_dof_interfaces)
[12.640s] Level 1:colcon.colcon_core.environment:create_environment_scripts_only(two_dof_interfaces)
[12.640s] Level 1:colcon.colcon_core.environment:checking '/media/mojarras/Wiwi/sinFiltro/robot_2dof_ros2/install/two_dof_interfaces' for CMake module files
[12.641s] Level 1:colcon.colcon_core.environment:checking '/media/mojarras/Wiwi/sinFiltro/robot_2dof_ros2/install/two_dof_interfaces' for CMake config files
[12.642s] Level 1:colcon.colcon_core.shell:create_environment_hook('two_dof_interfaces', 'cmake_prefix_path')
[12.642s] INFO:colcon.colcon_core.shell:Creating environment hook '/media/mojarras/Wiwi/sinFiltro/robot_2dof_ros2/install/two_dof_interfaces/share/two_dof_interfaces/hook/cmake_prefix_path.ps1'
[12.643s] INFO:colcon.colcon_core.shell:Creating environment descriptor '/media/mojarras/Wiwi/sinFiltro/robot_2dof_ros2/install/two_dof_interfaces/share/two_dof_interfaces/hook/cmake_prefix_path.dsv'
[12.643s] INFO:colcon.colcon_core.shell:Creating environment hook '/media/mojarras/Wiwi/sinFiltro/robot_2dof_ros2/install/two_dof_interfaces/share/two_dof_interfaces/hook/cmake_prefix_path.sh'
[12.644s] Level 1:colcon.colcon_core.environment:checking '/media/mojarras/Wiwi/sinFiltro/robot_2dof_ros2/install/two_dof_interfaces/lib'
[12.644s] Level 1:colcon.colcon_core.shell:create_environment_hook('two_dof_interfaces', 'ld_library_path_lib')
[12.644s] INFO:colcon.colcon_core.shell:Creating environment hook '/media/mojarras/Wiwi/sinFiltro/robot_2dof_ros2/install/two_dof_interfaces/share/two_dof_interfaces/hook/ld_library_path_lib.ps1'
[12.645s] INFO:colcon.colcon_core.shell:Creating environment descriptor '/media/mojarras/Wiwi/sinFiltro/robot_2dof_ros2/install/two_dof_interfaces/share/two_dof_interfaces/hook/ld_library_path_lib.dsv'
[12.645s] INFO:colcon.colcon_core.shell:Creating environment hook '/media/mojarras/Wiwi/sinFiltro/robot_2dof_ros2/install/two_dof_interfaces/share/two_dof_interfaces/hook/ld_library_path_lib.sh'
[12.646s] Level 1:colcon.colcon_core.environment:checking '/media/mojarras/Wiwi/sinFiltro/robot_2dof_ros2/install/two_dof_interfaces/bin'
[12.646s] Level 1:colcon.colcon_core.environment:checking '/media/mojarras/Wiwi/sinFiltro/robot_2dof_ros2/install/two_dof_interfaces/lib/pkgconfig/two_dof_interfaces.pc'
[12.646s] Level 1:colcon.colcon_core.environment:checking '/media/mojarras/Wiwi/sinFiltro/robot_2dof_ros2/install/two_dof_interfaces/lib/python3.12/site-packages'
[12.646s] Level 1:colcon.colcon_core.shell:create_environment_hook('two_dof_interfaces', 'pythonpath')
[12.647s] INFO:colcon.colcon_core.shell:Creating environment hook '/media/mojarras/Wiwi/sinFiltro/robot_2dof_ros2/install/two_dof_interfaces/share/two_dof_interfaces/hook/pythonpath.ps1'
[12.647s] INFO:colcon.colcon_core.shell:Creating environment descriptor '/media/mojarras/Wiwi/sinFiltro/robot_2dof_ros2/install/two_dof_interfaces/share/two_dof_interfaces/hook/pythonpath.dsv'
[12.647s] INFO:colcon.colcon_core.shell:Creating environment hook '/media/mojarras/Wiwi/sinFiltro/robot_2dof_ros2/install/two_dof_interfaces/share/two_dof_interfaces/hook/pythonpath.sh'
[12.648s] Level 1:colcon.colcon_core.environment:checking '/media/mojarras/Wiwi/sinFiltro/robot_2dof_ros2/install/two_dof_interfaces/bin'
[12.649s] INFO:colcon.colcon_core.shell:Creating package script '/media/mojarras/Wiwi/sinFiltro/robot_2dof_ros2/install/two_dof_interfaces/share/two_dof_interfaces/package.ps1'
[12.650s] INFO:colcon.colcon_core.shell:Creating package descriptor '/media/mojarras/Wiwi/sinFiltro/robot_2dof_ros2/install/two_dof_interfaces/share/two_dof_interfaces/package.dsv'
[12.650s] INFO:colcon.colcon_core.shell:Creating package script '/media/mojarras/Wiwi/sinFiltro/robot_2dof_ros2/install/two_dof_interfaces/share/two_dof_interfaces/package.sh'
[12.651s] INFO:colcon.colcon_core.shell:Creating package script '/media/mojarras/Wiwi/sinFiltro/robot_2dof_ros2/install/two_dof_interfaces/share/two_dof_interfaces/package.bash'
[12.652s] INFO:colcon.colcon_core.shell:Creating package script '/media/mojarras/Wiwi/sinFiltro/robot_2dof_ros2/install/two_dof_interfaces/share/two_dof_interfaces/package.zsh'
[12.652s] Level 1:colcon.colcon_core.environment:create_file_with_runtime_dependencies(/media/mojarras/Wiwi/sinFiltro/robot_2dof_ros2/install/two_dof_interfaces/share/colcon-core/packages/two_dof_interfaces)
[17.900s] DEBUG:colcon.colcon_core.event_handler.log_command:Invoked command in '/media/mojarras/Wiwi/sinFiltro/robot_2dof_ros2/build/kalman_filter' returned '0': CMAKE_PREFIX_PATH=${CMAKE_PREFIX_PATH}:/opt/ros/jazzy DEBUGINFOD_URLS=https://debuginfod.ubuntu.com /usr/bin/cmake --build /media/mojarras/Wiwi/sinFiltro/robot_2dof_ros2/build/kalman_filter -- -j8 -l8
[17.901s] DEBUG:colcon.colcon_core.event_handler.log_command:Invoking command in '/media/mojarras/Wiwi/sinFiltro/robot_2dof_ros2/build/kalman_filter': CMAKE_PREFIX_PATH=${CMAKE_PREFIX_PATH}:/opt/ros/jazzy DEBUGINFOD_URLS=https://debuginfod.ubuntu.com /usr/bin/cmake --install /media/mojarras/Wiwi/sinFiltro/robot_2dof_ros2/build/kalman_filter
[17.927s] Level 1:colcon.colcon_core.environment:create_environment_scripts_only(kalman_filter)
[17.927s] Level 1:colcon.colcon_core.environment:checking '/media/mojarras/Wiwi/sinFiltro/robot_2dof_ros2/install/kalman_filter' for CMake module files
[17.928s] DEBUG:colcon.colcon_core.event_handler.log_command:Invoked command in '/media/mojarras/Wiwi/sinFiltro/robot_2dof_ros2/build/kalman_filter' returned '0': CMAKE_PREFIX_PATH=${CMAKE_PREFIX_PATH}:/opt/ros/jazzy DEBUGINFOD_URLS=https://debuginfod.ubuntu.com /usr/bin/cmake --install /media/mojarras/Wiwi/sinFiltro/robot_2dof_ros2/build/kalman_filter
[17.929s] Level 1:colcon.colcon_core.environment:checking '/media/mojarras/Wiwi/sinFiltro/robot_2dof_ros2/install/kalman_filter' for CMake config files
[17.930s] Level 1:colcon.colcon_core.shell:create_environment_hook('kalman_filter', 'cmake_prefix_path')
[17.930s] INFO:colcon.colcon_core.shell:Creating environment hook '/media/mojarras/Wiwi/sinFiltro/robot_2dof_ros2/install/kalman_filter/share/kalman_filter/hook/cmake_prefix_path.ps1'
[17.931s] INFO:colcon.colcon_core.shell:Creating environment descriptor '/media/mojarras/Wiwi/sinFiltro/robot_2dof_ros2/install/kalman_filter/share/kalman_filter/hook/cmake_prefix_path.dsv'
[17.931s] INFO:colcon.colcon_core.shell:Creating environment hook '/media/mojarras/Wiwi/sinFiltro/robot_2dof_ros2/install/kalman_filter/share/kalman_filter/hook/cmake_prefix_path.sh'
[17.932s] Level 1:colcon.colcon_core.environment:checking '/media/mojarras/Wiwi/sinFiltro/robot_2dof_ros2/install/kalman_filter/lib'
[17.932s] Level 1:colcon.colcon_core.environment:checking '/media/mojarras/Wiwi/sinFiltro/robot_2dof_ros2/install/kalman_filter/bin'
[17.933s] Level 1:colcon.colcon_core.environment:checking '/media/mojarras/Wiwi/sinFiltro/robot_2dof_ros2/install/kalman_filter/lib/pkgconfig/kalman_filter.pc'
[17.933s] Level 1:colcon.colcon_core.environment:checking '/media/mojarras/Wiwi/sinFiltro/robot_2dof_ros2/install/kalman_filter/lib/python3.12/site-packages'
[17.933s] Level 1:colcon.colcon_core.environment:checking '/media/mojarras/Wiwi/sinFiltro/robot_2dof_ros2/install/kalman_filter/bin'
[17.934s] INFO:colcon.colcon_core.shell:Creating package script '/media/mojarras/Wiwi/sinFiltro/robot_2dof_ros2/install/kalman_filter/share/kalman_filter/package.ps1'
[17.934s] INFO:colcon.colcon_core.shell:Creating package descriptor '/media/mojarras/Wiwi/sinFiltro/robot_2dof_ros2/install/kalman_filter/share/kalman_filter/package.dsv'
[17.935s] INFO:colcon.colcon_core.shell:Creating package script '/media/mojarras/Wiwi/sinFiltro/robot_2dof_ros2/install/kalman_filter/share/kalman_filter/package.sh'
[17.936s] INFO:colcon.colcon_core.shell:Creating package script '/media/mojarras/Wiwi/sinFiltro/robot_2dof_ros2/install/kalman_filter/share/kalman_filter/package.bash'
[17.936s] INFO:colcon.colcon_core.shell:Creating package script '/media/mojarras/Wiwi/sinFiltro/robot_2dof_ros2/install/kalman_filter/share/kalman_filter/package.zsh'
[17.937s] Level 1:colcon.colcon_core.environment:create_file_with_runtime_dependencies(/media/mojarras/Wiwi/sinFiltro/robot_2dof_ros2/install/kalman_filter/share/colcon-core/packages/kalman_filter)
[17.938s] Level 1:colcon.colcon_core.environment:create_environment_scripts_only(kalman_filter)
[17.938s] Level 1:colcon.colcon_core.environment:checking '/media/mojarras/Wiwi/sinFiltro/robot_2dof_ros2/install/kalman_filter' for CMake module files
[17.939s] Level 1:colcon.colcon_core.environment:checking '/media/mojarras/Wiwi/sinFiltro/robot_2dof_ros2/install/kalman_filter' for CMake config files
[17.940s] Level 1:colcon.colcon_core.shell:create_environment_hook('kalman_filter', 'cmake_prefix_path')
[17.940s] INFO:colcon.colcon_core.shell:Creating environment hook '/media/mojarras/Wiwi/sinFiltro/robot_2dof_ros2/install/kalman_filter/share/kalman_filter/hook/cmake_prefix_path.ps1'
[17.941s] INFO:colcon.colcon_core.shell:Creating environment descriptor '/media/mojarras/Wiwi/sinFiltro/robot_2dof_ros2/install/kalman_filter/share/kalman_filter/hook/cmake_prefix_path.dsv'
[17.941s] INFO:colcon.colcon_core.shell:Creating environment hook '/media/mojarras/Wiwi/sinFiltro/robot_2dof_ros2/install/kalman_filter/share/kalman_filter/hook/cmake_prefix_path.sh'
[17.942s] Level 1:colcon.colcon_core.environment:checking '/media/mojarras/Wiwi/sinFiltro/robot_2dof_ros2/install/kalman_filter/lib'
[17.942s] Level 1:colcon.colcon_core.environment:checking '/media/mojarras/Wiwi/sinFiltro/robot_2dof_ros2/install/kalman_filter/bin'
[17.942s] Level 1:colcon.colcon_core.environment:checking '/media/mojarras/Wiwi/sinFiltro/robot_2dof_ros2/install/kalman_filter/lib/pkgconfig/kalman_filter.pc'
[17.943s] Level 1:colcon.colcon_core.environment:checking '/media/mojarras/Wiwi/sinFiltro/robot_2dof_ros2/install/kalman_filter/lib/python3.12/site-packages'
[17.943s] Level 1:colcon.colcon_core.environment:checking '/media/mojarras/Wiwi/sinFiltro/robot_2dof_ros2/install/kalman_filter/bin'
[17.943s] INFO:colcon.colcon_core.shell:Creating package script '/media/mojarras/Wiwi/sinFiltro/robot_2dof_ros2/install/kalman_filter/share/kalman_filter/package.ps1'
[17.944s] INFO:colcon.colcon_core.shell:Creating package descriptor '/media/mojarras/Wiwi/sinFiltro/robot_2dof_ros2/install/kalman_filter/share/kalman_filter/package.dsv'
[17.945s] INFO:colcon.colcon_core.shell:Creating package script '/media/mojarras/Wiwi/sinFiltro/robot_2dof_ros2/install/kalman_filter/share/kalman_filter/package.sh'
[17.946s] INFO:colcon.colcon_core.shell:Creating package script '/media/mojarras/Wiwi/sinFiltro/robot_2dof_ros2/install/kalman_filter/share/kalman_filter/package.bash'
[17.946s] INFO:colcon.colcon_core.shell:Creating package script '/media/mojarras/Wiwi/sinFiltro/robot_2dof_ros2/install/kalman_filter/share/kalman_filter/package.zsh'
[17.947s] Level 1:colcon.colcon_core.environment:create_file_with_runtime_dependencies(/media/mojarras/Wiwi/sinFiltro/robot_2dof_ros2/install/kalman_filter/share/colcon-core/packages/kalman_filter)
[17.947s] DEBUG:colcon.colcon_parallel_executor.executor.parallel:closing loop
[17.948s] DEBUG:colcon.colcon_parallel_executor.executor.parallel:loop closed
[17.948s] DEBUG:colcon.colcon_parallel_executor.executor.parallel:run_until_complete finished with '0'
[17.948s] DEBUG:colcon.colcon_core.event_reactor:joining thread
[17.962s] INFO:colcon.colcon_core.plugin_system:Skipping extension 'colcon_notification.desktop_notification.terminal_notifier': Not used on non-Darwin systems
[17.962s] INFO:colcon.colcon_core.plugin_system:Skipping extension 'colcon_notification.desktop_notification.win32': Not used on non-Windows systems
[17.962s] INFO:colcon.colcon_notification.desktop_notification:Sending desktop notification using 'notify2'
[17.975s] DEBUG:colcon.colcon_core.event_reactor:joined thread
[17.975s] INFO:colcon.colcon_core.shell:Creating prefix script '/media/mojarras/Wiwi/sinFiltro/robot_2dof_ros2/install/local_setup.ps1'
[17.977s] INFO:colcon.colcon_core.shell:Creating prefix util module '/media/mojarras/Wiwi/sinFiltro/robot_2dof_ros2/install/_local_setup_util_ps1.py'
[17.979s] INFO:colcon.colcon_core.shell:Creating prefix chain script '/media/mojarras/Wiwi/sinFiltro/robot_2dof_ros2/install/setup.ps1'
[17.980s] INFO:colcon.colcon_core.shell:Creating prefix script '/media/mojarras/Wiwi/sinFiltro/robot_2dof_ros2/install/local_setup.sh'
[17.981s] INFO:colcon.colcon_core.shell:Creating prefix util module '/media/mojarras/Wiwi/sinFiltro/robot_2dof_ros2/install/_local_setup_util_sh.py'
[17.982s] INFO:colcon.colcon_core.shell:Creating prefix chain script '/media/mojarras/Wiwi/sinFiltro/robot_2dof_ros2/install/setup.sh'
[17.983s] INFO:colcon.colcon_core.shell:Creating prefix script '/media/mojarras/Wiwi/sinFiltro/robot_2dof_ros2/install/local_setup.bash'
[17.984s] INFO:colcon.colcon_core.shell:Creating prefix chain script '/media/mojarras/Wiwi/sinFiltro/robot_2dof_ros2/install/setup.bash'
[17.985s] INFO:colcon.colcon_core.shell:Creating prefix script '/media/mojarras/Wiwi/sinFiltro/robot_2dof_ros2/install/local_setup.zsh'
[17.986s] INFO:colcon.colcon_core.shell:Creating prefix chain script '/media/mojarras/Wiwi/sinFiltro/robot_2dof_ros2/install/setup.zsh'
