running egg_info
creating ../build/control/control.egg-info
writing ../build/control/control.egg-info/PKG-INFO
writing dependency_links to ../build/control/control.egg-info/dependency_links.txt
writing entry points to ../build/control/control.egg-info/entry_points.txt
writing requirements to ../build/control/control.egg-info/requires.txt
writing top-level names to ../build/control/control.egg-info/top_level.txt
writing manifest file '../build/control/control.egg-info/SOURCES.txt'
reading manifest file '../build/control/control.egg-info/SOURCES.txt'
writing manifest file '../build/control/control.egg-info/SOURCES.txt'
running build
running build_py
creating /media/mojarras/Wiwi/sinFiltro/robot_2dof_ros2/build/control/build
creating /media/mojarras/Wiwi/sinFiltro/robot_2dof_ros2/build/control/build/lib
creating /media/mojarras/Wiwi/sinFiltro/robot_2dof_ros2/build/control/build/lib/control
copying control/control_node.py -> /media/mojarras/Wiwi/sinFiltro/robot_2dof_ros2/build/control/build/lib/control
copying control/inverse_kinematic.py -> /media/mojarras/Wiwi/sinFiltro/robot_2dof_ros2/build/control/build/lib/control
copying control/__init__.py -> /media/mojarras/Wiwi/sinFiltro/robot_2dof_ros2/build/control/build/lib/control
running install
running install_lib
creating /media/mojarras/Wiwi/sinFiltro/robot_2dof_ros2/install/control/lib/python3.12/site-packages/control
copying /media/mojarras/Wiwi/sinFiltro/robot_2dof_ros2/build/control/build/lib/control/control_node.py -> /media/mojarras/Wiwi/sinFiltro/robot_2dof_ros2/install/control/lib/python3.12/site-packages/control
copying /media/mojarras/Wiwi/sinFiltro/robot_2dof_ros2/build/control/build/lib/control/inverse_kinematic.py -> /media/mojarras/Wiwi/sinFiltro/robot_2dof_ros2/install/control/lib/python3.12/site-packages/control
copying /media/mojarras/Wiwi/sinFiltro/robot_2dof_ros2/build/control/build/lib/control/__init__.py -> /media/mojarras/Wiwi/sinFiltro/robot_2dof_ros2/install/control/lib/python3.12/site-packages/control
byte-compiling /media/mojarras/Wiwi/sinFiltro/robot_2dof_ros2/install/control/lib/python3.12/site-packages/control/control_node.py to control_node.cpython-312.pyc
byte-compiling /media/mojarras/Wiwi/sinFiltro/robot_2dof_ros2/install/control/lib/python3.12/site-packages/control/inverse_kinematic.py to inverse_kinematic.cpython-312.pyc
byte-compiling /media/mojarras/Wiwi/sinFiltro/robot_2dof_ros2/install/control/lib/python3.12/site-packages/control/__init__.py to __init__.cpython-312.pyc
running install_data
creating /media/mojarras/Wiwi/sinFiltro/robot_2dof_ros2/install/control/share/ament_index
creating /media/mojarras/Wiwi/sinFiltro/robot_2dof_ros2/install/control/share/ament_index/resource_index
creating /media/mojarras/Wiwi/sinFiltro/robot_2dof_ros2/install/control/share/ament_index/resource_index/packages
copying resource/control -> /media/mojarras/Wiwi/sinFiltro/robot_2dof_ros2/install/control/share/ament_index/resource_index/packages
copying package.xml -> /media/mojarras/Wiwi/sinFiltro/robot_2dof_ros2/install/control/share/control
creating /media/mojarras/Wiwi/sinFiltro/robot_2dof_ros2/install/control/share/control/launch
copying launch/control.launch.py -> /media/mojarras/Wiwi/sinFiltro/robot_2dof_ros2/install/control/share/control/launch
running install_egg_info
Copying ../build/control/control.egg-info to /media/mojarras/Wiwi/sinFiltro/robot_2dof_ros2/install/control/lib/python3.12/site-packages/control-0.0.0-py3.12.egg-info
running install_scripts
Installing control_node script to /media/mojarras/Wiwi/sinFiltro/robot_2dof_ros2/install/control/lib/control
Installing inverse_kinematic script to /media/mojarras/Wiwi/sinFiltro/robot_2dof_ros2/install/control/lib/control
writing list of installed files to '/media/mojarras/Wiwi/sinFiltro/robot_2dof_ros2/build/control/install.log'
