[2.220s] Invoking command in '/media/mojarras/Wiwi/sinFiltro/robot_2dof_ros2/control': DEBUGINFOD_URLS=https://debuginfod.ubuntu.com PYTHONPATH=/media/mojarras/Wiwi/sinFiltro/robot_2dof_ros2/build/control/prefix_override:/usr/lib/python3/dist-packages/colcon_core/task/python/colcon_distutils_commands:/media/mojarras/Wiwi/sinFiltro/robot_2dof_ros2/install/control/lib/python3.12/site-packages:${PYTHONPATH} /usr/bin/python3 -W ignore:setup.py install is deprecated -W ignore:easy_install command is deprecated setup.py egg_info --egg-base ../build/control build --build-base /media/mojarras/Wiwi/sinFiltro/robot_2dof_ros2/build/control/build install --record /media/mojarras/Wiwi/sinFiltro/robot_2dof_ros2/build/control/install.log --single-version-externally-managed install_data
[2.854s] running egg_info
[2.854s] creating ../build/control/control.egg-info
[2.903s] writing ../build/control/control.egg-info/PKG-INFO
[2.903s] writing dependency_links to ../build/control/control.egg-info/dependency_links.txt
[2.904s] writing entry points to ../build/control/control.egg-info/entry_points.txt
[2.904s] writing requirements to ../build/control/control.egg-info/requires.txt
[2.904s] writing top-level names to ../build/control/control.egg-info/top_level.txt
[2.905s] writing manifest file '../build/control/control.egg-info/SOURCES.txt'
[3.014s] reading manifest file '../build/control/control.egg-info/SOURCES.txt'
[3.015s] writing manifest file '../build/control/control.egg-info/SOURCES.txt'
[3.015s] running build
[3.015s] running build_py
[3.016s] creating /media/mojarras/Wiwi/sinFiltro/robot_2dof_ros2/build/control/build
[3.016s] creating /media/mojarras/Wiwi/sinFiltro/robot_2dof_ros2/build/control/build/lib
[3.016s] creating /media/mojarras/Wiwi/sinFiltro/robot_2dof_ros2/build/control/build/lib/control
[3.016s] copying control/control_node.py -> /media/mojarras/Wiwi/sinFiltro/robot_2dof_ros2/build/control/build/lib/control
[3.017s] copying control/inverse_kinematic.py -> /media/mojarras/Wiwi/sinFiltro/robot_2dof_ros2/build/control/build/lib/control
[3.017s] copying control/__init__.py -> /media/mojarras/Wiwi/sinFiltro/robot_2dof_ros2/build/control/build/lib/control
[3.017s] running install
[3.028s] running install_lib
[3.078s] creating /media/mojarras/Wiwi/sinFiltro/robot_2dof_ros2/install/control/lib/python3.12/site-packages/control
[3.079s] copying /media/mojarras/Wiwi/sinFiltro/robot_2dof_ros2/build/control/build/lib/control/control_node.py -> /media/mojarras/Wiwi/sinFiltro/robot_2dof_ros2/install/control/lib/python3.12/site-packages/control
[3.079s] copying /media/mojarras/Wiwi/sinFiltro/robot_2dof_ros2/build/control/build/lib/control/inverse_kinematic.py -> /media/mojarras/Wiwi/sinFiltro/robot_2dof_ros2/install/control/lib/python3.12/site-packages/control
[3.079s] copying /media/mojarras/Wiwi/sinFiltro/robot_2dof_ros2/build/control/build/lib/control/__init__.py -> /media/mojarras/Wiwi/sinFiltro/robot_2dof_ros2/install/control/lib/python3.12/site-packages/control
[3.080s] byte-compiling /media/mojarras/Wiwi/sinFiltro/robot_2dof_ros2/install/control/lib/python3.12/site-packages/control/control_node.py to control_node.cpython-312.pyc
[3.083s] byte-compiling /media/mojarras/Wiwi/sinFiltro/robot_2dof_ros2/install/control/lib/python3.12/site-packages/control/inverse_kinematic.py to inverse_kinematic.cpython-312.pyc
[3.085s] byte-compiling /media/mojarras/Wiwi/sinFiltro/robot_2dof_ros2/install/control/lib/python3.12/site-packages/control/__init__.py to __init__.cpython-312.pyc
[3.085s] running install_data
[3.085s] creating /media/mojarras/Wiwi/sinFiltro/robot_2dof_ros2/install/control/share/ament_index
[3.086s] creating /media/mojarras/Wiwi/sinFiltro/robot_2dof_ros2/install/control/share/ament_index/resource_index
[3.086s] creating /media/mojarras/Wiwi/sinFiltro/robot_2dof_ros2/install/control/share/ament_index/resource_index/packages
[3.086s] copying resource/control -> /media/mojarras/Wiwi/sinFiltro/robot_2dof_ros2/install/control/share/ament_index/resource_index/packages
[3.086s] copying package.xml -> /media/mojarras/Wiwi/sinFiltro/robot_2dof_ros2/install/control/share/control
[3.087s] creating /media/mojarras/Wiwi/sinFiltro/robot_2dof_ros2/install/control/share/control/launch
[3.087s] copying launch/control.launch.py -> /media/mojarras/Wiwi/sinFiltro/robot_2dof_ros2/install/control/share/control/launch
[3.087s] running install_egg_info
[3.139s] Copying ../build/control/control.egg-info to /media/mojarras/Wiwi/sinFiltro/robot_2dof_ros2/install/control/lib/python3.12/site-packages/control-0.0.0-py3.12.egg-info
[3.151s] running install_scripts
[3.474s] Installing control_node script to /media/mojarras/Wiwi/sinFiltro/robot_2dof_ros2/install/control/lib/control
[3.474s] Installing inverse_kinematic script to /media/mojarras/Wiwi/sinFiltro/robot_2dof_ros2/install/control/lib/control
[3.475s] writing list of installed files to '/media/mojarras/Wiwi/sinFiltro/robot_2dof_ros2/build/control/install.log'
[3.518s] Invoked command in '/media/mojarras/Wiwi/sinFiltro/robot_2dof_ros2/control' returned '0': DEBUGINFOD_URLS=https://debuginfod.ubuntu.com PYTHONPATH=/media/mojarras/Wiwi/sinFiltro/robot_2dof_ros2/build/control/prefix_override:/usr/lib/python3/dist-packages/colcon_core/task/python/colcon_distutils_commands:/media/mojarras/Wiwi/sinFiltro/robot_2dof_ros2/install/control/lib/python3.12/site-packages:${PYTHONPATH} /usr/bin/python3 -W ignore:setup.py install is deprecated -W ignore:easy_install command is deprecated setup.py egg_info --egg-base ../build/control build --build-base /media/mojarras/Wiwi/sinFiltro/robot_2dof_ros2/build/control/build install --record /media/mojarras/Wiwi/sinFiltro/robot_2dof_ros2/build/control/install.log --single-version-externally-managed install_data
