[0.380s] DEBUG:colcon:Command line arguments: ['/usr/bin/colcon', 'build']
[0.380s] DEBUG:colcon:Parsed command line arguments: Namespace(log_base=None, log_level=None, verb_name='build', build_base='build', install_base='install', merge_install=False, symlink_install=False, test_result_base=None, continue_on_error=False, executor='parallel', parallel_workers=8, event_handlers=None, ignore_user_meta=False, metas=['./colcon.meta'], base_paths=['.'], packages_ignore=None, packages_ignore_regex=None, paths=None, packages_up_to=None, packages_up_to_regex=None, packages_above=None, packages_above_and_dependencies=None, packages_above_depth=None, packages_select_by_dep=None, packages_skip_by_dep=None, packages_skip_up_to=None, packages_select_build_failed=False, packages_skip_build_finished=False, packages_select_test_failures=False, packages_skip_test_passed=False, packages_select=None, packages_skip=None, packages_select_regex=None, packages_skip_regex=None, packages_start=None, packages_end=None, allow_overriding=[], cmake_args=None, cmake_target=None, cmake_target_skip_unavailable=False, cmake_clean_cache=False, cmake_clean_first=False, cmake_force_configure=False, ament_cmake_args=None, catkin_cmake_args=None, catkin_skip_building_tests=False, verb_parser=<colcon_defaults.argument_parser.defaults.DefaultArgumentsDecorator object at 0x705dfdf70fe0>, verb_extension=<colcon_core.verb.build.BuildVerb object at 0x705dfdf70e00>, main=<bound method BuildVerb.main of <colcon_core.verb.build.BuildVerb object at 0x705dfdf70e00>>)
[0.483s] Level 1:colcon.colcon_core.package_discovery:discover_packages(colcon_meta) check parameters
[0.483s] Level 1:colcon.colcon_core.package_discovery:discover_packages(recursive) check parameters
[0.483s] Level 1:colcon.colcon_core.package_discovery:discover_packages(ignore) check parameters
[0.484s] Level 1:colcon.colcon_core.package_discovery:discover_packages(path) check parameters
[0.484s] Level 1:colcon.colcon_core.package_discovery:discover_packages(colcon_meta) discover
[0.484s] Level 1:colcon.colcon_core.package_discovery:discover_packages(recursive) discover
[0.484s] INFO:colcon.colcon_core.package_discovery:Crawling recursively for packages in '/media/mojarras/Wiwi/sinFiltro/robot_2dof_ros2'
[0.484s] Level 1:colcon.colcon_core.package_identification:_identify(.) by extensions ['ignore', 'ignore_ament_install']
[0.484s] Level 1:colcon.colcon_core.package_identification:_identify(.) by extension 'ignore'
[0.484s] Level 1:colcon.colcon_core.package_identification:_identify(.) by extension 'ignore_ament_install'
[0.484s] Level 1:colcon.colcon_core.package_identification:_identify(.) by extensions ['colcon_pkg']
[0.484s] Level 1:colcon.colcon_core.package_identification:_identify(.) by extension 'colcon_pkg'
[0.484s] Level 1:colcon.colcon_core.package_identification:_identify(.) by extensions ['colcon_meta']
[0.484s] Level 1:colcon.colcon_core.package_identification:_identify(.) by extension 'colcon_meta'
[0.484s] Level 1:colcon.colcon_core.package_identification:_identify(.) by extensions ['ros']
[0.484s] Level 1:colcon.colcon_core.package_identification:_identify(.) by extension 'ros'
[0.527s] Level 1:colcon.colcon_core.package_identification:_identify(.) by extensions ['cmake', 'python']
[0.527s] Level 1:colcon.colcon_core.package_identification:_identify(.) by extension 'cmake'
[0.527s] Level 1:colcon.colcon_core.package_identification:_identify(.) by extension 'python'
[0.528s] Level 1:colcon.colcon_core.package_identification:_identify(.) by extensions ['python_setup_py']
[0.528s] Level 1:colcon.colcon_core.package_identification:_identify(.) by extension 'python_setup_py'
[0.528s] Level 1:colcon.colcon_core.package_identification:_identify(build) by extensions ['ignore', 'ignore_ament_install']
[0.528s] Level 1:colcon.colcon_core.package_identification:_identify(build) by extension 'ignore'
[0.528s] Level 1:colcon.colcon_core.package_identification:_identify(build) ignored
[0.528s] Level 1:colcon.colcon_core.package_identification:_identify(control) by extensions ['ignore', 'ignore_ament_install']
[0.528s] Level 1:colcon.colcon_core.package_identification:_identify(control) by extension 'ignore'
[0.528s] Level 1:colcon.colcon_core.package_identification:_identify(control) by extension 'ignore_ament_install'
[0.528s] Level 1:colcon.colcon_core.package_identification:_identify(control) by extensions ['colcon_pkg']
[0.529s] Level 1:colcon.colcon_core.package_identification:_identify(control) by extension 'colcon_pkg'
[0.529s] Level 1:colcon.colcon_core.package_identification:_identify(control) by extensions ['colcon_meta']
[0.529s] Level 1:colcon.colcon_core.package_identification:_identify(control) by extension 'colcon_meta'
[0.529s] Level 1:colcon.colcon_core.package_identification:_identify(control) by extensions ['ros']
[0.529s] Level 1:colcon.colcon_core.package_identification:_identify(control) by extension 'ros'
[0.533s] DEBUG:colcon.colcon_core.package_identification:Package 'control' with type 'ros.ament_python' and name 'control'
[0.533s] Level 1:colcon.colcon_core.package_identification:_identify(install) by extensions ['ignore', 'ignore_ament_install']
[0.533s] Level 1:colcon.colcon_core.package_identification:_identify(install) by extension 'ignore'
[0.533s] Level 1:colcon.colcon_core.package_identification:_identify(install) ignored
[0.533s] Level 1:colcon.colcon_core.package_identification:_identify(kalman_filter) by extensions ['ignore', 'ignore_ament_install']
[0.533s] Level 1:colcon.colcon_core.package_identification:_identify(kalman_filter) by extension 'ignore'
[0.533s] Level 1:colcon.colcon_core.package_identification:_identify(kalman_filter) by extension 'ignore_ament_install'
[0.533s] Level 1:colcon.colcon_core.package_identification:_identify(kalman_filter) by extensions ['colcon_pkg']
[0.533s] Level 1:colcon.colcon_core.package_identification:_identify(kalman_filter) by extension 'colcon_pkg'
[0.533s] Level 1:colcon.colcon_core.package_identification:_identify(kalman_filter) by extensions ['colcon_meta']
[0.534s] Level 1:colcon.colcon_core.package_identification:_identify(kalman_filter) by extension 'colcon_meta'
[0.534s] Level 1:colcon.colcon_core.package_identification:_identify(kalman_filter) by extensions ['ros']
[0.534s] Level 1:colcon.colcon_core.package_identification:_identify(kalman_filter) by extension 'ros'
[0.534s] DEBUG:colcon.colcon_core.package_identification:Package 'kalman_filter' with type 'ros.ament_cmake' and name 'kalman_filter'
[0.535s] Level 1:colcon.colcon_core.package_identification:_identify(log) by extensions ['ignore', 'ignore_ament_install']
[0.535s] Level 1:colcon.colcon_core.package_identification:_identify(log) by extension 'ignore'
[0.535s] Level 1:colcon.colcon_core.package_identification:_identify(log) ignored
[0.535s] Level 1:colcon.colcon_core.package_identification:_identify(simulation_2dof) by extensions ['ignore', 'ignore_ament_install']
[0.535s] Level 1:colcon.colcon_core.package_identification:_identify(simulation_2dof) by extension 'ignore'
[0.535s] Level 1:colcon.colcon_core.package_identification:_identify(simulation_2dof) by extension 'ignore_ament_install'
[0.535s] Level 1:colcon.colcon_core.package_identification:_identify(simulation_2dof) by extensions ['colcon_pkg']
[0.535s] Level 1:colcon.colcon_core.package_identification:_identify(simulation_2dof) by extension 'colcon_pkg'
[0.535s] Level 1:colcon.colcon_core.package_identification:_identify(simulation_2dof) by extensions ['colcon_meta']
[0.535s] Level 1:colcon.colcon_core.package_identification:_identify(simulation_2dof) by extension 'colcon_meta'
[0.535s] Level 1:colcon.colcon_core.package_identification:_identify(simulation_2dof) by extensions ['ros']
[0.536s] Level 1:colcon.colcon_core.package_identification:_identify(simulation_2dof) by extension 'ros'
[0.537s] DEBUG:colcon.colcon_core.package_identification:Package 'simulation_2dof' with type 'ros.ament_cmake' and name 'simulation_2dof'
[0.537s] Level 1:colcon.colcon_core.package_identification:_identify(two_dof_interfaces) by extensions ['ignore', 'ignore_ament_install']
[0.537s] Level 1:colcon.colcon_core.package_identification:_identify(two_dof_interfaces) by extension 'ignore'
[0.537s] Level 1:colcon.colcon_core.package_identification:_identify(two_dof_interfaces) by extension 'ignore_ament_install'
[0.537s] Level 1:colcon.colcon_core.package_identification:_identify(two_dof_interfaces) by extensions ['colcon_pkg']
[0.537s] Level 1:colcon.colcon_core.package_identification:_identify(two_dof_interfaces) by extension 'colcon_pkg'
[0.537s] Level 1:colcon.colcon_core.package_identification:_identify(two_dof_interfaces) by extensions ['colcon_meta']
[0.537s] Level 1:colcon.colcon_core.package_identification:_identify(two_dof_interfaces) by extension 'colcon_meta'
[0.537s] Level 1:colcon.colcon_core.package_identification:_identify(two_dof_interfaces) by extensions ['ros']
[0.537s] Level 1:colcon.colcon_core.package_identification:_identify(two_dof_interfaces) by extension 'ros'
[0.539s] DEBUG:colcon.colcon_core.package_identification:Package 'two_dof_interfaces' with type 'ros.ament_cmake' and name 'two_dof_interfaces'
[0.539s] Level 1:colcon.colcon_core.package_discovery:discover_packages(recursive) using defaults
[0.539s] Level 1:colcon.colcon_core.package_discovery:discover_packages(ignore) discover
[0.539s] Level 1:colcon.colcon_core.package_discovery:discover_packages(ignore) using defaults
[0.539s] Level 1:colcon.colcon_core.package_discovery:discover_packages(path) discover
[0.539s] Level 1:colcon.colcon_core.package_discovery:discover_packages(path) using defaults
[0.572s] Level 1:colcon.colcon_core.package_discovery:discover_packages(prefix_path) check parameters
[0.572s] Level 1:colcon.colcon_core.package_discovery:discover_packages(prefix_path) discover
[0.576s] DEBUG:colcon.colcon_installed_package_information.package_discovery:Found 4 installed packages in /media/mojarras/Wiwi/sinFiltro/robot_2dof_ros2/install
[0.579s] DEBUG:colcon.colcon_installed_package_information.package_discovery:Found 407 installed packages in /opt/ros/jazzy
[0.581s] Level 1:colcon.colcon_core.package_discovery:discover_packages(prefix_path) using defaults
[0.683s] Level 5:colcon.colcon_core.verb:set package 'control' build argument 'cmake_args' from command line to 'None'
[0.683s] Level 5:colcon.colcon_core.verb:set package 'control' build argument 'cmake_target' from command line to 'None'
[0.683s] Level 5:colcon.colcon_core.verb:set package 'control' build argument 'cmake_target_skip_unavailable' from command line to 'False'
[0.683s] Level 5:colcon.colcon_core.verb:set package 'control' build argument 'cmake_clean_cache' from command line to 'False'
[0.683s] Level 5:colcon.colcon_core.verb:set package 'control' build argument 'cmake_clean_first' from command line to 'False'
[0.683s] Level 5:colcon.colcon_core.verb:set package 'control' build argument 'cmake_force_configure' from command line to 'False'
[0.683s] Level 5:colcon.colcon_core.verb:set package 'control' build argument 'ament_cmake_args' from command line to 'None'
[0.683s] Level 5:colcon.colcon_core.verb:set package 'control' build argument 'catkin_cmake_args' from command line to 'None'
[0.683s] Level 5:colcon.colcon_core.verb:set package 'control' build argument 'catkin_skip_building_tests' from command line to 'False'
[0.683s] DEBUG:colcon.colcon_core.verb:Building package 'control' with the following arguments: {'ament_cmake_args': None, 'build_base': '/media/mojarras/Wiwi/sinFiltro/robot_2dof_ros2/build/control', 'catkin_cmake_args': None, 'catkin_skip_building_tests': False, 'cmake_args': None, 'cmake_clean_cache': False, 'cmake_clean_first': False, 'cmake_force_configure': False, 'cmake_target': None, 'cmake_target_skip_unavailable': False, 'install_base': '/media/mojarras/Wiwi/sinFiltro/robot_2dof_ros2/install/control', 'merge_install': False, 'path': '/media/mojarras/Wiwi/sinFiltro/robot_2dof_ros2/control', 'symlink_install': False, 'test_result_base': None}
[0.683s] Level 5:colcon.colcon_core.verb:set package 'kalman_filter' build argument 'cmake_args' from command line to 'None'
[0.684s] Level 5:colcon.colcon_core.verb:set package 'kalman_filter' build argument 'cmake_target' from command line to 'None'
[0.684s] Level 5:colcon.colcon_core.verb:set package 'kalman_filter' build argument 'cmake_target_skip_unavailable' from command line to 'False'
[0.684s] Level 5:colcon.colcon_core.verb:set package 'kalman_filter' build argument 'cmake_clean_cache' from command line to 'False'
[0.684s] Level 5:colcon.colcon_core.verb:set package 'kalman_filter' build argument 'cmake_clean_first' from command line to 'False'
[0.684s] Level 5:colcon.colcon_core.verb:set package 'kalman_filter' build argument 'cmake_force_configure' from command line to 'False'
[0.684s] Level 5:colcon.colcon_core.verb:set package 'kalman_filter' build argument 'ament_cmake_args' from command line to 'None'
[0.684s] Level 5:colcon.colcon_core.verb:set package 'kalman_filter' build argument 'catkin_cmake_args' from command line to 'None'
[0.684s] Level 5:colcon.colcon_core.verb:set package 'kalman_filter' build argument 'catkin_skip_building_tests' from command line to 'False'
[0.684s] DEBUG:colcon.colcon_core.verb:Building package 'kalman_filter' with the following arguments: {'ament_cmake_args': None, 'build_base': '/media/mojarras/Wiwi/sinFiltro/robot_2dof_ros2/build/kalman_filter', 'catkin_cmake_args': None, 'catkin_skip_building_tests': False, 'cmake_args': None, 'cmake_clean_cache': False, 'cmake_clean_first': False, 'cmake_force_configure': False, 'cmake_target': None, 'cmake_target_skip_unavailable': False, 'install_base': '/media/mojarras/Wiwi/sinFiltro/robot_2dof_ros2/install/kalman_filter', 'merge_install': False, 'path': '/media/mojarras/Wiwi/sinFiltro/robot_2dof_ros2/kalman_filter', 'symlink_install': False, 'test_result_base': None}
[0.684s] Level 5:colcon.colcon_core.verb:set package 'simulation_2dof' build argument 'cmake_args' from command line to 'None'
[0.684s] Level 5:colcon.colcon_core.verb:set package 'simulation_2dof' build argument 'cmake_target' from command line to 'None'
[0.684s] Level 5:colcon.colcon_core.verb:set package 'simulation_2dof' build argument 'cmake_target_skip_unavailable' from command line to 'False'
[0.685s] Level 5:colcon.colcon_core.verb:set package 'simulation_2dof' build argument 'cmake_clean_cache' from command line to 'False'
[0.685s] Level 5:colcon.colcon_core.verb:set package 'simulation_2dof' build argument 'cmake_clean_first' from command line to 'False'
[0.685s] Level 5:colcon.colcon_core.verb:set package 'simulation_2dof' build argument 'cmake_force_configure' from command line to 'False'
[0.685s] Level 5:colcon.colcon_core.verb:set package 'simulation_2dof' build argument 'ament_cmake_args' from command line to 'None'
[0.685s] Level 5:colcon.colcon_core.verb:set package 'simulation_2dof' build argument 'catkin_cmake_args' from command line to 'None'
[0.685s] Level 5:colcon.colcon_core.verb:set package 'simulation_2dof' build argument 'catkin_skip_building_tests' from command line to 'False'
[0.685s] DEBUG:colcon.colcon_core.verb:Building package 'simulation_2dof' with the following arguments: {'ament_cmake_args': None, 'build_base': '/media/mojarras/Wiwi/sinFiltro/robot_2dof_ros2/build/simulation_2dof', 'catkin_cmake_args': None, 'catkin_skip_building_tests': False, 'cmake_args': None, 'cmake_clean_cache': False, 'cmake_clean_first': False, 'cmake_force_configure': False, 'cmake_target': None, 'cmake_target_skip_unavailable': False, 'install_base': '/media/mojarras/Wiwi/sinFiltro/robot_2dof_ros2/install/simulation_2dof', 'merge_install': False, 'path': '/media/mojarras/Wiwi/sinFiltro/robot_2dof_ros2/simulation_2dof', 'symlink_install': False, 'test_result_base': None}
[0.685s] Level 5:colcon.colcon_core.verb:set package 'two_dof_interfaces' build argument 'cmake_args' from command line to 'None'
[0.685s] Level 5:colcon.colcon_core.verb:set package 'two_dof_interfaces' build argument 'cmake_target' from command line to 'None'
[0.685s] Level 5:colcon.colcon_core.verb:set package 'two_dof_interfaces' build argument 'cmake_target_skip_unavailable' from command line to 'False'
[0.685s] Level 5:colcon.colcon_core.verb:set package 'two_dof_interfaces' build argument 'cmake_clean_cache' from command line to 'False'
[0.685s] Level 5:colcon.colcon_core.verb:set package 'two_dof_interfaces' build argument 'cmake_clean_first' from command line to 'False'
[0.685s] Level 5:colcon.colcon_core.verb:set package 'two_dof_interfaces' build argument 'cmake_force_configure' from command line to 'False'
[0.685s] Level 5:colcon.colcon_core.verb:set package 'two_dof_interfaces' build argument 'ament_cmake_args' from command line to 'None'
[0.685s] Level 5:colcon.colcon_core.verb:set package 'two_dof_interfaces' build argument 'catkin_cmake_args' from command line to 'None'
[0.685s] Level 5:colcon.colcon_core.verb:set package 'two_dof_interfaces' build argument 'catkin_skip_building_tests' from command line to 'False'
[0.686s] DEBUG:colcon.colcon_core.verb:Building package 'two_dof_interfaces' with the following arguments: {'ament_cmake_args': None, 'build_base': '/media/mojarras/Wiwi/sinFiltro/robot_2dof_ros2/build/two_dof_interfaces', 'catkin_cmake_args': None, 'catkin_skip_building_tests': False, 'cmake_args': None, 'cmake_clean_cache': False, 'cmake_clean_first': False, 'cmake_force_configure': False, 'cmake_target': None, 'cmake_target_skip_unavailable': False, 'install_base': '/media/mojarras/Wiwi/sinFiltro/robot_2dof_ros2/install/two_dof_interfaces', 'merge_install': False, 'path': '/media/mojarras/Wiwi/sinFiltro/robot_2dof_ros2/two_dof_interfaces', 'symlink_install': False, 'test_result_base': None}
[0.686s] INFO:colcon.colcon_core.executor:Executing jobs using 'parallel' executor
[0.687s] DEBUG:colcon.colcon_parallel_executor.executor.parallel:run_until_complete
[0.687s] INFO:colcon.colcon_ros.task.ament_python.build:Building ROS package in '/media/mojarras/Wiwi/sinFiltro/robot_2dof_ros2/control' with build type 'ament_python'
[0.687s] Level 1:colcon.colcon_core.shell:create_environment_hook('control', 'ament_prefix_path')
[0.694s] INFO:colcon.colcon_core.plugin_system:Skipping extension 'colcon_core.shell.bat': Not used on non-Windows systems
[0.695s] INFO:colcon.colcon_core.shell:Creating environment hook '/media/mojarras/Wiwi/sinFiltro/robot_2dof_ros2/install/control/share/control/hook/ament_prefix_path.ps1'
[0.695s] INFO:colcon.colcon_core.shell:Creating environment descriptor '/media/mojarras/Wiwi/sinFiltro/robot_2dof_ros2/install/control/share/control/hook/ament_prefix_path.dsv'
[0.696s] INFO:colcon.colcon_core.shell:Creating environment hook '/media/mojarras/Wiwi/sinFiltro/robot_2dof_ros2/install/control/share/control/hook/ament_prefix_path.sh'
[0.697s] INFO:colcon.colcon_core.shell:Skip shell extension 'powershell' for command environment: Not usable outside of PowerShell
[0.697s] DEBUG:colcon.colcon_core.shell:Skip shell extension 'dsv' for command environment
[0.703s] INFO:colcon.colcon_ros.task.ament_cmake.build:Building ROS package in '/media/mojarras/Wiwi/sinFiltro/robot_2dof_ros2/kalman_filter' with build type 'ament_cmake'
[0.703s] INFO:colcon.colcon_cmake.task.cmake.build:Building CMake package in '/media/mojarras/Wiwi/sinFiltro/robot_2dof_ros2/kalman_filter'
[0.704s] INFO:colcon.colcon_core.shell:Skip shell extension 'powershell' for command environment: Not usable outside of PowerShell
[0.704s] DEBUG:colcon.colcon_core.shell:Skip shell extension 'dsv' for command environment
[0.711s] INFO:colcon.colcon_ros.task.ament_cmake.build:Building ROS package in '/media/mojarras/Wiwi/sinFiltro/robot_2dof_ros2/simulation_2dof' with build type 'ament_cmake'
[0.711s] INFO:colcon.colcon_cmake.task.cmake.build:Building CMake package in '/media/mojarras/Wiwi/sinFiltro/robot_2dof_ros2/simulation_2dof'
[0.711s] INFO:colcon.colcon_core.shell:Skip shell extension 'powershell' for command environment: Not usable outside of PowerShell
[0.711s] DEBUG:colcon.colcon_core.shell:Skip shell extension 'dsv' for command environment
[0.717s] INFO:colcon.colcon_ros.task.ament_cmake.build:Building ROS package in '/media/mojarras/Wiwi/sinFiltro/robot_2dof_ros2/two_dof_interfaces' with build type 'ament_cmake'
[0.717s] INFO:colcon.colcon_cmake.task.cmake.build:Building CMake package in '/media/mojarras/Wiwi/sinFiltro/robot_2dof_ros2/two_dof_interfaces'
[0.717s] INFO:colcon.colcon_core.shell:Skip shell extension 'powershell' for command environment: Not usable outside of PowerShell
[0.717s] DEBUG:colcon.colcon_core.shell:Skip shell extension 'dsv' for command environment
[1.173s] INFO:colcon.colcon_core.task.python.build:Building Python package in '/media/mojarras/Wiwi/sinFiltro/robot_2dof_ros2/control'
[1.173s] INFO:colcon.colcon_core.shell:Skip shell extension 'powershell' for command environment: Not usable outside of PowerShell
[1.173s] DEBUG:colcon.colcon_core.shell:Skip shell extension 'dsv' for command environment
[1.185s] DEBUG:colcon.colcon_core.event_handler.log_command:Invoking command in '/media/mojarras/Wiwi/sinFiltro/robot_2dof_ros2/build/kalman_filter': CMAKE_PREFIX_PATH=${CMAKE_PREFIX_PATH}:/media/mojarras/Wiwi/sinFiltro/robot_2dof_ros2/install/control:/opt/ros/jazzy DEBUGINFOD_URLS=https://debuginfod.ubuntu.com /usr/bin/cmake --build /media/mojarras/Wiwi/sinFiltro/robot_2dof_ros2/build/kalman_filter -- -j8 -l8
[1.190s] DEBUG:colcon.colcon_core.event_handler.log_command:Invoking command in '/media/mojarras/Wiwi/sinFiltro/robot_2dof_ros2/build/simulation_2dof': CMAKE_PREFIX_PATH=${CMAKE_PREFIX_PATH}:/media/mojarras/Wiwi/sinFiltro/robot_2dof_ros2/install/control:/opt/ros/jazzy DEBUGINFOD_URLS=https://debuginfod.ubuntu.com /usr/bin/cmake --build /media/mojarras/Wiwi/sinFiltro/robot_2dof_ros2/build/simulation_2dof -- -j8 -l8
[1.198s] DEBUG:colcon.colcon_core.event_handler.log_command:Invoking command in '/media/mojarras/Wiwi/sinFiltro/robot_2dof_ros2/build/two_dof_interfaces': CMAKE_PREFIX_PATH=${CMAKE_PREFIX_PATH}:/media/mojarras/Wiwi/sinFiltro/robot_2dof_ros2/install/control:/opt/ros/jazzy DEBUGINFOD_URLS=https://debuginfod.ubuntu.com /usr/bin/cmake --build /media/mojarras/Wiwi/sinFiltro/robot_2dof_ros2/build/two_dof_interfaces -- -j8 -l8
[1.259s] DEBUG:colcon.colcon_core.event_handler.log_command:Invoked command in '/media/mojarras/Wiwi/sinFiltro/robot_2dof_ros2/build/simulation_2dof' returned '0': CMAKE_PREFIX_PATH=${CMAKE_PREFIX_PATH}:/media/mojarras/Wiwi/sinFiltro/robot_2dof_ros2/install/control:/opt/ros/jazzy DEBUGINFOD_URLS=https://debuginfod.ubuntu.com /usr/bin/cmake --build /media/mojarras/Wiwi/sinFiltro/robot_2dof_ros2/build/simulation_2dof -- -j8 -l8
[1.281s] DEBUG:colcon.colcon_core.event_handler.log_command:Invoking command in '/media/mojarras/Wiwi/sinFiltro/robot_2dof_ros2/build/simulation_2dof': CMAKE_PREFIX_PATH=${CMAKE_PREFIX_PATH}:/media/mojarras/Wiwi/sinFiltro/robot_2dof_ros2/install/control:/opt/ros/jazzy DEBUGINFOD_URLS=https://debuginfod.ubuntu.com /usr/bin/cmake --install /media/mojarras/Wiwi/sinFiltro/robot_2dof_ros2/build/simulation_2dof
[1.302s] Level 1:colcon.colcon_core.environment:create_environment_scripts_only(simulation_2dof)
[1.303s] DEBUG:colcon.colcon_core.event_handler.log_command:Invoked command in '/media/mojarras/Wiwi/sinFiltro/robot_2dof_ros2/build/simulation_2dof' returned '0': CMAKE_PREFIX_PATH=${CMAKE_PREFIX_PATH}:/media/mojarras/Wiwi/sinFiltro/robot_2dof_ros2/install/control:/opt/ros/jazzy DEBUGINFOD_URLS=https://debuginfod.ubuntu.com /usr/bin/cmake --install /media/mojarras/Wiwi/sinFiltro/robot_2dof_ros2/build/simulation_2dof
[1.315s] Level 1:colcon.colcon_core.environment:checking '/media/mojarras/Wiwi/sinFiltro/robot_2dof_ros2/install/simulation_2dof' for CMake module files
[1.317s] Level 1:colcon.colcon_core.environment:checking '/media/mojarras/Wiwi/sinFiltro/robot_2dof_ros2/install/simulation_2dof' for CMake config files
[1.318s] Level 1:colcon.colcon_core.shell:create_environment_hook('simulation_2dof', 'cmake_prefix_path')
[1.319s] INFO:colcon.colcon_core.shell:Creating environment hook '/media/mojarras/Wiwi/sinFiltro/robot_2dof_ros2/install/simulation_2dof/share/simulation_2dof/hook/cmake_prefix_path.ps1'
[1.319s] INFO:colcon.colcon_core.shell:Creating environment descriptor '/media/mojarras/Wiwi/sinFiltro/robot_2dof_ros2/install/simulation_2dof/share/simulation_2dof/hook/cmake_prefix_path.dsv'
[1.320s] INFO:colcon.colcon_core.shell:Creating environment hook '/media/mojarras/Wiwi/sinFiltro/robot_2dof_ros2/install/simulation_2dof/share/simulation_2dof/hook/cmake_prefix_path.sh'
[1.322s] Level 1:colcon.colcon_core.environment:checking '/media/mojarras/Wiwi/sinFiltro/robot_2dof_ros2/install/simulation_2dof/bin'
[1.322s] Level 1:colcon.colcon_core.environment:checking '/media/mojarras/Wiwi/sinFiltro/robot_2dof_ros2/install/simulation_2dof/lib/pkgconfig/simulation_2dof.pc'
[1.322s] Level 1:colcon.colcon_core.environment:checking '/media/mojarras/Wiwi/sinFiltro/robot_2dof_ros2/install/simulation_2dof/lib/python3.12/site-packages'
[1.323s] Level 1:colcon.colcon_core.environment:checking '/media/mojarras/Wiwi/sinFiltro/robot_2dof_ros2/install/simulation_2dof/bin'
[1.324s] INFO:colcon.colcon_core.shell:Creating package script '/media/mojarras/Wiwi/sinFiltro/robot_2dof_ros2/install/simulation_2dof/share/simulation_2dof/package.ps1'
[1.325s] INFO:colcon.colcon_core.shell:Creating package descriptor '/media/mojarras/Wiwi/sinFiltro/robot_2dof_ros2/install/simulation_2dof/share/simulation_2dof/package.dsv'
[1.327s] INFO:colcon.colcon_core.shell:Creating package script '/media/mojarras/Wiwi/sinFiltro/robot_2dof_ros2/install/simulation_2dof/share/simulation_2dof/package.sh'
[1.329s] INFO:colcon.colcon_core.shell:Creating package script '/media/mojarras/Wiwi/sinFiltro/robot_2dof_ros2/install/simulation_2dof/share/simulation_2dof/package.bash'
[1.330s] INFO:colcon.colcon_core.shell:Creating package script '/media/mojarras/Wiwi/sinFiltro/robot_2dof_ros2/install/simulation_2dof/share/simulation_2dof/package.zsh'
[1.332s] Level 1:colcon.colcon_core.environment:create_file_with_runtime_dependencies(/media/mojarras/Wiwi/sinFiltro/robot_2dof_ros2/install/simulation_2dof/share/colcon-core/packages/simulation_2dof)
[1.333s] Level 1:colcon.colcon_core.environment:create_environment_scripts_only(simulation_2dof)
[1.333s] Level 1:colcon.colcon_core.environment:checking '/media/mojarras/Wiwi/sinFiltro/robot_2dof_ros2/install/simulation_2dof' for CMake module files
[1.336s] Level 1:colcon.colcon_core.environment:checking '/media/mojarras/Wiwi/sinFiltro/robot_2dof_ros2/install/simulation_2dof' for CMake config files
[1.337s] Level 1:colcon.colcon_core.shell:create_environment_hook('simulation_2dof', 'cmake_prefix_path')
[1.337s] INFO:colcon.colcon_core.shell:Creating environment hook '/media/mojarras/Wiwi/sinFiltro/robot_2dof_ros2/install/simulation_2dof/share/simulation_2dof/hook/cmake_prefix_path.ps1'
[1.338s] INFO:colcon.colcon_core.shell:Creating environment descriptor '/media/mojarras/Wiwi/sinFiltro/robot_2dof_ros2/install/simulation_2dof/share/simulation_2dof/hook/cmake_prefix_path.dsv'
[1.339s] INFO:colcon.colcon_core.shell:Creating environment hook '/media/mojarras/Wiwi/sinFiltro/robot_2dof_ros2/install/simulation_2dof/share/simulation_2dof/hook/cmake_prefix_path.sh'
[1.340s] Level 1:colcon.colcon_core.environment:checking '/media/mojarras/Wiwi/sinFiltro/robot_2dof_ros2/install/simulation_2dof/bin'
[1.340s] Level 1:colcon.colcon_core.environment:checking '/media/mojarras/Wiwi/sinFiltro/robot_2dof_ros2/install/simulation_2dof/lib/pkgconfig/simulation_2dof.pc'
[1.341s] Level 1:colcon.colcon_core.environment:checking '/media/mojarras/Wiwi/sinFiltro/robot_2dof_ros2/install/simulation_2dof/lib/python3.12/site-packages'
[1.342s] Level 1:colcon.colcon_core.environment:checking '/media/mojarras/Wiwi/sinFiltro/robot_2dof_ros2/install/simulation_2dof/bin'
[1.343s] INFO:colcon.colcon_core.shell:Creating package script '/media/mojarras/Wiwi/sinFiltro/robot_2dof_ros2/install/simulation_2dof/share/simulation_2dof/package.ps1'
[1.344s] INFO:colcon.colcon_core.shell:Creating package descriptor '/media/mojarras/Wiwi/sinFiltro/robot_2dof_ros2/install/simulation_2dof/share/simulation_2dof/package.dsv'
[1.345s] INFO:colcon.colcon_core.shell:Creating package script '/media/mojarras/Wiwi/sinFiltro/robot_2dof_ros2/install/simulation_2dof/share/simulation_2dof/package.sh'
[1.346s] INFO:colcon.colcon_core.shell:Creating package script '/media/mojarras/Wiwi/sinFiltro/robot_2dof_ros2/install/simulation_2dof/share/simulation_2dof/package.bash'
[1.347s] INFO:colcon.colcon_core.shell:Creating package script '/media/mojarras/Wiwi/sinFiltro/robot_2dof_ros2/install/simulation_2dof/share/simulation_2dof/package.zsh'
[1.348s] Level 1:colcon.colcon_core.environment:create_file_with_runtime_dependencies(/media/mojarras/Wiwi/sinFiltro/robot_2dof_ros2/install/simulation_2dof/share/colcon-core/packages/simulation_2dof)
[1.360s] DEBUG:colcon.colcon_core.event_handler.log_command:Invoked command in '/media/mojarras/Wiwi/sinFiltro/robot_2dof_ros2/build/kalman_filter' returned '0': CMAKE_PREFIX_PATH=${CMAKE_PREFIX_PATH}:/media/mojarras/Wiwi/sinFiltro/robot_2dof_ros2/install/control:/opt/ros/jazzy DEBUGINFOD_URLS=https://debuginfod.ubuntu.com /usr/bin/cmake --build /media/mojarras/Wiwi/sinFiltro/robot_2dof_ros2/build/kalman_filter -- -j8 -l8
[1.361s] DEBUG:colcon.colcon_core.event_handler.log_command:Invoking command in '/media/mojarras/Wiwi/sinFiltro/robot_2dof_ros2/build/kalman_filter': CMAKE_PREFIX_PATH=${CMAKE_PREFIX_PATH}:/media/mojarras/Wiwi/sinFiltro/robot_2dof_ros2/install/control:/opt/ros/jazzy DEBUGINFOD_URLS=https://debuginfod.ubuntu.com /usr/bin/cmake --install /media/mojarras/Wiwi/sinFiltro/robot_2dof_ros2/build/kalman_filter
[1.403s] Level 1:colcon.colcon_core.environment:create_environment_scripts_only(kalman_filter)
[1.404s] Level 1:colcon.colcon_core.environment:checking '/media/mojarras/Wiwi/sinFiltro/robot_2dof_ros2/install/kalman_filter' for CMake module files
[1.406s] Level 1:colcon.colcon_core.environment:checking '/media/mojarras/Wiwi/sinFiltro/robot_2dof_ros2/install/kalman_filter' for CMake config files
[1.407s] DEBUG:colcon.colcon_core.event_handler.log_command:Invoked command in '/media/mojarras/Wiwi/sinFiltro/robot_2dof_ros2/build/kalman_filter' returned '0': CMAKE_PREFIX_PATH=${CMAKE_PREFIX_PATH}:/media/mojarras/Wiwi/sinFiltro/robot_2dof_ros2/install/control:/opt/ros/jazzy DEBUGINFOD_URLS=https://debuginfod.ubuntu.com /usr/bin/cmake --install /media/mojarras/Wiwi/sinFiltro/robot_2dof_ros2/build/kalman_filter
[1.407s] Level 1:colcon.colcon_core.shell:create_environment_hook('kalman_filter', 'cmake_prefix_path')
[1.408s] INFO:colcon.colcon_core.shell:Creating environment hook '/media/mojarras/Wiwi/sinFiltro/robot_2dof_ros2/install/kalman_filter/share/kalman_filter/hook/cmake_prefix_path.ps1'
[1.409s] INFO:colcon.colcon_core.shell:Creating environment descriptor '/media/mojarras/Wiwi/sinFiltro/robot_2dof_ros2/install/kalman_filter/share/kalman_filter/hook/cmake_prefix_path.dsv'
[1.410s] INFO:colcon.colcon_core.shell:Creating environment hook '/media/mojarras/Wiwi/sinFiltro/robot_2dof_ros2/install/kalman_filter/share/kalman_filter/hook/cmake_prefix_path.sh'
[1.411s] Level 1:colcon.colcon_core.environment:checking '/media/mojarras/Wiwi/sinFiltro/robot_2dof_ros2/install/kalman_filter/lib'
[1.411s] Level 1:colcon.colcon_core.environment:checking '/media/mojarras/Wiwi/sinFiltro/robot_2dof_ros2/install/kalman_filter/bin'
[1.412s] Level 1:colcon.colcon_core.environment:checking '/media/mojarras/Wiwi/sinFiltro/robot_2dof_ros2/install/kalman_filter/lib/pkgconfig/kalman_filter.pc'
[1.412s] Level 1:colcon.colcon_core.environment:checking '/media/mojarras/Wiwi/sinFiltro/robot_2dof_ros2/install/kalman_filter/lib/python3.12/site-packages'
[1.413s] Level 1:colcon.colcon_core.environment:checking '/media/mojarras/Wiwi/sinFiltro/robot_2dof_ros2/install/kalman_filter/bin'
[1.414s] INFO:colcon.colcon_core.shell:Creating package script '/media/mojarras/Wiwi/sinFiltro/robot_2dof_ros2/install/kalman_filter/share/kalman_filter/package.ps1'
[1.416s] INFO:colcon.colcon_core.shell:Creating package descriptor '/media/mojarras/Wiwi/sinFiltro/robot_2dof_ros2/install/kalman_filter/share/kalman_filter/package.dsv'
[1.417s] INFO:colcon.colcon_core.shell:Creating package script '/media/mojarras/Wiwi/sinFiltro/robot_2dof_ros2/install/kalman_filter/share/kalman_filter/package.sh'
[1.418s] INFO:colcon.colcon_core.shell:Creating package script '/media/mojarras/Wiwi/sinFiltro/robot_2dof_ros2/install/kalman_filter/share/kalman_filter/package.bash'
[1.419s] INFO:colcon.colcon_core.shell:Creating package script '/media/mojarras/Wiwi/sinFiltro/robot_2dof_ros2/install/kalman_filter/share/kalman_filter/package.zsh'
[1.419s] Level 1:colcon.colcon_core.environment:create_file_with_runtime_dependencies(/media/mojarras/Wiwi/sinFiltro/robot_2dof_ros2/install/kalman_filter/share/colcon-core/packages/kalman_filter)
[1.420s] Level 1:colcon.colcon_core.environment:create_environment_scripts_only(kalman_filter)
[1.421s] Level 1:colcon.colcon_core.environment:checking '/media/mojarras/Wiwi/sinFiltro/robot_2dof_ros2/install/kalman_filter' for CMake module files
[1.422s] Level 1:colcon.colcon_core.environment:checking '/media/mojarras/Wiwi/sinFiltro/robot_2dof_ros2/install/kalman_filter' for CMake config files
[1.423s] Level 1:colcon.colcon_core.shell:create_environment_hook('kalman_filter', 'cmake_prefix_path')
[1.423s] INFO:colcon.colcon_core.shell:Creating environment hook '/media/mojarras/Wiwi/sinFiltro/robot_2dof_ros2/install/kalman_filter/share/kalman_filter/hook/cmake_prefix_path.ps1'
[1.424s] INFO:colcon.colcon_core.shell:Creating environment descriptor '/media/mojarras/Wiwi/sinFiltro/robot_2dof_ros2/install/kalman_filter/share/kalman_filter/hook/cmake_prefix_path.dsv'
[1.425s] INFO:colcon.colcon_core.shell:Creating environment hook '/media/mojarras/Wiwi/sinFiltro/robot_2dof_ros2/install/kalman_filter/share/kalman_filter/hook/cmake_prefix_path.sh'
[1.426s] Level 1:colcon.colcon_core.environment:checking '/media/mojarras/Wiwi/sinFiltro/robot_2dof_ros2/install/kalman_filter/lib'
[1.426s] Level 1:colcon.colcon_core.environment:checking '/media/mojarras/Wiwi/sinFiltro/robot_2dof_ros2/install/kalman_filter/bin'
[1.426s] Level 1:colcon.colcon_core.environment:checking '/media/mojarras/Wiwi/sinFiltro/robot_2dof_ros2/install/kalman_filter/lib/pkgconfig/kalman_filter.pc'
[1.427s] Level 1:colcon.colcon_core.environment:checking '/media/mojarras/Wiwi/sinFiltro/robot_2dof_ros2/install/kalman_filter/lib/python3.12/site-packages'
[1.428s] Level 1:colcon.colcon_core.environment:checking '/media/mojarras/Wiwi/sinFiltro/robot_2dof_ros2/install/kalman_filter/bin'
[1.429s] INFO:colcon.colcon_core.shell:Creating package script '/media/mojarras/Wiwi/sinFiltro/robot_2dof_ros2/install/kalman_filter/share/kalman_filter/package.ps1'
[1.430s] INFO:colcon.colcon_core.shell:Creating package descriptor '/media/mojarras/Wiwi/sinFiltro/robot_2dof_ros2/install/kalman_filter/share/kalman_filter/package.dsv'
[1.432s] INFO:colcon.colcon_core.shell:Creating package script '/media/mojarras/Wiwi/sinFiltro/robot_2dof_ros2/install/kalman_filter/share/kalman_filter/package.sh'
[1.433s] INFO:colcon.colcon_core.shell:Creating package script '/media/mojarras/Wiwi/sinFiltro/robot_2dof_ros2/install/kalman_filter/share/kalman_filter/package.bash'
[1.434s] INFO:colcon.colcon_core.shell:Creating package script '/media/mojarras/Wiwi/sinFiltro/robot_2dof_ros2/install/kalman_filter/share/kalman_filter/package.zsh'
[1.435s] Level 1:colcon.colcon_core.environment:create_file_with_runtime_dependencies(/media/mojarras/Wiwi/sinFiltro/robot_2dof_ros2/install/kalman_filter/share/colcon-core/packages/kalman_filter)
[2.080s] DEBUG:colcon.colcon_core.event_handler.log_command:Invoked command in '/media/mojarras/Wiwi/sinFiltro/robot_2dof_ros2/build/two_dof_interfaces' returned '0': CMAKE_PREFIX_PATH=${CMAKE_PREFIX_PATH}:/media/mojarras/Wiwi/sinFiltro/robot_2dof_ros2/install/control:/opt/ros/jazzy DEBUGINFOD_URLS=https://debuginfod.ubuntu.com /usr/bin/cmake --build /media/mojarras/Wiwi/sinFiltro/robot_2dof_ros2/build/two_dof_interfaces -- -j8 -l8
[2.082s] DEBUG:colcon.colcon_core.event_handler.log_command:Invoking command in '/media/mojarras/Wiwi/sinFiltro/robot_2dof_ros2/build/two_dof_interfaces': CMAKE_PREFIX_PATH=${CMAKE_PREFIX_PATH}:/media/mojarras/Wiwi/sinFiltro/robot_2dof_ros2/install/control:/opt/ros/jazzy DEBUGINFOD_URLS=https://debuginfod.ubuntu.com /usr/bin/cmake --install /media/mojarras/Wiwi/sinFiltro/robot_2dof_ros2/build/two_dof_interfaces
[2.178s] Level 1:colcon.colcon_core.environment:create_environment_scripts_only(two_dof_interfaces)
[2.178s] Level 1:colcon.colcon_core.environment:checking '/media/mojarras/Wiwi/sinFiltro/robot_2dof_ros2/install/two_dof_interfaces' for CMake module files
[2.178s] DEBUG:colcon.colcon_core.event_handler.log_command:Invoked command in '/media/mojarras/Wiwi/sinFiltro/robot_2dof_ros2/build/two_dof_interfaces' returned '0': CMAKE_PREFIX_PATH=${CMAKE_PREFIX_PATH}:/media/mojarras/Wiwi/sinFiltro/robot_2dof_ros2/install/control:/opt/ros/jazzy DEBUGINFOD_URLS=https://debuginfod.ubuntu.com /usr/bin/cmake --install /media/mojarras/Wiwi/sinFiltro/robot_2dof_ros2/build/two_dof_interfaces
[2.179s] Level 1:colcon.colcon_core.environment:checking '/media/mojarras/Wiwi/sinFiltro/robot_2dof_ros2/install/two_dof_interfaces' for CMake config files
[2.180s] Level 1:colcon.colcon_core.shell:create_environment_hook('two_dof_interfaces', 'cmake_prefix_path')
[2.180s] INFO:colcon.colcon_core.shell:Creating environment hook '/media/mojarras/Wiwi/sinFiltro/robot_2dof_ros2/install/two_dof_interfaces/share/two_dof_interfaces/hook/cmake_prefix_path.ps1'
[2.181s] INFO:colcon.colcon_core.shell:Creating environment descriptor '/media/mojarras/Wiwi/sinFiltro/robot_2dof_ros2/install/two_dof_interfaces/share/two_dof_interfaces/hook/cmake_prefix_path.dsv'
[2.181s] INFO:colcon.colcon_core.shell:Creating environment hook '/media/mojarras/Wiwi/sinFiltro/robot_2dof_ros2/install/two_dof_interfaces/share/two_dof_interfaces/hook/cmake_prefix_path.sh'
[2.182s] Level 1:colcon.colcon_core.environment:checking '/media/mojarras/Wiwi/sinFiltro/robot_2dof_ros2/install/two_dof_interfaces/lib'
[2.182s] Level 1:colcon.colcon_core.shell:create_environment_hook('two_dof_interfaces', 'ld_library_path_lib')
[2.182s] INFO:colcon.colcon_core.shell:Creating environment hook '/media/mojarras/Wiwi/sinFiltro/robot_2dof_ros2/install/two_dof_interfaces/share/two_dof_interfaces/hook/ld_library_path_lib.ps1'
[2.183s] INFO:colcon.colcon_core.shell:Creating environment descriptor '/media/mojarras/Wiwi/sinFiltro/robot_2dof_ros2/install/two_dof_interfaces/share/two_dof_interfaces/hook/ld_library_path_lib.dsv'
[2.183s] INFO:colcon.colcon_core.shell:Creating environment hook '/media/mojarras/Wiwi/sinFiltro/robot_2dof_ros2/install/two_dof_interfaces/share/two_dof_interfaces/hook/ld_library_path_lib.sh'
[2.184s] Level 1:colcon.colcon_core.environment:checking '/media/mojarras/Wiwi/sinFiltro/robot_2dof_ros2/install/two_dof_interfaces/bin'
[2.184s] Level 1:colcon.colcon_core.environment:checking '/media/mojarras/Wiwi/sinFiltro/robot_2dof_ros2/install/two_dof_interfaces/lib/pkgconfig/two_dof_interfaces.pc'
[2.185s] Level 1:colcon.colcon_core.environment:checking '/media/mojarras/Wiwi/sinFiltro/robot_2dof_ros2/install/two_dof_interfaces/lib/python3.12/site-packages'
[2.185s] Level 1:colcon.colcon_core.shell:create_environment_hook('two_dof_interfaces', 'pythonpath')
[2.185s] INFO:colcon.colcon_core.shell:Creating environment hook '/media/mojarras/Wiwi/sinFiltro/robot_2dof_ros2/install/two_dof_interfaces/share/two_dof_interfaces/hook/pythonpath.ps1'
[2.186s] INFO:colcon.colcon_core.shell:Creating environment descriptor '/media/mojarras/Wiwi/sinFiltro/robot_2dof_ros2/install/two_dof_interfaces/share/two_dof_interfaces/hook/pythonpath.dsv'
[2.186s] INFO:colcon.colcon_core.shell:Creating environment hook '/media/mojarras/Wiwi/sinFiltro/robot_2dof_ros2/install/two_dof_interfaces/share/two_dof_interfaces/hook/pythonpath.sh'
[2.187s] Level 1:colcon.colcon_core.environment:checking '/media/mojarras/Wiwi/sinFiltro/robot_2dof_ros2/install/two_dof_interfaces/bin'
[2.188s] INFO:colcon.colcon_core.shell:Creating package script '/media/mojarras/Wiwi/sinFiltro/robot_2dof_ros2/install/two_dof_interfaces/share/two_dof_interfaces/package.ps1'
[2.188s] INFO:colcon.colcon_core.shell:Creating package descriptor '/media/mojarras/Wiwi/sinFiltro/robot_2dof_ros2/install/two_dof_interfaces/share/two_dof_interfaces/package.dsv'
[2.189s] INFO:colcon.colcon_core.shell:Creating package script '/media/mojarras/Wiwi/sinFiltro/robot_2dof_ros2/install/two_dof_interfaces/share/two_dof_interfaces/package.sh'
[2.189s] INFO:colcon.colcon_core.shell:Creating package script '/media/mojarras/Wiwi/sinFiltro/robot_2dof_ros2/install/two_dof_interfaces/share/two_dof_interfaces/package.bash'
[2.190s] INFO:colcon.colcon_core.shell:Creating package script '/media/mojarras/Wiwi/sinFiltro/robot_2dof_ros2/install/two_dof_interfaces/share/two_dof_interfaces/package.zsh'
[2.190s] Level 1:colcon.colcon_core.environment:create_file_with_runtime_dependencies(/media/mojarras/Wiwi/sinFiltro/robot_2dof_ros2/install/two_dof_interfaces/share/colcon-core/packages/two_dof_interfaces)
[2.191s] Level 1:colcon.colcon_core.environment:create_environment_scripts_only(two_dof_interfaces)
[2.191s] Level 1:colcon.colcon_core.environment:checking '/media/mojarras/Wiwi/sinFiltro/robot_2dof_ros2/install/two_dof_interfaces' for CMake module files
[2.192s] Level 1:colcon.colcon_core.environment:checking '/media/mojarras/Wiwi/sinFiltro/robot_2dof_ros2/install/two_dof_interfaces' for CMake config files
[2.193s] Level 1:colcon.colcon_core.shell:create_environment_hook('two_dof_interfaces', 'cmake_prefix_path')
[2.193s] INFO:colcon.colcon_core.shell:Creating environment hook '/media/mojarras/Wiwi/sinFiltro/robot_2dof_ros2/install/two_dof_interfaces/share/two_dof_interfaces/hook/cmake_prefix_path.ps1'
[2.194s] INFO:colcon.colcon_core.shell:Creating environment descriptor '/media/mojarras/Wiwi/sinFiltro/robot_2dof_ros2/install/two_dof_interfaces/share/two_dof_interfaces/hook/cmake_prefix_path.dsv'
[2.194s] INFO:colcon.colcon_core.shell:Creating environment hook '/media/mojarras/Wiwi/sinFiltro/robot_2dof_ros2/install/two_dof_interfaces/share/two_dof_interfaces/hook/cmake_prefix_path.sh'
[2.195s] Level 1:colcon.colcon_core.environment:checking '/media/mojarras/Wiwi/sinFiltro/robot_2dof_ros2/install/two_dof_interfaces/lib'
[2.195s] Level 1:colcon.colcon_core.shell:create_environment_hook('two_dof_interfaces', 'ld_library_path_lib')
[2.195s] INFO:colcon.colcon_core.shell:Creating environment hook '/media/mojarras/Wiwi/sinFiltro/robot_2dof_ros2/install/two_dof_interfaces/share/two_dof_interfaces/hook/ld_library_path_lib.ps1'
[2.196s] INFO:colcon.colcon_core.shell:Creating environment descriptor '/media/mojarras/Wiwi/sinFiltro/robot_2dof_ros2/install/two_dof_interfaces/share/two_dof_interfaces/hook/ld_library_path_lib.dsv'
[2.196s] INFO:colcon.colcon_core.shell:Creating environment hook '/media/mojarras/Wiwi/sinFiltro/robot_2dof_ros2/install/two_dof_interfaces/share/two_dof_interfaces/hook/ld_library_path_lib.sh'
[2.197s] Level 1:colcon.colcon_core.environment:checking '/media/mojarras/Wiwi/sinFiltro/robot_2dof_ros2/install/two_dof_interfaces/bin'
[2.197s] Level 1:colcon.colcon_core.environment:checking '/media/mojarras/Wiwi/sinFiltro/robot_2dof_ros2/install/two_dof_interfaces/lib/pkgconfig/two_dof_interfaces.pc'
[2.197s] Level 1:colcon.colcon_core.environment:checking '/media/mojarras/Wiwi/sinFiltro/robot_2dof_ros2/install/two_dof_interfaces/lib/python3.12/site-packages'
[2.198s] Level 1:colcon.colcon_core.shell:create_environment_hook('two_dof_interfaces', 'pythonpath')
[2.198s] INFO:colcon.colcon_core.shell:Creating environment hook '/media/mojarras/Wiwi/sinFiltro/robot_2dof_ros2/install/two_dof_interfaces/share/two_dof_interfaces/hook/pythonpath.ps1'
[2.198s] INFO:colcon.colcon_core.shell:Creating environment descriptor '/media/mojarras/Wiwi/sinFiltro/robot_2dof_ros2/install/two_dof_interfaces/share/two_dof_interfaces/hook/pythonpath.dsv'
[2.199s] INFO:colcon.colcon_core.shell:Creating environment hook '/media/mojarras/Wiwi/sinFiltro/robot_2dof_ros2/install/two_dof_interfaces/share/two_dof_interfaces/hook/pythonpath.sh'
[2.200s] Level 1:colcon.colcon_core.environment:checking '/media/mojarras/Wiwi/sinFiltro/robot_2dof_ros2/install/two_dof_interfaces/bin'
[2.200s] INFO:colcon.colcon_core.shell:Creating package script '/media/mojarras/Wiwi/sinFiltro/robot_2dof_ros2/install/two_dof_interfaces/share/two_dof_interfaces/package.ps1'
[2.201s] INFO:colcon.colcon_core.shell:Creating package descriptor '/media/mojarras/Wiwi/sinFiltro/robot_2dof_ros2/install/two_dof_interfaces/share/two_dof_interfaces/package.dsv'
[2.202s] INFO:colcon.colcon_core.shell:Creating package script '/media/mojarras/Wiwi/sinFiltro/robot_2dof_ros2/install/two_dof_interfaces/share/two_dof_interfaces/package.sh'
[2.203s] INFO:colcon.colcon_core.shell:Creating package script '/media/mojarras/Wiwi/sinFiltro/robot_2dof_ros2/install/two_dof_interfaces/share/two_dof_interfaces/package.bash'
[2.203s] INFO:colcon.colcon_core.shell:Creating package script '/media/mojarras/Wiwi/sinFiltro/robot_2dof_ros2/install/two_dof_interfaces/share/two_dof_interfaces/package.zsh'
[2.204s] Level 1:colcon.colcon_core.environment:create_file_with_runtime_dependencies(/media/mojarras/Wiwi/sinFiltro/robot_2dof_ros2/install/two_dof_interfaces/share/colcon-core/packages/two_dof_interfaces)
[2.792s] DEBUG:colcon.colcon_core.event_handler.log_command:Invoking command in '/media/mojarras/Wiwi/sinFiltro/robot_2dof_ros2/control': DEBUGINFOD_URLS=https://debuginfod.ubuntu.com PYTHONPATH=/media/mojarras/Wiwi/sinFiltro/robot_2dof_ros2/build/control/prefix_override:/usr/lib/python3/dist-packages/colcon_core/task/python/colcon_distutils_commands:/media/mojarras/Wiwi/sinFiltro/robot_2dof_ros2/install/control/lib/python3.12/site-packages:${PYTHONPATH} /usr/bin/python3 -W ignore:setup.py install is deprecated -W ignore:easy_install command is deprecated setup.py egg_info --egg-base ../build/control build --build-base /media/mojarras/Wiwi/sinFiltro/robot_2dof_ros2/build/control/build install --record /media/mojarras/Wiwi/sinFiltro/robot_2dof_ros2/build/control/install.log --single-version-externally-managed install_data
[4.009s] Level 1:colcon.colcon_core.environment:checking '/media/mojarras/Wiwi/sinFiltro/robot_2dof_ros2/install/control' for CMake module files
[4.010s] DEBUG:colcon.colcon_core.event_handler.log_command:Invoked command in '/media/mojarras/Wiwi/sinFiltro/robot_2dof_ros2/control' returned '0': DEBUGINFOD_URLS=https://debuginfod.ubuntu.com PYTHONPATH=/media/mojarras/Wiwi/sinFiltro/robot_2dof_ros2/build/control/prefix_override:/usr/lib/python3/dist-packages/colcon_core/task/python/colcon_distutils_commands:/media/mojarras/Wiwi/sinFiltro/robot_2dof_ros2/install/control/lib/python3.12/site-packages:${PYTHONPATH} /usr/bin/python3 -W ignore:setup.py install is deprecated -W ignore:easy_install command is deprecated setup.py egg_info --egg-base ../build/control build --build-base /media/mojarras/Wiwi/sinFiltro/robot_2dof_ros2/build/control/build install --record /media/mojarras/Wiwi/sinFiltro/robot_2dof_ros2/build/control/install.log --single-version-externally-managed install_data
[4.011s] Level 1:colcon.colcon_core.environment:checking '/media/mojarras/Wiwi/sinFiltro/robot_2dof_ros2/install/control' for CMake config files
[4.011s] Level 1:colcon.colcon_core.environment:checking '/media/mojarras/Wiwi/sinFiltro/robot_2dof_ros2/install/control/lib'
[4.011s] Level 1:colcon.colcon_core.environment:checking '/media/mojarras/Wiwi/sinFiltro/robot_2dof_ros2/install/control/bin'
[4.012s] Level 1:colcon.colcon_core.environment:checking '/media/mojarras/Wiwi/sinFiltro/robot_2dof_ros2/install/control/lib/pkgconfig/control.pc'
[4.012s] Level 1:colcon.colcon_core.environment:checking '/media/mojarras/Wiwi/sinFiltro/robot_2dof_ros2/install/control/lib/python3.12/site-packages'
[4.012s] Level 1:colcon.colcon_core.shell:create_environment_hook('control', 'pythonpath')
[4.012s] INFO:colcon.colcon_core.shell:Creating environment hook '/media/mojarras/Wiwi/sinFiltro/robot_2dof_ros2/install/control/share/control/hook/pythonpath.ps1'
[4.013s] INFO:colcon.colcon_core.shell:Creating environment descriptor '/media/mojarras/Wiwi/sinFiltro/robot_2dof_ros2/install/control/share/control/hook/pythonpath.dsv'
[4.013s] INFO:colcon.colcon_core.shell:Creating environment hook '/media/mojarras/Wiwi/sinFiltro/robot_2dof_ros2/install/control/share/control/hook/pythonpath.sh'
[4.014s] Level 1:colcon.colcon_core.environment:checking '/media/mojarras/Wiwi/sinFiltro/robot_2dof_ros2/install/control/bin'
[4.014s] Level 1:colcon.colcon_core.environment:create_environment_scripts_only(control)
[4.015s] INFO:colcon.colcon_core.shell:Creating package script '/media/mojarras/Wiwi/sinFiltro/robot_2dof_ros2/install/control/share/control/package.ps1'
[4.015s] INFO:colcon.colcon_core.shell:Creating package descriptor '/media/mojarras/Wiwi/sinFiltro/robot_2dof_ros2/install/control/share/control/package.dsv'
[4.016s] INFO:colcon.colcon_core.shell:Creating package script '/media/mojarras/Wiwi/sinFiltro/robot_2dof_ros2/install/control/share/control/package.sh'
[4.016s] INFO:colcon.colcon_core.shell:Creating package script '/media/mojarras/Wiwi/sinFiltro/robot_2dof_ros2/install/control/share/control/package.bash'
[4.017s] INFO:colcon.colcon_core.shell:Creating package script '/media/mojarras/Wiwi/sinFiltro/robot_2dof_ros2/install/control/share/control/package.zsh'
[4.017s] Level 1:colcon.colcon_core.environment:create_file_with_runtime_dependencies(/media/mojarras/Wiwi/sinFiltro/robot_2dof_ros2/install/control/share/colcon-core/packages/control)
[4.017s] DEBUG:colcon.colcon_parallel_executor.executor.parallel:closing loop
[4.018s] DEBUG:colcon.colcon_parallel_executor.executor.parallel:loop closed
[4.018s] DEBUG:colcon.colcon_parallel_executor.executor.parallel:run_until_complete finished with '0'
[4.018s] DEBUG:colcon.colcon_core.event_reactor:joining thread
[4.032s] INFO:colcon.colcon_core.plugin_system:Skipping extension 'colcon_notification.desktop_notification.terminal_notifier': Not used on non-Darwin systems
[4.032s] INFO:colcon.colcon_core.plugin_system:Skipping extension 'colcon_notification.desktop_notification.win32': Not used on non-Windows systems
[4.032s] INFO:colcon.colcon_notification.desktop_notification:Sending desktop notification using 'notify2'
[4.050s] DEBUG:colcon.colcon_core.event_reactor:joined thread
[4.050s] INFO:colcon.colcon_core.shell:Creating prefix script '/media/mojarras/Wiwi/sinFiltro/robot_2dof_ros2/install/local_setup.ps1'
[4.051s] INFO:colcon.colcon_core.shell:Creating prefix util module '/media/mojarras/Wiwi/sinFiltro/robot_2dof_ros2/install/_local_setup_util_ps1.py'
[4.053s] INFO:colcon.colcon_core.shell:Creating prefix chain script '/media/mojarras/Wiwi/sinFiltro/robot_2dof_ros2/install/setup.ps1'
[4.054s] INFO:colcon.colcon_core.shell:Creating prefix script '/media/mojarras/Wiwi/sinFiltro/robot_2dof_ros2/install/local_setup.sh'
[4.055s] INFO:colcon.colcon_core.shell:Creating prefix util module '/media/mojarras/Wiwi/sinFiltro/robot_2dof_ros2/install/_local_setup_util_sh.py'
[4.056s] INFO:colcon.colcon_core.shell:Creating prefix chain script '/media/mojarras/Wiwi/sinFiltro/robot_2dof_ros2/install/setup.sh'
[4.057s] INFO:colcon.colcon_core.shell:Creating prefix script '/media/mojarras/Wiwi/sinFiltro/robot_2dof_ros2/install/local_setup.bash'
[4.058s] INFO:colcon.colcon_core.shell:Creating prefix chain script '/media/mojarras/Wiwi/sinFiltro/robot_2dof_ros2/install/setup.bash'
[4.059s] INFO:colcon.colcon_core.shell:Creating prefix script '/media/mojarras/Wiwi/sinFiltro/robot_2dof_ros2/install/local_setup.zsh'
[4.060s] INFO:colcon.colcon_core.shell:Creating prefix chain script '/media/mojarras/Wiwi/sinFiltro/robot_2dof_ros2/install/setup.zsh'
