[0.571s] Invoking command in '/media/mojarras/Wiwi/sinFiltro/robot_2dof_ros2/build/simulation_2dof': CMAKE_PREFIX_PATH=${CMAKE_PREFIX_PATH}:/opt/ros/jazzy DEBUGINFOD_URLS=https://debuginfod.ubuntu.com /usr/bin/cmake /media/mojarras/Wiwi/sinFiltro/robot_2dof_ros2/simulation_2dof -DCMAKE_INSTALL_PREFIX=/media/mojarras/Wiwi/sinFiltro/robot_2dof_ros2/install/simulation_2dof
[0.688s] -- The C compiler identification is GNU 13.3.0
[0.796s] -- The CXX compiler identification is GNU 13.3.0
[0.844s] -- Detecting C compiler ABI info
[0.993s] -- Detecting C compiler ABI info - done
[1.010s] -- Check for working C compiler: /usr/lib/ccache/cc - skipped
[1.010s] -- Detecting C compile features
[1.011s] -- Detecting C compile features - done
[1.030s] -- Detecting CXX compiler ABI info
[1.205s] -- Detecting CXX compiler ABI info - done
[1.229s] -- Check for working CXX compiler: /usr/lib/ccache/c++ - skipped
[1.229s] -- Detecting CXX compile features
[1.230s] -- Detecting CXX compile features - done
[1.238s] -- Found ament_cmake: 2.5.5 (/opt/ros/jazzy/share/ament_cmake/cmake)
[1.500s] -- Found Python3: /usr/bin/python3 (found version "3.12.3") found components: Interpreter 
[1.710s] -- Found ament_lint_auto: 0.17.4 (/opt/ros/jazzy/share/ament_lint_auto/cmake)
[1.927s] -- Added test 'flake8' to check Python code syntax and style conventions
[1.928s] -- Configured 'flake8' exclude dirs and/or files: 
[1.929s] -- Added test 'lint_cmake' to check CMake code style
[1.931s] -- Added test 'pep257' to check Python code against some of the docstring style conventions in PEP 257
[1.935s] -- Added test 'xmllint' to check XML markup files
[1.944s] -- Configuring done (1.4s)
[1.966s] -- Generating done (0.0s)
[1.971s] -- Build files have been written to: /media/mojarras/Wiwi/sinFiltro/robot_2dof_ros2/build/simulation_2dof
[1.985s] Invoked command in '/media/mojarras/Wiwi/sinFiltro/robot_2dof_ros2/build/simulation_2dof' returned '0': CMAKE_PREFIX_PATH=${CMAKE_PREFIX_PATH}:/opt/ros/jazzy DEBUGINFOD_URLS=https://debuginfod.ubuntu.com /usr/bin/cmake /media/mojarras/Wiwi/sinFiltro/robot_2dof_ros2/simulation_2dof -DCMAKE_INSTALL_PREFIX=/media/mojarras/Wiwi/sinFiltro/robot_2dof_ros2/install/simulation_2dof
[1.987s] Invoking command in '/media/mojarras/Wiwi/sinFiltro/robot_2dof_ros2/build/simulation_2dof': CMAKE_PREFIX_PATH=${CMAKE_PREFIX_PATH}:/opt/ros/jazzy DEBUGINFOD_URLS=https://debuginfod.ubuntu.com /usr/bin/cmake --build /media/mojarras/Wiwi/sinFiltro/robot_2dof_ros2/build/simulation_2dof -- -j8 -l8
[2.088s] Invoked command in '/media/mojarras/Wiwi/sinFiltro/robot_2dof_ros2/build/simulation_2dof' returned '0': CMAKE_PREFIX_PATH=${CMAKE_PREFIX_PATH}:/opt/ros/jazzy DEBUGINFOD_URLS=https://debuginfod.ubuntu.com /usr/bin/cmake --build /media/mojarras/Wiwi/sinFiltro/robot_2dof_ros2/build/simulation_2dof -- -j8 -l8
[2.105s] Invoking command in '/media/mojarras/Wiwi/sinFiltro/robot_2dof_ros2/build/simulation_2dof': CMAKE_PREFIX_PATH=${CMAKE_PREFIX_PATH}:/opt/ros/jazzy DEBUGINFOD_URLS=https://debuginfod.ubuntu.com /usr/bin/cmake --install /media/mojarras/Wiwi/sinFiltro/robot_2dof_ros2/build/simulation_2dof
[2.123s] -- Install configuration: ""
[2.123s] -- Installing: /media/mojarras/Wiwi/sinFiltro/robot_2dof_ros2/install/simulation_2dof/share/simulation_2dof/urdf
[2.124s] -- Installing: /media/mojarras/Wiwi/sinFiltro/robot_2dof_ros2/install/simulation_2dof/share/simulation_2dof/urdf/robot_2dof.urdf
[2.124s] -- Installing: /media/mojarras/Wiwi/sinFiltro/robot_2dof_ros2/install/simulation_2dof/share/simulation_2dof/launch
[2.124s] -- Installing: /media/mojarras/Wiwi/sinFiltro/robot_2dof_ros2/install/simulation_2dof/share/simulation_2dof/launch/simulation_2dof.launch.py
[2.124s] -- Installing: /media/mojarras/Wiwi/sinFiltro/robot_2dof_ros2/install/simulation_2dof/share/simulation_2dof/config
[2.125s] -- Installing: /media/mojarras/Wiwi/sinFiltro/robot_2dof_ros2/install/simulation_2dof/share/simulation_2dof/config/controllers.yaml
[2.125s] -- Installing: /media/mojarras/Wiwi/sinFiltro/robot_2dof_ros2/install/simulation_2dof/share/ament_index/resource_index/package_run_dependencies/simulation_2dof
[2.134s] -- Installing: /media/mojarras/Wiwi/sinFiltro/robot_2dof_ros2/install/simulation_2dof/share/ament_index/resource_index/parent_prefix_path/simulation_2dof
[2.135s] -- Installing: /media/mojarras/Wiwi/sinFiltro/robot_2dof_ros2/install/simulation_2dof/share/simulation_2dof/environment/ament_prefix_path.sh
[2.143s] -- Installing: /media/mojarras/Wiwi/sinFiltro/robot_2dof_ros2/install/simulation_2dof/share/simulation_2dof/environment/ament_prefix_path.dsv
[2.148s] -- Installing: /media/mojarras/Wiwi/sinFiltro/robot_2dof_ros2/install/simulation_2dof/share/simulation_2dof/environment/path.sh
[2.149s] -- Installing: /media/mojarras/Wiwi/sinFiltro/robot_2dof_ros2/install/simulation_2dof/share/simulation_2dof/environment/path.dsv
[2.150s] -- Installing: /media/mojarras/Wiwi/sinFiltro/robot_2dof_ros2/install/simulation_2dof/share/simulation_2dof/local_setup.bash
[2.150s] -- Installing: /media/mojarras/Wiwi/sinFiltro/robot_2dof_ros2/install/simulation_2dof/share/simulation_2dof/local_setup.sh
[2.150s] -- Installing: /media/mojarras/Wiwi/sinFiltro/robot_2dof_ros2/install/simulation_2dof/share/simulation_2dof/local_setup.zsh
[2.151s] -- Installing: /media/mojarras/Wiwi/sinFiltro/robot_2dof_ros2/install/simulation_2dof/share/simulation_2dof/local_setup.dsv
[2.151s] -- Installing: /media/mojarras/Wiwi/sinFiltro/robot_2dof_ros2/install/simulation_2dof/share/simulation_2dof/package.dsv
[2.152s] -- Installing: /media/mojarras/Wiwi/sinFiltro/robot_2dof_ros2/install/simulation_2dof/share/ament_index/resource_index/packages/simulation_2dof
[2.152s] -- Installing: /media/mojarras/Wiwi/sinFiltro/robot_2dof_ros2/install/simulation_2dof/share/simulation_2dof/cmake/simulation_2dofConfig.cmake
[2.152s] -- Installing: /media/mojarras/Wiwi/sinFiltro/robot_2dof_ros2/install/simulation_2dof/share/simulation_2dof/cmake/simulation_2dofConfig-version.cmake
[2.153s] -- Installing: /media/mojarras/Wiwi/sinFiltro/robot_2dof_ros2/install/simulation_2dof/share/simulation_2dof/package.xml
[2.156s] Invoked command in '/media/mojarras/Wiwi/sinFiltro/robot_2dof_ros2/build/simulation_2dof' returned '0': CMAKE_PREFIX_PATH=${CMAKE_PREFIX_PATH}:/opt/ros/jazzy DEBUGINFOD_URLS=https://debuginfod.ubuntu.com /usr/bin/cmake --install /media/mojarras/Wiwi/sinFiltro/robot_2dof_ros2/build/simulation_2dof
