-- The C compiler identification is GNU 13.3.0
-- The CXX compiler identification is GNU 13.3.0
-- Detecting C compiler ABI info
-- Detecting C compiler ABI info - done
-- Check for working C compiler: /usr/lib/ccache/cc - skipped
-- Detecting C compile features
-- Detecting C compile features - done
-- Detecting CXX compiler ABI info
-- Detecting CXX compiler ABI info - done
-- Check for working CXX compiler: /usr/lib/ccache/c++ - skipped
-- Detecting CXX compile features
-- Detecting CXX compile features - done
-- Found ament_cmake: 2.5.5 (/opt/ros/jazzy/share/ament_cmake/cmake)
-- Found Python3: /usr/bin/python3 (found version "3.12.3") found components: Interpreter 
-- Found rclcpp: 28.1.16 (/opt/ros/jazzy/share/rclcpp/cmake)
-- Found rosidl_generator_c: 4.6.7 (/opt/ros/jazzy/share/rosidl_generator_c/cmake)
-- Found rosidl_generator_cpp: 4.6.7 (/opt/ros/jazzy/share/rosidl_generator_cpp/cmake)
-- Using all available rosidl_typesupport_c: rosidl_typesupport_fastrtps_c;rosidl_typesupport_introspection_c
-- Using all available rosidl_typesupport_cpp: rosidl_typesupport_fastrtps_cpp;rosidl_typesupport_introspection_cpp
-- Found rmw_implementation_cmake: 7.3.3 (/opt/ros/jazzy/share/rmw_implementation_cmake/cmake)
-- Found rmw_fastrtps_cpp: 8.4.3 (/opt/ros/jazzy/share/rmw_fastrtps_cpp/cmake)
-- Found OpenSSL: /usr/lib/x86_64-linux-gnu/libcrypto.so (found version "3.0.13")  
-- Found FastRTPS: /opt/ros/jazzy/include (Required is at least version "2.13") 
-- Using RMW implementation 'rmw_fastrtps_cpp' as default
-- Found sensor_msgs: 5.3.6 (/opt/ros/jazzy/share/sensor_msgs/cmake)
-- Found ament_lint_auto: 0.17.4 (/opt/ros/jazzy/share/ament_lint_auto/cmake)
-- Added test 'cppcheck' to perform static code analysis on C / C++ code
-- Configured cppcheck include dirs: 
-- Configured cppcheck exclude dirs and/or files: 
-- Added test 'lint_cmake' to check CMake code style
-- Added test 'uncrustify' to check C / C++ code style
-- Configured uncrustify additional arguments: 
-- Added test 'xmllint' to check XML markup files
-- Configuring done (2.5s)
-- Generating done (0.0s)
-- Build files have been written to: /media/mojarras/Wiwi/sinFiltro/robot_2dof_ros2/build/kalman_filter
[ 50%] [32mBuilding CXX object CMakeFiles/kalman_filter_node.dir/src/kalman_filter.cpp.o[0m
[100%] [32m[1mLinking CXX executable kalman_filter_node[0m
[100%] Built target kalman_filter_node
-- Install configuration: ""
-- Installing: /media/mojarras/Wiwi/sinFiltro/robot_2dof_ros2/install/kalman_filter/lib/kalman_filter/kalman_filter_node
-- Set non-toolchain portion of runtime path of "/media/mojarras/Wiwi/sinFiltro/robot_2dof_ros2/install/kalman_filter/lib/kalman_filter/kalman_filter_node" to ""
-- Installing: /media/mojarras/Wiwi/sinFiltro/robot_2dof_ros2/install/kalman_filter/share/ament_index/resource_index/package_run_dependencies/kalman_filter
-- Installing: /media/mojarras/Wiwi/sinFiltro/robot_2dof_ros2/install/kalman_filter/share/ament_index/resource_index/parent_prefix_path/kalman_filter
-- Installing: /media/mojarras/Wiwi/sinFiltro/robot_2dof_ros2/install/kalman_filter/share/kalman_filter/environment/ament_prefix_path.sh
-- Installing: /media/mojarras/Wiwi/sinFiltro/robot_2dof_ros2/install/kalman_filter/share/kalman_filter/environment/ament_prefix_path.dsv
-- Installing: /media/mojarras/Wiwi/sinFiltro/robot_2dof_ros2/install/kalman_filter/share/kalman_filter/environment/path.sh
-- Installing: /media/mojarras/Wiwi/sinFiltro/robot_2dof_ros2/install/kalman_filter/share/kalman_filter/environment/path.dsv
-- Installing: /media/mojarras/Wiwi/sinFiltro/robot_2dof_ros2/install/kalman_filter/share/kalman_filter/local_setup.bash
-- Installing: /media/mojarras/Wiwi/sinFiltro/robot_2dof_ros2/install/kalman_filter/share/kalman_filter/local_setup.sh
-- Installing: /media/mojarras/Wiwi/sinFiltro/robot_2dof_ros2/install/kalman_filter/share/kalman_filter/local_setup.zsh
-- Installing: /media/mojarras/Wiwi/sinFiltro/robot_2dof_ros2/install/kalman_filter/share/kalman_filter/local_setup.dsv
-- Installing: /media/mojarras/Wiwi/sinFiltro/robot_2dof_ros2/install/kalman_filter/share/kalman_filter/package.dsv
-- Installing: /media/mojarras/Wiwi/sinFiltro/robot_2dof_ros2/install/kalman_filter/share/ament_index/resource_index/packages/kalman_filter
-- Installing: /media/mojarras/Wiwi/sinFiltro/robot_2dof_ros2/install/kalman_filter/share/kalman_filter/cmake/kalman_filterConfig.cmake
-- Installing: /media/mojarras/Wiwi/sinFiltro/robot_2dof_ros2/install/kalman_filter/share/kalman_filter/cmake/kalman_filterConfig-version.cmake
-- Installing: /media/mojarras/Wiwi/sinFiltro/robot_2dof_ros2/install/kalman_filter/share/kalman_filter/package.xml
