[0.577s] Invoking command in '/media/mojarras/Wiwi/sinFiltro/robot_2dof_ros2/build/kalman_filter': CMAKE_PREFIX_PATH=${CMAKE_PREFIX_PATH}:/opt/ros/jazzy DEBUGINFOD_URLS=https://debuginfod.ubuntu.com /usr/bin/cmake /media/mojarras/Wiwi/sinFiltro/robot_2dof_ros2/kalman_filter -DCMAKE_INSTALL_PREFIX=/media/mojarras/Wiwi/sinFiltro/robot_2dof_ros2/install/kalman_filter
[0.611s] -- The C compiler identification is GNU 13.3.0
[0.755s] -- The CXX compiler identification is GNU 13.3.0
[0.800s] -- Detecting C compiler ABI info
[0.948s] -- Detecting C compiler ABI info - done
[0.964s] -- Check for working C compiler: /usr/lib/ccache/cc - skipped
[0.964s] -- Detecting C compile features
[0.965s] -- Detecting C compile features - done
[0.985s] -- Detecting CXX compiler ABI info
[1.132s] -- Detecting CXX compiler ABI info - done
[1.149s] -- Check for working CXX compiler: /usr/lib/ccache/c++ - skipped
[1.149s] -- Detecting CXX compile features
[1.151s] -- Detecting CXX compile features - done
[1.166s] -- Found ament_cmake: 2.5.5 (/opt/ros/jazzy/share/ament_cmake/cmake)
[1.457s] -- Found Python3: /usr/bin/python3 (found version "3.12.3") found components: Interpreter 
[1.696s] -- Found rclcpp: 28.1.16 (/opt/ros/jazzy/share/rclcpp/cmake)
[1.807s] -- Found rosidl_generator_c: 4.6.7 (/opt/ros/jazzy/share/rosidl_generator_c/cmake)
[1.841s] -- Found rosidl_generator_cpp: 4.6.7 (/opt/ros/jazzy/share/rosidl_generator_cpp/cmake)
[1.894s] -- Using all available rosidl_typesupport_c: rosidl_typesupport_fastrtps_c;rosidl_typesupport_introspection_c
[1.953s] -- Using all available rosidl_typesupport_cpp: rosidl_typesupport_fastrtps_cpp;rosidl_typesupport_introspection_cpp
[2.208s] -- Found rmw_implementation_cmake: 7.3.3 (/opt/ros/jazzy/share/rmw_implementation_cmake/cmake)
[2.218s] -- Found rmw_fastrtps_cpp: 8.4.3 (/opt/ros/jazzy/share/rmw_fastrtps_cpp/cmake)
[2.430s] -- Found OpenSSL: /usr/lib/x86_64-linux-gnu/libcrypto.so (found version "3.0.13")  
[2.478s] -- Found FastRTPS: /opt/ros/jazzy/include (Required is at least version "2.13") 
[2.545s] -- Using RMW implementation 'rmw_fastrtps_cpp' as default
[2.716s] -- Found sensor_msgs: 5.3.6 (/opt/ros/jazzy/share/sensor_msgs/cmake)
[2.862s] -- Found ament_lint_auto: 0.17.4 (/opt/ros/jazzy/share/ament_lint_auto/cmake)
[3.052s] -- Added test 'cppcheck' to perform static code analysis on C / C++ code
[3.053s] -- Configured cppcheck include dirs: 
[3.053s] -- Configured cppcheck exclude dirs and/or files: 
[3.054s] -- Added test 'lint_cmake' to check CMake code style
[3.056s] -- Added test 'uncrustify' to check C / C++ code style
[3.057s] -- Configured uncrustify additional arguments: 
[3.058s] -- Added test 'xmllint' to check XML markup files
[3.061s] -- Configuring done (2.5s)
[3.079s] -- Generating done (0.0s)
[3.086s] -- Build files have been written to: /media/mojarras/Wiwi/sinFiltro/robot_2dof_ros2/build/kalman_filter
[3.100s] Invoked command in '/media/mojarras/Wiwi/sinFiltro/robot_2dof_ros2/build/kalman_filter' returned '0': CMAKE_PREFIX_PATH=${CMAKE_PREFIX_PATH}:/opt/ros/jazzy DEBUGINFOD_URLS=https://debuginfod.ubuntu.com /usr/bin/cmake /media/mojarras/Wiwi/sinFiltro/robot_2dof_ros2/kalman_filter -DCMAKE_INSTALL_PREFIX=/media/mojarras/Wiwi/sinFiltro/robot_2dof_ros2/install/kalman_filter
[3.102s] Invoking command in '/media/mojarras/Wiwi/sinFiltro/robot_2dof_ros2/build/kalman_filter': CMAKE_PREFIX_PATH=${CMAKE_PREFIX_PATH}:/opt/ros/jazzy DEBUGINFOD_URLS=https://debuginfod.ubuntu.com /usr/bin/cmake --build /media/mojarras/Wiwi/sinFiltro/robot_2dof_ros2/build/kalman_filter -- -j8 -l8
[3.188s] [ 50%] [32mBuilding CXX object CMakeFiles/kalman_filter_node.dir/src/kalman_filter.cpp.o[0m
[16.452s] [100%] [32m[1mLinking CXX executable kalman_filter_node[0m
[16.890s] [100%] Built target kalman_filter_node
[16.908s] Invoked command in '/media/mojarras/Wiwi/sinFiltro/robot_2dof_ros2/build/kalman_filter' returned '0': CMAKE_PREFIX_PATH=${CMAKE_PREFIX_PATH}:/opt/ros/jazzy DEBUGINFOD_URLS=https://debuginfod.ubuntu.com /usr/bin/cmake --build /media/mojarras/Wiwi/sinFiltro/robot_2dof_ros2/build/kalman_filter -- -j8 -l8
[16.910s] Invoking command in '/media/mojarras/Wiwi/sinFiltro/robot_2dof_ros2/build/kalman_filter': CMAKE_PREFIX_PATH=${CMAKE_PREFIX_PATH}:/opt/ros/jazzy DEBUGINFOD_URLS=https://debuginfod.ubuntu.com /usr/bin/cmake --install /media/mojarras/Wiwi/sinFiltro/robot_2dof_ros2/build/kalman_filter
[16.922s] -- Install configuration: ""
[16.923s] -- Installing: /media/mojarras/Wiwi/sinFiltro/robot_2dof_ros2/install/kalman_filter/lib/kalman_filter/kalman_filter_node
[16.929s] -- Set non-toolchain portion of runtime path of "/media/mojarras/Wiwi/sinFiltro/robot_2dof_ros2/install/kalman_filter/lib/kalman_filter/kalman_filter_node" to ""
[16.930s] -- Installing: /media/mojarras/Wiwi/sinFiltro/robot_2dof_ros2/install/kalman_filter/share/ament_index/resource_index/package_run_dependencies/kalman_filter
[16.930s] -- Installing: /media/mojarras/Wiwi/sinFiltro/robot_2dof_ros2/install/kalman_filter/share/ament_index/resource_index/parent_prefix_path/kalman_filter
[16.930s] -- Installing: /media/mojarras/Wiwi/sinFiltro/robot_2dof_ros2/install/kalman_filter/share/kalman_filter/environment/ament_prefix_path.sh
[16.931s] -- Installing: /media/mojarras/Wiwi/sinFiltro/robot_2dof_ros2/install/kalman_filter/share/kalman_filter/environment/ament_prefix_path.dsv
[16.931s] -- Installing: /media/mojarras/Wiwi/sinFiltro/robot_2dof_ros2/install/kalman_filter/share/kalman_filter/environment/path.sh
[16.931s] -- Installing: /media/mojarras/Wiwi/sinFiltro/robot_2dof_ros2/install/kalman_filter/share/kalman_filter/environment/path.dsv
[16.931s] -- Installing: /media/mojarras/Wiwi/sinFiltro/robot_2dof_ros2/install/kalman_filter/share/kalman_filter/local_setup.bash
[16.932s] -- Installing: /media/mojarras/Wiwi/sinFiltro/robot_2dof_ros2/install/kalman_filter/share/kalman_filter/local_setup.sh
[16.932s] -- Installing: /media/mojarras/Wiwi/sinFiltro/robot_2dof_ros2/install/kalman_filter/share/kalman_filter/local_setup.zsh
[16.932s] -- Installing: /media/mojarras/Wiwi/sinFiltro/robot_2dof_ros2/install/kalman_filter/share/kalman_filter/local_setup.dsv
[16.932s] -- Installing: /media/mojarras/Wiwi/sinFiltro/robot_2dof_ros2/install/kalman_filter/share/kalman_filter/package.dsv
[16.933s] -- Installing: /media/mojarras/Wiwi/sinFiltro/robot_2dof_ros2/install/kalman_filter/share/ament_index/resource_index/packages/kalman_filter
[16.933s] -- Installing: /media/mojarras/Wiwi/sinFiltro/robot_2dof_ros2/install/kalman_filter/share/kalman_filter/cmake/kalman_filterConfig.cmake
[16.933s] -- Installing: /media/mojarras/Wiwi/sinFiltro/robot_2dof_ros2/install/kalman_filter/share/kalman_filter/cmake/kalman_filterConfig-version.cmake
[16.933s] -- Installing: /media/mojarras/Wiwi/sinFiltro/robot_2dof_ros2/install/kalman_filter/share/kalman_filter/package.xml
[16.937s] Invoked command in '/media/mojarras/Wiwi/sinFiltro/robot_2dof_ros2/build/kalman_filter' returned '0': CMAKE_PREFIX_PATH=${CMAKE_PREFIX_PATH}:/opt/ros/jazzy DEBUGINFOD_URLS=https://debuginfod.ubuntu.com /usr/bin/cmake --install /media/mojarras/Wiwi/sinFiltro/robot_2dof_ros2/build/kalman_filter
