[0.489s] Invoking command in '/media/mojarras/Wiwi/sinFiltro/robot_2dof_ros2/build/kalman_filter': CMAKE_PREFIX_PATH=${CMAKE_PREFIX_PATH}:/media/mojarras/Wiwi/sinFiltro/robot_2dof_ros2/install/control:/opt/ros/jazzy DEBUGINFOD_URLS=https://debuginfod.ubuntu.com /usr/bin/cmake --build /media/mojarras/Wiwi/sinFiltro/robot_2dof_ros2/build/kalman_filter -- -j8 -l8
[0.600s] [100%] Built target kalman_filter_node
[0.677s] Invoked command in '/media/mojarras/Wiwi/sinFiltro/robot_2dof_ros2/build/kalman_filter' returned '0': CMAKE_PREFIX_PATH=${CMAKE_PREFIX_PATH}:/media/mojarras/Wiwi/sinFiltro/robot_2dof_ros2/install/control:/opt/ros/jazzy DEBUGINFOD_URLS=https://debuginfod.ubuntu.com /usr/bin/cmake --build /media/mojarras/Wiwi/sinFiltro/robot_2dof_ros2/build/kalman_filter -- -j8 -l8
[0.678s] Invoking command in '/media/mojarras/Wiwi/sinFiltro/robot_2dof_ros2/build/kalman_filter': CMAKE_PREFIX_PATH=${CMAKE_PREFIX_PATH}:/media/mojarras/Wiwi/sinFiltro/robot_2dof_ros2/install/control:/opt/ros/jazzy DEBUGINFOD_URLS=https://debuginfod.ubuntu.com /usr/bin/cmake --install /media/mojarras/Wiwi/sinFiltro/robot_2dof_ros2/build/kalman_filter
[0.703s] -- Install configuration: ""
[0.704s] -- Up-to-date: /media/mojarras/Wiwi/sinFiltro/robot_2dof_ros2/install/kalman_filter/lib/kalman_filter/kalman_filter_node
[0.704s] -- Up-to-date: /media/mojarras/Wiwi/sinFiltro/robot_2dof_ros2/install/kalman_filter/share/ament_index/resource_index/package_run_dependencies/kalman_filter
[0.705s] -- Up-to-date: /media/mojarras/Wiwi/sinFiltro/robot_2dof_ros2/install/kalman_filter/share/ament_index/resource_index/parent_prefix_path/kalman_filter
[0.705s] -- Up-to-date: /media/mojarras/Wiwi/sinFiltro/robot_2dof_ros2/install/kalman_filter/share/kalman_filter/environment/ament_prefix_path.sh
[0.705s] -- Up-to-date: /media/mojarras/Wiwi/sinFiltro/robot_2dof_ros2/install/kalman_filter/share/kalman_filter/environment/ament_prefix_path.dsv
[0.705s] -- Up-to-date: /media/mojarras/Wiwi/sinFiltro/robot_2dof_ros2/install/kalman_filter/share/kalman_filter/environment/path.sh
[0.706s] -- Up-to-date: /media/mojarras/Wiwi/sinFiltro/robot_2dof_ros2/install/kalman_filter/share/kalman_filter/environment/path.dsv
[0.706s] -- Up-to-date: /media/mojarras/Wiwi/sinFiltro/robot_2dof_ros2/install/kalman_filter/share/kalman_filter/local_setup.bash
[0.706s] -- Up-to-date: /media/mojarras/Wiwi/sinFiltro/robot_2dof_ros2/install/kalman_filter/share/kalman_filter/local_setup.sh
[0.707s] -- Up-to-date: /media/mojarras/Wiwi/sinFiltro/robot_2dof_ros2/install/kalman_filter/share/kalman_filter/local_setup.zsh
[0.707s] -- Up-to-date: /media/mojarras/Wiwi/sinFiltro/robot_2dof_ros2/install/kalman_filter/share/kalman_filter/local_setup.dsv
[0.707s] -- Installing: /media/mojarras/Wiwi/sinFiltro/robot_2dof_ros2/install/kalman_filter/share/kalman_filter/package.dsv
[0.707s] -- Up-to-date: /media/mojarras/Wiwi/sinFiltro/robot_2dof_ros2/install/kalman_filter/share/ament_index/resource_index/packages/kalman_filter
[0.707s] -- Up-to-date: /media/mojarras/Wiwi/sinFiltro/robot_2dof_ros2/install/kalman_filter/share/kalman_filter/cmake/kalman_filterConfig.cmake
[0.708s] -- Up-to-date: /media/mojarras/Wiwi/sinFiltro/robot_2dof_ros2/install/kalman_filter/share/kalman_filter/cmake/kalman_filterConfig-version.cmake
[0.708s] -- Up-to-date: /media/mojarras/Wiwi/sinFiltro/robot_2dof_ros2/install/kalman_filter/share/kalman_filter/package.xml
[0.717s] Invoked command in '/media/mojarras/Wiwi/sinFiltro/robot_2dof_ros2/build/kalman_filter' returned '0': CMAKE_PREFIX_PATH=${CMAKE_PREFIX_PATH}:/media/mojarras/Wiwi/sinFiltro/robot_2dof_ros2/install/control:/opt/ros/jazzy DEBUGINFOD_URLS=https://debuginfod.ubuntu.com /usr/bin/cmake --install /media/mojarras/Wiwi/sinFiltro/robot_2dof_ros2/build/kalman_filter
