[0.471s] Invoking command in '/media/mojarras/Wiwi/sinFiltro/robot_2dof_ros2/build/two_dof_interfaces': CMAKE_PREFIX_PATH=${CMAKE_PREFIX_PATH}:/media/mojarras/Wiwi/sinFiltro/robot_2dof_ros2/install/control:/opt/ros/jazzy DEBUGINFOD_URLS=https://debuginfod.ubuntu.com /usr/bin/cmake --build /media/mojarras/Wiwi/sinFiltro/robot_2dof_ros2/build/two_dof_interfaces -- -j8 -l8
[0.574s] [  2%] Built target two_dof_interfaces__rosidl_generator_type_description
[0.610s] [  2%] Built target ament_cmake_python_copy_two_dof_interfaces
[0.633s] [  5%] Built target two_dof_interfaces__cpp
[0.636s] [ 20%] Built target two_dof_interfaces__rosidl_generator_c
[0.710s] [ 29%] Built target two_dof_interfaces__rosidl_typesupport_introspection_c
[0.710s] [ 38%] Built target two_dof_interfaces__rosidl_typesupport_introspection_cpp
[0.711s] [ 47%] Built target two_dof_interfaces__rosidl_typesupport_c
[0.717s] [ 55%] Built target two_dof_interfaces__rosidl_typesupport_fastrtps_cpp
[0.717s] [ 64%] Built target two_dof_interfaces__rosidl_typesupport_fastrtps_c
[0.723s] [ 73%] Built target two_dof_interfaces__rosidl_typesupport_cpp
[0.766s] [ 73%] Built target two_dof_interfaces
[0.802s] [ 76%] Built target two_dof_interfaces__py
[0.843s] [ 82%] Built target two_dof_interfaces__rosidl_generator_py
[0.884s] [ 88%] Built target two_dof_interfaces_s__rosidl_typesupport_introspection_c
[0.884s] [ 94%] Built target two_dof_interfaces_s__rosidl_typesupport_c
[0.893s] [100%] Built target two_dof_interfaces_s__rosidl_typesupport_fastrtps_c
[1.171s] running egg_info
[1.222s] writing two_dof_interfaces.egg-info/PKG-INFO
[1.223s] writing dependency_links to two_dof_interfaces.egg-info/dependency_links.txt
[1.223s] writing top-level names to two_dof_interfaces.egg-info/top_level.txt
[1.371s] reading manifest file 'two_dof_interfaces.egg-info/SOURCES.txt'
[1.372s] writing manifest file 'two_dof_interfaces.egg-info/SOURCES.txt'
[1.412s] [100%] Built target ament_cmake_python_build_two_dof_interfaces_egg
[1.430s] Invoked command in '/media/mojarras/Wiwi/sinFiltro/robot_2dof_ros2/build/two_dof_interfaces' returned '0': CMAKE_PREFIX_PATH=${CMAKE_PREFIX_PATH}:/media/mojarras/Wiwi/sinFiltro/robot_2dof_ros2/install/control:/opt/ros/jazzy DEBUGINFOD_URLS=https://debuginfod.ubuntu.com /usr/bin/cmake --build /media/mojarras/Wiwi/sinFiltro/robot_2dof_ros2/build/two_dof_interfaces -- -j8 -l8
[1.432s] Invoking command in '/media/mojarras/Wiwi/sinFiltro/robot_2dof_ros2/build/two_dof_interfaces': CMAKE_PREFIX_PATH=${CMAKE_PREFIX_PATH}:/media/mojarras/Wiwi/sinFiltro/robot_2dof_ros2/install/control:/opt/ros/jazzy DEBUGINFOD_URLS=https://debuginfod.ubuntu.com /usr/bin/cmake --install /media/mojarras/Wiwi/sinFiltro/robot_2dof_ros2/build/two_dof_interfaces
[1.446s] -- Install configuration: ""
[1.446s] -- Up-to-date: /media/mojarras/Wiwi/sinFiltro/robot_2dof_ros2/install/two_dof_interfaces/share/ament_index/resource_index/rosidl_interfaces/two_dof_interfaces
[1.447s] -- Up-to-date: /media/mojarras/Wiwi/sinFiltro/robot_2dof_ros2/install/two_dof_interfaces/share/two_dof_interfaces/srv/CoordinateToJoint.json
[1.447s] -- Up-to-date: /media/mojarras/Wiwi/sinFiltro/robot_2dof_ros2/install/two_dof_interfaces/include/two_dof_interfaces/two_dof_interfaces
[1.447s] -- Up-to-date: /media/mojarras/Wiwi/sinFiltro/robot_2dof_ros2/install/two_dof_interfaces/include/two_dof_interfaces/two_dof_interfaces/msg
[1.447s] -- Up-to-date: /media/mojarras/Wiwi/sinFiltro/robot_2dof_ros2/install/two_dof_interfaces/include/two_dof_interfaces/two_dof_interfaces/msg/rosidl_generator_c__visibility_control.h
[1.448s] -- Up-to-date: /media/mojarras/Wiwi/sinFiltro/robot_2dof_ros2/install/two_dof_interfaces/include/two_dof_interfaces/two_dof_interfaces/srv
[1.448s] -- Up-to-date: /media/mojarras/Wiwi/sinFiltro/robot_2dof_ros2/install/two_dof_interfaces/include/two_dof_interfaces/two_dof_interfaces/srv/coordinate_to_joint.h
[1.448s] -- Up-to-date: /media/mojarras/Wiwi/sinFiltro/robot_2dof_ros2/install/two_dof_interfaces/include/two_dof_interfaces/two_dof_interfaces/srv/detail
[1.448s] -- Up-to-date: /media/mojarras/Wiwi/sinFiltro/robot_2dof_ros2/install/two_dof_interfaces/include/two_dof_interfaces/two_dof_interfaces/srv/detail/coordinate_to_joint__description.c
[1.449s] -- Up-to-date: /media/mojarras/Wiwi/sinFiltro/robot_2dof_ros2/install/two_dof_interfaces/include/two_dof_interfaces/two_dof_interfaces/srv/detail/coordinate_to_joint__functions.c
[1.449s] -- Up-to-date: /media/mojarras/Wiwi/sinFiltro/robot_2dof_ros2/install/two_dof_interfaces/include/two_dof_interfaces/two_dof_interfaces/srv/detail/coordinate_to_joint__functions.h
[1.449s] -- Up-to-date: /media/mojarras/Wiwi/sinFiltro/robot_2dof_ros2/install/two_dof_interfaces/include/two_dof_interfaces/two_dof_interfaces/srv/detail/coordinate_to_joint__struct.h
[1.449s] -- Up-to-date: /media/mojarras/Wiwi/sinFiltro/robot_2dof_ros2/install/two_dof_interfaces/include/two_dof_interfaces/two_dof_interfaces/srv/detail/coordinate_to_joint__type_support.c
[1.449s] -- Up-to-date: /media/mojarras/Wiwi/sinFiltro/robot_2dof_ros2/install/two_dof_interfaces/include/two_dof_interfaces/two_dof_interfaces/srv/detail/coordinate_to_joint__type_support.h
[1.450s] -- Up-to-date: /media/mojarras/Wiwi/sinFiltro/robot_2dof_ros2/install/two_dof_interfaces/share/two_dof_interfaces/environment/library_path.sh
[1.450s] -- Up-to-date: /media/mojarras/Wiwi/sinFiltro/robot_2dof_ros2/install/two_dof_interfaces/share/two_dof_interfaces/environment/library_path.dsv
[1.450s] -- Up-to-date: /media/mojarras/Wiwi/sinFiltro/robot_2dof_ros2/install/two_dof_interfaces/lib/libtwo_dof_interfaces__rosidl_generator_c.so
[1.450s] -- Up-to-date: /media/mojarras/Wiwi/sinFiltro/robot_2dof_ros2/install/two_dof_interfaces/include/two_dof_interfaces/two_dof_interfaces
[1.451s] -- Up-to-date: /media/mojarras/Wiwi/sinFiltro/robot_2dof_ros2/install/two_dof_interfaces/include/two_dof_interfaces/two_dof_interfaces/msg
[1.451s] -- Up-to-date: /media/mojarras/Wiwi/sinFiltro/robot_2dof_ros2/install/two_dof_interfaces/include/two_dof_interfaces/two_dof_interfaces/msg/rosidl_typesupport_fastrtps_c__visibility_control.h
[1.451s] -- Up-to-date: /media/mojarras/Wiwi/sinFiltro/robot_2dof_ros2/install/two_dof_interfaces/include/two_dof_interfaces/two_dof_interfaces/srv
[1.451s] -- Up-to-date: /media/mojarras/Wiwi/sinFiltro/robot_2dof_ros2/install/two_dof_interfaces/include/two_dof_interfaces/two_dof_interfaces/srv/detail
[1.452s] -- Up-to-date: /media/mojarras/Wiwi/sinFiltro/robot_2dof_ros2/install/two_dof_interfaces/include/two_dof_interfaces/two_dof_interfaces/srv/detail/coordinate_to_joint__rosidl_typesupport_fastrtps_c.h
[1.452s] -- Up-to-date: /media/mojarras/Wiwi/sinFiltro/robot_2dof_ros2/install/two_dof_interfaces/lib/libtwo_dof_interfaces__rosidl_typesupport_fastrtps_c.so
[1.452s] -- Up-to-date: /media/mojarras/Wiwi/sinFiltro/robot_2dof_ros2/install/two_dof_interfaces/include/two_dof_interfaces/two_dof_interfaces
[1.452s] -- Up-to-date: /media/mojarras/Wiwi/sinFiltro/robot_2dof_ros2/install/two_dof_interfaces/include/two_dof_interfaces/two_dof_interfaces/msg
[1.453s] -- Up-to-date: /media/mojarras/Wiwi/sinFiltro/robot_2dof_ros2/install/two_dof_interfaces/include/two_dof_interfaces/two_dof_interfaces/msg/rosidl_typesupport_introspection_c__visibility_control.h
[1.453s] -- Up-to-date: /media/mojarras/Wiwi/sinFiltro/robot_2dof_ros2/install/two_dof_interfaces/include/two_dof_interfaces/two_dof_interfaces/srv
[1.453s] -- Up-to-date: /media/mojarras/Wiwi/sinFiltro/robot_2dof_ros2/install/two_dof_interfaces/include/two_dof_interfaces/two_dof_interfaces/srv/detail
[1.453s] -- Up-to-date: /media/mojarras/Wiwi/sinFiltro/robot_2dof_ros2/install/two_dof_interfaces/include/two_dof_interfaces/two_dof_interfaces/srv/detail/coordinate_to_joint__rosidl_typesupport_introspection_c.h
[1.454s] -- Up-to-date: /media/mojarras/Wiwi/sinFiltro/robot_2dof_ros2/install/two_dof_interfaces/include/two_dof_interfaces/two_dof_interfaces/srv/detail/coordinate_to_joint__type_support.c
[1.454s] -- Up-to-date: /media/mojarras/Wiwi/sinFiltro/robot_2dof_ros2/install/two_dof_interfaces/lib/libtwo_dof_interfaces__rosidl_typesupport_introspection_c.so
[1.454s] -- Up-to-date: /media/mojarras/Wiwi/sinFiltro/robot_2dof_ros2/install/two_dof_interfaces/lib/libtwo_dof_interfaces__rosidl_typesupport_c.so
[1.454s] -- Up-to-date: /media/mojarras/Wiwi/sinFiltro/robot_2dof_ros2/install/two_dof_interfaces/include/two_dof_interfaces/two_dof_interfaces
[1.455s] -- Up-to-date: /media/mojarras/Wiwi/sinFiltro/robot_2dof_ros2/install/two_dof_interfaces/include/two_dof_interfaces/two_dof_interfaces/msg
[1.455s] -- Up-to-date: /media/mojarras/Wiwi/sinFiltro/robot_2dof_ros2/install/two_dof_interfaces/include/two_dof_interfaces/two_dof_interfaces/msg/rosidl_generator_cpp__visibility_control.hpp
[1.455s] -- Up-to-date: /media/mojarras/Wiwi/sinFiltro/robot_2dof_ros2/install/two_dof_interfaces/include/two_dof_interfaces/two_dof_interfaces/srv
[1.455s] -- Up-to-date: /media/mojarras/Wiwi/sinFiltro/robot_2dof_ros2/install/two_dof_interfaces/include/two_dof_interfaces/two_dof_interfaces/srv/coordinate_to_joint.hpp
[1.455s] -- Up-to-date: /media/mojarras/Wiwi/sinFiltro/robot_2dof_ros2/install/two_dof_interfaces/include/two_dof_interfaces/two_dof_interfaces/srv/detail
[1.455s] -- Up-to-date: /media/mojarras/Wiwi/sinFiltro/robot_2dof_ros2/install/two_dof_interfaces/include/two_dof_interfaces/two_dof_interfaces/srv/detail/coordinate_to_joint__builder.hpp
[1.456s] -- Up-to-date: /media/mojarras/Wiwi/sinFiltro/robot_2dof_ros2/install/two_dof_interfaces/include/two_dof_interfaces/two_dof_interfaces/srv/detail/coordinate_to_joint__struct.hpp
[1.456s] -- Up-to-date: /media/mojarras/Wiwi/sinFiltro/robot_2dof_ros2/install/two_dof_interfaces/include/two_dof_interfaces/two_dof_interfaces/srv/detail/coordinate_to_joint__traits.hpp
[1.456s] -- Up-to-date: /media/mojarras/Wiwi/sinFiltro/robot_2dof_ros2/install/two_dof_interfaces/include/two_dof_interfaces/two_dof_interfaces/srv/detail/coordinate_to_joint__type_support.hpp
[1.456s] -- Up-to-date: /media/mojarras/Wiwi/sinFiltro/robot_2dof_ros2/install/two_dof_interfaces/include/two_dof_interfaces/two_dof_interfaces
[1.456s] -- Up-to-date: /media/mojarras/Wiwi/sinFiltro/robot_2dof_ros2/install/two_dof_interfaces/include/two_dof_interfaces/two_dof_interfaces/msg
[1.456s] -- Up-to-date: /media/mojarras/Wiwi/sinFiltro/robot_2dof_ros2/install/two_dof_interfaces/include/two_dof_interfaces/two_dof_interfaces/msg/rosidl_typesupport_fastrtps_cpp__visibility_control.h
[1.457s] -- Up-to-date: /media/mojarras/Wiwi/sinFiltro/robot_2dof_ros2/install/two_dof_interfaces/include/two_dof_interfaces/two_dof_interfaces/srv
[1.457s] -- Up-to-date: /media/mojarras/Wiwi/sinFiltro/robot_2dof_ros2/install/two_dof_interfaces/include/two_dof_interfaces/two_dof_interfaces/srv/detail
[1.457s] -- Up-to-date: /media/mojarras/Wiwi/sinFiltro/robot_2dof_ros2/install/two_dof_interfaces/include/two_dof_interfaces/two_dof_interfaces/srv/detail/coordinate_to_joint__rosidl_typesupport_fastrtps_cpp.hpp
[1.457s] -- Up-to-date: /media/mojarras/Wiwi/sinFiltro/robot_2dof_ros2/install/two_dof_interfaces/include/two_dof_interfaces/two_dof_interfaces/srv/detail/dds_fastrtps
[1.457s] -- Up-to-date: /media/mojarras/Wiwi/sinFiltro/robot_2dof_ros2/install/two_dof_interfaces/lib/libtwo_dof_interfaces__rosidl_typesupport_fastrtps_cpp.so
[1.457s] -- Up-to-date: /media/mojarras/Wiwi/sinFiltro/robot_2dof_ros2/install/two_dof_interfaces/include/two_dof_interfaces/two_dof_interfaces
[1.457s] -- Up-to-date: /media/mojarras/Wiwi/sinFiltro/robot_2dof_ros2/install/two_dof_interfaces/include/two_dof_interfaces/two_dof_interfaces/srv
[1.457s] -- Up-to-date: /media/mojarras/Wiwi/sinFiltro/robot_2dof_ros2/install/two_dof_interfaces/include/two_dof_interfaces/two_dof_interfaces/srv/detail
[1.457s] -- Up-to-date: /media/mojarras/Wiwi/sinFiltro/robot_2dof_ros2/install/two_dof_interfaces/include/two_dof_interfaces/two_dof_interfaces/srv/detail/coordinate_to_joint__rosidl_typesupport_introspection_cpp.hpp
[1.457s] -- Up-to-date: /media/mojarras/Wiwi/sinFiltro/robot_2dof_ros2/install/two_dof_interfaces/include/two_dof_interfaces/two_dof_interfaces/srv/detail/coordinate_to_joint__type_support.cpp
[1.458s] -- Up-to-date: /media/mojarras/Wiwi/sinFiltro/robot_2dof_ros2/install/two_dof_interfaces/lib/libtwo_dof_interfaces__rosidl_typesupport_introspection_cpp.so
[1.458s] -- Up-to-date: /media/mojarras/Wiwi/sinFiltro/robot_2dof_ros2/install/two_dof_interfaces/lib/libtwo_dof_interfaces__rosidl_typesupport_cpp.so
[1.458s] -- Up-to-date: /media/mojarras/Wiwi/sinFiltro/robot_2dof_ros2/install/two_dof_interfaces/share/two_dof_interfaces/environment/pythonpath.sh
[1.458s] -- Up-to-date: /media/mojarras/Wiwi/sinFiltro/robot_2dof_ros2/install/two_dof_interfaces/share/two_dof_interfaces/environment/pythonpath.dsv
[1.458s] -- Up-to-date: /media/mojarras/Wiwi/sinFiltro/robot_2dof_ros2/install/two_dof_interfaces/lib/python3.12/site-packages/two_dof_interfaces-0.0.0-py3.12.egg-info
[1.458s] -- Installing: /media/mojarras/Wiwi/sinFiltro/robot_2dof_ros2/install/two_dof_interfaces/lib/python3.12/site-packages/two_dof_interfaces-0.0.0-py3.12.egg-info/dependency_links.txt
[1.458s] -- Installing: /media/mojarras/Wiwi/sinFiltro/robot_2dof_ros2/install/two_dof_interfaces/lib/python3.12/site-packages/two_dof_interfaces-0.0.0-py3.12.egg-info/PKG-INFO
[1.458s] -- Installing: /media/mojarras/Wiwi/sinFiltro/robot_2dof_ros2/install/two_dof_interfaces/lib/python3.12/site-packages/two_dof_interfaces-0.0.0-py3.12.egg-info/SOURCES.txt
[1.458s] -- Installing: /media/mojarras/Wiwi/sinFiltro/robot_2dof_ros2/install/two_dof_interfaces/lib/python3.12/site-packages/two_dof_interfaces-0.0.0-py3.12.egg-info/top_level.txt
[1.459s] -- Up-to-date: /media/mojarras/Wiwi/sinFiltro/robot_2dof_ros2/install/two_dof_interfaces/lib/python3.12/site-packages/two_dof_interfaces
[1.459s] -- Up-to-date: /media/mojarras/Wiwi/sinFiltro/robot_2dof_ros2/install/two_dof_interfaces/lib/python3.12/site-packages/two_dof_interfaces/srv
[1.459s] -- Up-to-date: /media/mojarras/Wiwi/sinFiltro/robot_2dof_ros2/install/two_dof_interfaces/lib/python3.12/site-packages/two_dof_interfaces/srv/_coordinate_to_joint.py
[1.459s] -- Up-to-date: /media/mojarras/Wiwi/sinFiltro/robot_2dof_ros2/install/two_dof_interfaces/lib/python3.12/site-packages/two_dof_interfaces/srv/_coordinate_to_joint_s.c
[1.459s] -- Up-to-date: /media/mojarras/Wiwi/sinFiltro/robot_2dof_ros2/install/two_dof_interfaces/lib/python3.12/site-packages/two_dof_interfaces/srv/__init__.py
[1.459s] -- Up-to-date: /media/mojarras/Wiwi/sinFiltro/robot_2dof_ros2/install/two_dof_interfaces/lib/python3.12/site-packages/two_dof_interfaces/two_dof_interfaces_s__rosidl_typesupport_c.so
[1.459s] -- Up-to-date: /media/mojarras/Wiwi/sinFiltro/robot_2dof_ros2/install/two_dof_interfaces/lib/python3.12/site-packages/two_dof_interfaces/two_dof_interfaces_s__rosidl_typesupport_fastrtps_c.so
[1.459s] -- Up-to-date: /media/mojarras/Wiwi/sinFiltro/robot_2dof_ros2/install/two_dof_interfaces/lib/python3.12/site-packages/two_dof_interfaces/two_dof_interfaces_s__rosidl_typesupport_introspection_c.so
[1.459s] -- Up-to-date: /media/mojarras/Wiwi/sinFiltro/robot_2dof_ros2/install/two_dof_interfaces/lib/python3.12/site-packages/two_dof_interfaces/_two_dof_interfaces_s.ep.rosidl_typesupport_c.c
[1.460s] -- Up-to-date: /media/mojarras/Wiwi/sinFiltro/robot_2dof_ros2/install/two_dof_interfaces/lib/python3.12/site-packages/two_dof_interfaces/_two_dof_interfaces_s.ep.rosidl_typesupport_fastrtps_c.c
[1.460s] -- Up-to-date: /media/mojarras/Wiwi/sinFiltro/robot_2dof_ros2/install/two_dof_interfaces/lib/python3.12/site-packages/two_dof_interfaces/_two_dof_interfaces_s.ep.rosidl_typesupport_introspection_c.c
[1.460s] -- Up-to-date: /media/mojarras/Wiwi/sinFiltro/robot_2dof_ros2/install/two_dof_interfaces/lib/python3.12/site-packages/two_dof_interfaces/__init__.py
[1.507s] Listing '/media/mojarras/Wiwi/sinFiltro/robot_2dof_ros2/install/two_dof_interfaces/lib/python3.12/site-packages/two_dof_interfaces'...
[1.507s] Listing '/media/mojarras/Wiwi/sinFiltro/robot_2dof_ros2/install/two_dof_interfaces/lib/python3.12/site-packages/two_dof_interfaces/srv'...
[1.515s] -- Up-to-date: /media/mojarras/Wiwi/sinFiltro/robot_2dof_ros2/install/two_dof_interfaces/lib/python3.12/site-packages/two_dof_interfaces/two_dof_interfaces_s__rosidl_typesupport_fastrtps_c.so
[1.515s] -- Up-to-date: /media/mojarras/Wiwi/sinFiltro/robot_2dof_ros2/install/two_dof_interfaces/lib/python3.12/site-packages/two_dof_interfaces/two_dof_interfaces_s__rosidl_typesupport_introspection_c.so
[1.516s] -- Up-to-date: /media/mojarras/Wiwi/sinFiltro/robot_2dof_ros2/install/two_dof_interfaces/lib/python3.12/site-packages/two_dof_interfaces/two_dof_interfaces_s__rosidl_typesupport_c.so
[1.517s] -- Up-to-date: /media/mojarras/Wiwi/sinFiltro/robot_2dof_ros2/install/two_dof_interfaces/lib/libtwo_dof_interfaces__rosidl_generator_py.so
[1.517s] -- Up-to-date: /media/mojarras/Wiwi/sinFiltro/robot_2dof_ros2/install/two_dof_interfaces/share/two_dof_interfaces/srv/CoordinateToJoint.idl
[1.517s] -- Up-to-date: /media/mojarras/Wiwi/sinFiltro/robot_2dof_ros2/install/two_dof_interfaces/share/two_dof_interfaces/srv/CoordinateToJoint.srv
[1.517s] -- Up-to-date: /media/mojarras/Wiwi/sinFiltro/robot_2dof_ros2/install/two_dof_interfaces/share/ament_index/resource_index/package_run_dependencies/two_dof_interfaces
[1.518s] -- Up-to-date: /media/mojarras/Wiwi/sinFiltro/robot_2dof_ros2/install/two_dof_interfaces/share/ament_index/resource_index/parent_prefix_path/two_dof_interfaces
[1.518s] -- Up-to-date: /media/mojarras/Wiwi/sinFiltro/robot_2dof_ros2/install/two_dof_interfaces/share/two_dof_interfaces/environment/ament_prefix_path.sh
[1.518s] -- Up-to-date: /media/mojarras/Wiwi/sinFiltro/robot_2dof_ros2/install/two_dof_interfaces/share/two_dof_interfaces/environment/ament_prefix_path.dsv
[1.518s] -- Up-to-date: /media/mojarras/Wiwi/sinFiltro/robot_2dof_ros2/install/two_dof_interfaces/share/two_dof_interfaces/environment/path.sh
[1.519s] -- Up-to-date: /media/mojarras/Wiwi/sinFiltro/robot_2dof_ros2/install/two_dof_interfaces/share/two_dof_interfaces/environment/path.dsv
[1.519s] -- Up-to-date: /media/mojarras/Wiwi/sinFiltro/robot_2dof_ros2/install/two_dof_interfaces/share/two_dof_interfaces/local_setup.bash
[1.519s] -- Up-to-date: /media/mojarras/Wiwi/sinFiltro/robot_2dof_ros2/install/two_dof_interfaces/share/two_dof_interfaces/local_setup.sh
[1.519s] -- Up-to-date: /media/mojarras/Wiwi/sinFiltro/robot_2dof_ros2/install/two_dof_interfaces/share/two_dof_interfaces/local_setup.zsh
[1.519s] -- Up-to-date: /media/mojarras/Wiwi/sinFiltro/robot_2dof_ros2/install/two_dof_interfaces/share/two_dof_interfaces/local_setup.dsv
[1.520s] -- Installing: /media/mojarras/Wiwi/sinFiltro/robot_2dof_ros2/install/two_dof_interfaces/share/two_dof_interfaces/package.dsv
[1.520s] -- Up-to-date: /media/mojarras/Wiwi/sinFiltro/robot_2dof_ros2/install/two_dof_interfaces/share/ament_index/resource_index/packages/two_dof_interfaces
[1.520s] -- Up-to-date: /media/mojarras/Wiwi/sinFiltro/robot_2dof_ros2/install/two_dof_interfaces/share/two_dof_interfaces/cmake/export_two_dof_interfaces__rosidl_generator_cExport.cmake
[1.520s] -- Up-to-date: /media/mojarras/Wiwi/sinFiltro/robot_2dof_ros2/install/two_dof_interfaces/share/two_dof_interfaces/cmake/export_two_dof_interfaces__rosidl_generator_cExport-noconfig.cmake
[1.520s] -- Up-to-date: /media/mojarras/Wiwi/sinFiltro/robot_2dof_ros2/install/two_dof_interfaces/share/two_dof_interfaces/cmake/export_two_dof_interfaces__rosidl_typesupport_fastrtps_cExport.cmake
[1.521s] -- Up-to-date: /media/mojarras/Wiwi/sinFiltro/robot_2dof_ros2/install/two_dof_interfaces/share/two_dof_interfaces/cmake/export_two_dof_interfaces__rosidl_typesupport_fastrtps_cExport-noconfig.cmake
[1.521s] -- Up-to-date: /media/mojarras/Wiwi/sinFiltro/robot_2dof_ros2/install/two_dof_interfaces/share/two_dof_interfaces/cmake/two_dof_interfaces__rosidl_typesupport_introspection_cExport.cmake
[1.521s] -- Up-to-date: /media/mojarras/Wiwi/sinFiltro/robot_2dof_ros2/install/two_dof_interfaces/share/two_dof_interfaces/cmake/two_dof_interfaces__rosidl_typesupport_introspection_cExport-noconfig.cmake
[1.521s] -- Up-to-date: /media/mojarras/Wiwi/sinFiltro/robot_2dof_ros2/install/two_dof_interfaces/share/two_dof_interfaces/cmake/two_dof_interfaces__rosidl_typesupport_cExport.cmake
[1.521s] -- Up-to-date: /media/mojarras/Wiwi/sinFiltro/robot_2dof_ros2/install/two_dof_interfaces/share/two_dof_interfaces/cmake/two_dof_interfaces__rosidl_typesupport_cExport-noconfig.cmake
[1.522s] -- Up-to-date: /media/mojarras/Wiwi/sinFiltro/robot_2dof_ros2/install/two_dof_interfaces/share/two_dof_interfaces/cmake/export_two_dof_interfaces__rosidl_generator_cppExport.cmake
[1.522s] -- Up-to-date: /media/mojarras/Wiwi/sinFiltro/robot_2dof_ros2/install/two_dof_interfaces/share/two_dof_interfaces/cmake/export_two_dof_interfaces__rosidl_typesupport_fastrtps_cppExport.cmake
[1.522s] -- Up-to-date: /media/mojarras/Wiwi/sinFiltro/robot_2dof_ros2/install/two_dof_interfaces/share/two_dof_interfaces/cmake/export_two_dof_interfaces__rosidl_typesupport_fastrtps_cppExport-noconfig.cmake
[1.522s] -- Up-to-date: /media/mojarras/Wiwi/sinFiltro/robot_2dof_ros2/install/two_dof_interfaces/share/two_dof_interfaces/cmake/two_dof_interfaces__rosidl_typesupport_introspection_cppExport.cmake
[1.522s] -- Up-to-date: /media/mojarras/Wiwi/sinFiltro/robot_2dof_ros2/install/two_dof_interfaces/share/two_dof_interfaces/cmake/two_dof_interfaces__rosidl_typesupport_introspection_cppExport-noconfig.cmake
[1.523s] -- Up-to-date: /media/mojarras/Wiwi/sinFiltro/robot_2dof_ros2/install/two_dof_interfaces/share/two_dof_interfaces/cmake/two_dof_interfaces__rosidl_typesupport_cppExport.cmake
[1.523s] -- Up-to-date: /media/mojarras/Wiwi/sinFiltro/robot_2dof_ros2/install/two_dof_interfaces/share/two_dof_interfaces/cmake/two_dof_interfaces__rosidl_typesupport_cppExport-noconfig.cmake
[1.523s] -- Up-to-date: /media/mojarras/Wiwi/sinFiltro/robot_2dof_ros2/install/two_dof_interfaces/share/two_dof_interfaces/cmake/export_two_dof_interfaces__rosidl_generator_pyExport.cmake
[1.523s] -- Up-to-date: /media/mojarras/Wiwi/sinFiltro/robot_2dof_ros2/install/two_dof_interfaces/share/two_dof_interfaces/cmake/export_two_dof_interfaces__rosidl_generator_pyExport-noconfig.cmake
[1.523s] -- Up-to-date: /media/mojarras/Wiwi/sinFiltro/robot_2dof_ros2/install/two_dof_interfaces/share/two_dof_interfaces/cmake/rosidl_cmake-extras.cmake
[1.524s] -- Up-to-date: /media/mojarras/Wiwi/sinFiltro/robot_2dof_ros2/install/two_dof_interfaces/share/two_dof_interfaces/cmake/ament_cmake_export_dependencies-extras.cmake
[1.524s] -- Up-to-date: /media/mojarras/Wiwi/sinFiltro/robot_2dof_ros2/install/two_dof_interfaces/share/two_dof_interfaces/cmake/ament_cmake_export_include_directories-extras.cmake
[1.524s] -- Up-to-date: /media/mojarras/Wiwi/sinFiltro/robot_2dof_ros2/install/two_dof_interfaces/share/two_dof_interfaces/cmake/ament_cmake_export_libraries-extras.cmake
[1.525s] -- Up-to-date: /media/mojarras/Wiwi/sinFiltro/robot_2dof_ros2/install/two_dof_interfaces/share/two_dof_interfaces/cmake/ament_cmake_export_targets-extras.cmake
[1.525s] -- Up-to-date: /media/mojarras/Wiwi/sinFiltro/robot_2dof_ros2/install/two_dof_interfaces/share/two_dof_interfaces/cmake/rosidl_cmake_export_typesupport_targets-extras.cmake
[1.525s] -- Up-to-date: /media/mojarras/Wiwi/sinFiltro/robot_2dof_ros2/install/two_dof_interfaces/share/two_dof_interfaces/cmake/rosidl_cmake_export_typesupport_libraries-extras.cmake
[1.526s] -- Up-to-date: /media/mojarras/Wiwi/sinFiltro/robot_2dof_ros2/install/two_dof_interfaces/share/two_dof_interfaces/cmake/two_dof_interfacesConfig.cmake
[1.527s] -- Up-to-date: /media/mojarras/Wiwi/sinFiltro/robot_2dof_ros2/install/two_dof_interfaces/share/two_dof_interfaces/cmake/two_dof_interfacesConfig-version.cmake
[1.527s] -- Up-to-date: /media/mojarras/Wiwi/sinFiltro/robot_2dof_ros2/install/two_dof_interfaces/share/two_dof_interfaces/package.xml
[1.528s] Invoked command in '/media/mojarras/Wiwi/sinFiltro/robot_2dof_ros2/build/two_dof_interfaces' returned '0': CMAKE_PREFIX_PATH=${CMAKE_PREFIX_PATH}:/media/mojarras/Wiwi/sinFiltro/robot_2dof_ros2/install/control:/opt/ros/jazzy DEBUGINFOD_URLS=https://debuginfod.ubuntu.com /usr/bin/cmake --install /media/mojarras/Wiwi/sinFiltro/robot_2dof_ros2/build/two_dof_interfaces
