-- The C compiler identification is GNU 13.3.0
-- The CXX compiler identification is GNU 13.3.0
-- Detecting C compiler ABI info
-- Detecting C compiler ABI info - done
-- Check for working C compiler: /usr/lib/ccache/cc - skipped
-- Detecting C compile features
-- Detecting C compile features - done
-- Detecting CXX compiler ABI info
-- Detecting CXX compiler ABI info - done
-- Check for working CXX compiler: /usr/lib/ccache/c++ - skipped
-- Detecting CXX compile features
-- Detecting CXX compile features - done
-- Found ament_cmake: 2.5.5 (/opt/ros/jazzy/share/ament_cmake/cmake)
-- Found Python3: /usr/bin/python3 (found version "3.12.3") found components: Interpreter 
-- Found rosidl_default_generators: 1.6.0 (/opt/ros/jazzy/share/rosidl_default_generators/cmake)
-- Using all available rosidl_typesupport_c: rosidl_typesupport_fastrtps_c;rosidl_typesupport_introspection_c
-- Using all available rosidl_typesupport_cpp: rosidl_typesupport_fastrtps_cpp;rosidl_typesupport_introspection_cpp
-- Found rosidl_adapter: 4.6.7 (/opt/ros/jazzy/share/rosidl_adapter/cmake)
-- Found ament_cmake_ros: 0.12.0 (/opt/ros/jazzy/share/ament_cmake_ros/cmake)
-- Using all available rosidl_typesupport_c: rosidl_typesupport_fastrtps_c;rosidl_typesupport_introspection_c
-- Using all available rosidl_typesupport_cpp: rosidl_typesupport_fastrtps_cpp;rosidl_typesupport_introspection_cpp
-- Found python_cmake_module: 0.11.1 (/opt/ros/jazzy/share/python_cmake_module/cmake)
-- Found PythonExtra: /usr/bin/python3  
-- Found Python3: /usr/bin/python3 (found version "3.12.3") found components: Interpreter Development NumPy Development.Module Development.Embed 
-- Configuring done (5.5s)
-- Generating done (0.0s)
-- Build files have been written to: /media/mojarras/Wiwi/sinFiltro/robot_2dof_ros2/build/two_dof_interfaces
[  2%] [34m[1mGenerating type hashes for ROS interfaces[0m
[  2%] Built target ament_cmake_python_copy_two_dof_interfaces
[  2%] Built target two_dof_interfaces__rosidl_generator_type_description
[  5%] [34m[1mGenerating C code for ROS interfaces[0m
[  8%] [34m[1mGenerating C++ code for ROS interfaces[0m
running egg_info
creating two_dof_interfaces.egg-info
writing two_dof_interfaces.egg-info/PKG-INFO
writing dependency_links to two_dof_interfaces.egg-info/dependency_links.txt
writing top-level names to two_dof_interfaces.egg-info/top_level.txt
writing manifest file 'two_dof_interfaces.egg-info/SOURCES.txt'
reading manifest file 'two_dof_interfaces.egg-info/SOURCES.txt'
writing manifest file 'two_dof_interfaces.egg-info/SOURCES.txt'
[  8%] Built target ament_cmake_python_build_two_dof_interfaces_egg
[  8%] Built target two_dof_interfaces__cpp
[ 17%] [32mBuilding C object CMakeFiles/two_dof_interfaces__rosidl_generator_c.dir/rosidl_generator_c/two_dof_interfaces/srv/detail/coordinate_to_joint__description.c.o[0m
[ 17%] [32mBuilding C object CMakeFiles/two_dof_interfaces__rosidl_generator_c.dir/rosidl_generator_c/two_dof_interfaces/srv/detail/coordinate_to_joint__functions.c.o[0m
[ 17%] [32mBuilding C object CMakeFiles/two_dof_interfaces__rosidl_generator_c.dir/rosidl_generator_c/two_dof_interfaces/srv/detail/coordinate_to_joint__type_support.c.o[0m
[ 20%] [32m[1mLinking C shared library libtwo_dof_interfaces__rosidl_generator_c.so[0m
[ 20%] Built target two_dof_interfaces__rosidl_generator_c
[ 32%] [34m[1mGenerating C type support for eProsima Fast-RTPS[0m
[ 32%] [34m[1mGenerating C++ type support dispatch for ROS interfaces[0m
[ 32%] [34m[1mGenerating C++ introspection for ROS interfaces[0m
[ 35%] [34m[1mGenerating C introspection for ROS interfaces[0m
[ 38%] [34m[1mGenerating C type support dispatch for ROS interfaces[0m
[ 38%] [34m[1mGenerating C++ type support for eProsima Fast-RTPS[0m
[ 41%] [32mBuilding CXX object CMakeFiles/two_dof_interfaces__rosidl_typesupport_cpp.dir/rosidl_typesupport_cpp/two_dof_interfaces/srv/coordinate_to_joint__type_support.cpp.o[0m
[ 44%] [32mBuilding CXX object CMakeFiles/two_dof_interfaces__rosidl_typesupport_fastrtps_c.dir/rosidl_typesupport_fastrtps_c/two_dof_interfaces/srv/detail/coordinate_to_joint__type_support_c.cpp.o[0m
[ 47%] [32mBuilding CXX object CMakeFiles/two_dof_interfaces__rosidl_typesupport_c.dir/rosidl_typesupport_c/two_dof_interfaces/srv/coordinate_to_joint__type_support.cpp.o[0m
[ 50%] [32mBuilding CXX object CMakeFiles/two_dof_interfaces__rosidl_typesupport_introspection_cpp.dir/rosidl_typesupport_introspection_cpp/two_dof_interfaces/srv/detail/coordinate_to_joint__type_support.cpp.o[0m
[ 52%] [32mBuilding C object CMakeFiles/two_dof_interfaces__rosidl_typesupport_introspection_c.dir/rosidl_typesupport_introspection_c/two_dof_interfaces/srv/detail/coordinate_to_joint__type_support.c.o[0m
[ 55%] [32m[1mLinking CXX shared library libtwo_dof_interfaces__rosidl_typesupport_c.so[0m
[ 58%] [32mBuilding CXX object CMakeFiles/two_dof_interfaces__rosidl_typesupport_fastrtps_cpp.dir/rosidl_typesupport_fastrtps_cpp/two_dof_interfaces/srv/detail/dds_fastrtps/coordinate_to_joint__type_support.cpp.o[0m
[ 61%] [32m[1mLinking C shared library libtwo_dof_interfaces__rosidl_typesupport_introspection_c.so[0m
[ 61%] Built target two_dof_interfaces__rosidl_typesupport_c
[ 61%] Built target two_dof_interfaces__rosidl_typesupport_introspection_c
[ 64%] [32m[1mLinking CXX shared library libtwo_dof_interfaces__rosidl_typesupport_fastrtps_c.so[0m
[ 67%] [32m[1mLinking CXX shared library libtwo_dof_interfaces__rosidl_typesupport_cpp.so[0m
[ 70%] [32m[1mLinking CXX shared library libtwo_dof_interfaces__rosidl_typesupport_introspection_cpp.so[0m
[ 70%] Built target two_dof_interfaces__rosidl_typesupport_fastrtps_c
[ 70%] Built target two_dof_interfaces__rosidl_typesupport_cpp
[ 70%] Built target two_dof_interfaces__rosidl_typesupport_introspection_cpp
[ 73%] [32m[1mLinking CXX shared library libtwo_dof_interfaces__rosidl_typesupport_fastrtps_cpp.so[0m
[ 73%] Built target two_dof_interfaces__rosidl_typesupport_fastrtps_cpp
[ 73%] Built target two_dof_interfaces
[ 76%] [34m[1mGenerating Python code for ROS interfaces[0m
[ 76%] Built target two_dof_interfaces__py
[ 79%] [32mBuilding C object CMakeFiles/two_dof_interfaces__rosidl_generator_py.dir/rosidl_generator_py/two_dof_interfaces/srv/_coordinate_to_joint_s.c.o[0m
[ 82%] [32m[1mLinking C shared library libtwo_dof_interfaces__rosidl_generator_py.so[0m
[ 82%] Built target two_dof_interfaces__rosidl_generator_py
[ 85%] [32mBuilding C object CMakeFiles/two_dof_interfaces_s__rosidl_typesupport_introspection_c.dir/rosidl_generator_py/two_dof_interfaces/_two_dof_interfaces_s.ep.rosidl_typesupport_introspection_c.c.o[0m
[ 88%] [32mBuilding C object CMakeFiles/two_dof_interfaces_s__rosidl_typesupport_fastrtps_c.dir/rosidl_generator_py/two_dof_interfaces/_two_dof_interfaces_s.ep.rosidl_typesupport_fastrtps_c.c.o[0m
[ 91%] [32mBuilding C object CMakeFiles/two_dof_interfaces_s__rosidl_typesupport_c.dir/rosidl_generator_py/two_dof_interfaces/_two_dof_interfaces_s.ep.rosidl_typesupport_c.c.o[0m
[ 94%] [32m[1mLinking C shared module rosidl_generator_py/two_dof_interfaces/two_dof_interfaces_s__rosidl_typesupport_introspection_c.so[0m
[ 97%] [32m[1mLinking C shared module rosidl_generator_py/two_dof_interfaces/two_dof_interfaces_s__rosidl_typesupport_c.so[0m
[100%] [32m[1mLinking C shared module rosidl_generator_py/two_dof_interfaces/two_dof_interfaces_s__rosidl_typesupport_fastrtps_c.so[0m
[100%] Built target two_dof_interfaces_s__rosidl_typesupport_introspection_c
[100%] Built target two_dof_interfaces_s__rosidl_typesupport_c
[100%] Built target two_dof_interfaces_s__rosidl_typesupport_fastrtps_c
-- Install configuration: ""
-- Installing: /media/mojarras/Wiwi/sinFiltro/robot_2dof_ros2/install/two_dof_interfaces/share/ament_index/resource_index/rosidl_interfaces/two_dof_interfaces
-- Installing: /media/mojarras/Wiwi/sinFiltro/robot_2dof_ros2/install/two_dof_interfaces/share/two_dof_interfaces/srv/CoordinateToJoint.json
-- Installing: /media/mojarras/Wiwi/sinFiltro/robot_2dof_ros2/install/two_dof_interfaces/include/two_dof_interfaces/two_dof_interfaces
-- Installing: /media/mojarras/Wiwi/sinFiltro/robot_2dof_ros2/install/two_dof_interfaces/include/two_dof_interfaces/two_dof_interfaces/msg
-- Installing: /media/mojarras/Wiwi/sinFiltro/robot_2dof_ros2/install/two_dof_interfaces/include/two_dof_interfaces/two_dof_interfaces/msg/rosidl_generator_c__visibility_control.h
-- Installing: /media/mojarras/Wiwi/sinFiltro/robot_2dof_ros2/install/two_dof_interfaces/include/two_dof_interfaces/two_dof_interfaces/srv
-- Installing: /media/mojarras/Wiwi/sinFiltro/robot_2dof_ros2/install/two_dof_interfaces/include/two_dof_interfaces/two_dof_interfaces/srv/coordinate_to_joint.h
-- Installing: /media/mojarras/Wiwi/sinFiltro/robot_2dof_ros2/install/two_dof_interfaces/include/two_dof_interfaces/two_dof_interfaces/srv/detail
-- Installing: /media/mojarras/Wiwi/sinFiltro/robot_2dof_ros2/install/two_dof_interfaces/include/two_dof_interfaces/two_dof_interfaces/srv/detail/coordinate_to_joint__description.c
-- Installing: /media/mojarras/Wiwi/sinFiltro/robot_2dof_ros2/install/two_dof_interfaces/include/two_dof_interfaces/two_dof_interfaces/srv/detail/coordinate_to_joint__functions.c
-- Installing: /media/mojarras/Wiwi/sinFiltro/robot_2dof_ros2/install/two_dof_interfaces/include/two_dof_interfaces/two_dof_interfaces/srv/detail/coordinate_to_joint__functions.h
-- Installing: /media/mojarras/Wiwi/sinFiltro/robot_2dof_ros2/install/two_dof_interfaces/include/two_dof_interfaces/two_dof_interfaces/srv/detail/coordinate_to_joint__struct.h
-- Installing: /media/mojarras/Wiwi/sinFiltro/robot_2dof_ros2/install/two_dof_interfaces/include/two_dof_interfaces/two_dof_interfaces/srv/detail/coordinate_to_joint__type_support.c
-- Installing: /media/mojarras/Wiwi/sinFiltro/robot_2dof_ros2/install/two_dof_interfaces/include/two_dof_interfaces/two_dof_interfaces/srv/detail/coordinate_to_joint__type_support.h
-- Installing: /media/mojarras/Wiwi/sinFiltro/robot_2dof_ros2/install/two_dof_interfaces/share/two_dof_interfaces/environment/library_path.sh
-- Installing: /media/mojarras/Wiwi/sinFiltro/robot_2dof_ros2/install/two_dof_interfaces/share/two_dof_interfaces/environment/library_path.dsv
-- Installing: /media/mojarras/Wiwi/sinFiltro/robot_2dof_ros2/install/two_dof_interfaces/lib/libtwo_dof_interfaces__rosidl_generator_c.so
-- Set non-toolchain portion of runtime path of "/media/mojarras/Wiwi/sinFiltro/robot_2dof_ros2/install/two_dof_interfaces/lib/libtwo_dof_interfaces__rosidl_generator_c.so" to ""
-- Up-to-date: /media/mojarras/Wiwi/sinFiltro/robot_2dof_ros2/install/two_dof_interfaces/include/two_dof_interfaces/two_dof_interfaces
-- Up-to-date: /media/mojarras/Wiwi/sinFiltro/robot_2dof_ros2/install/two_dof_interfaces/include/two_dof_interfaces/two_dof_interfaces/msg
-- Installing: /media/mojarras/Wiwi/sinFiltro/robot_2dof_ros2/install/two_dof_interfaces/include/two_dof_interfaces/two_dof_interfaces/msg/rosidl_typesupport_fastrtps_c__visibility_control.h
-- Up-to-date: /media/mojarras/Wiwi/sinFiltro/robot_2dof_ros2/install/two_dof_interfaces/include/two_dof_interfaces/two_dof_interfaces/srv
-- Up-to-date: /media/mojarras/Wiwi/sinFiltro/robot_2dof_ros2/install/two_dof_interfaces/include/two_dof_interfaces/two_dof_interfaces/srv/detail
-- Installing: /media/mojarras/Wiwi/sinFiltro/robot_2dof_ros2/install/two_dof_interfaces/include/two_dof_interfaces/two_dof_interfaces/srv/detail/coordinate_to_joint__rosidl_typesupport_fastrtps_c.h
-- Installing: /media/mojarras/Wiwi/sinFiltro/robot_2dof_ros2/install/two_dof_interfaces/lib/libtwo_dof_interfaces__rosidl_typesupport_fastrtps_c.so
-- Set non-toolchain portion of runtime path of "/media/mojarras/Wiwi/sinFiltro/robot_2dof_ros2/install/two_dof_interfaces/lib/libtwo_dof_interfaces__rosidl_typesupport_fastrtps_c.so" to ""
-- Up-to-date: /media/mojarras/Wiwi/sinFiltro/robot_2dof_ros2/install/two_dof_interfaces/include/two_dof_interfaces/two_dof_interfaces
-- Up-to-date: /media/mojarras/Wiwi/sinFiltro/robot_2dof_ros2/install/two_dof_interfaces/include/two_dof_interfaces/two_dof_interfaces/msg
-- Installing: /media/mojarras/Wiwi/sinFiltro/robot_2dof_ros2/install/two_dof_interfaces/include/two_dof_interfaces/two_dof_interfaces/msg/rosidl_typesupport_introspection_c__visibility_control.h
-- Up-to-date: /media/mojarras/Wiwi/sinFiltro/robot_2dof_ros2/install/two_dof_interfaces/include/two_dof_interfaces/two_dof_interfaces/srv
-- Up-to-date: /media/mojarras/Wiwi/sinFiltro/robot_2dof_ros2/install/two_dof_interfaces/include/two_dof_interfaces/two_dof_interfaces/srv/detail
-- Installing: /media/mojarras/Wiwi/sinFiltro/robot_2dof_ros2/install/two_dof_interfaces/include/two_dof_interfaces/two_dof_interfaces/srv/detail/coordinate_to_joint__rosidl_typesupport_introspection_c.h
-- Installing: /media/mojarras/Wiwi/sinFiltro/robot_2dof_ros2/install/two_dof_interfaces/include/two_dof_interfaces/two_dof_interfaces/srv/detail/coordinate_to_joint__type_support.c
-- Installing: /media/mojarras/Wiwi/sinFiltro/robot_2dof_ros2/install/two_dof_interfaces/lib/libtwo_dof_interfaces__rosidl_typesupport_introspection_c.so
-- Set non-toolchain portion of runtime path of "/media/mojarras/Wiwi/sinFiltro/robot_2dof_ros2/install/two_dof_interfaces/lib/libtwo_dof_interfaces__rosidl_typesupport_introspection_c.so" to ""
-- Installing: /media/mojarras/Wiwi/sinFiltro/robot_2dof_ros2/install/two_dof_interfaces/lib/libtwo_dof_interfaces__rosidl_typesupport_c.so
-- Set non-toolchain portion of runtime path of "/media/mojarras/Wiwi/sinFiltro/robot_2dof_ros2/install/two_dof_interfaces/lib/libtwo_dof_interfaces__rosidl_typesupport_c.so" to ""
-- Up-to-date: /media/mojarras/Wiwi/sinFiltro/robot_2dof_ros2/install/two_dof_interfaces/include/two_dof_interfaces/two_dof_interfaces
-- Up-to-date: /media/mojarras/Wiwi/sinFiltro/robot_2dof_ros2/install/two_dof_interfaces/include/two_dof_interfaces/two_dof_interfaces/msg
-- Installing: /media/mojarras/Wiwi/sinFiltro/robot_2dof_ros2/install/two_dof_interfaces/include/two_dof_interfaces/two_dof_interfaces/msg/rosidl_generator_cpp__visibility_control.hpp
-- Up-to-date: /media/mojarras/Wiwi/sinFiltro/robot_2dof_ros2/install/two_dof_interfaces/include/two_dof_interfaces/two_dof_interfaces/srv
-- Installing: /media/mojarras/Wiwi/sinFiltro/robot_2dof_ros2/install/two_dof_interfaces/include/two_dof_interfaces/two_dof_interfaces/srv/coordinate_to_joint.hpp
-- Up-to-date: /media/mojarras/Wiwi/sinFiltro/robot_2dof_ros2/install/two_dof_interfaces/include/two_dof_interfaces/two_dof_interfaces/srv/detail
-- Installing: /media/mojarras/Wiwi/sinFiltro/robot_2dof_ros2/install/two_dof_interfaces/include/two_dof_interfaces/two_dof_interfaces/srv/detail/coordinate_to_joint__builder.hpp
-- Installing: /media/mojarras/Wiwi/sinFiltro/robot_2dof_ros2/install/two_dof_interfaces/include/two_dof_interfaces/two_dof_interfaces/srv/detail/coordinate_to_joint__struct.hpp
-- Installing: /media/mojarras/Wiwi/sinFiltro/robot_2dof_ros2/install/two_dof_interfaces/include/two_dof_interfaces/two_dof_interfaces/srv/detail/coordinate_to_joint__traits.hpp
-- Installing: /media/mojarras/Wiwi/sinFiltro/robot_2dof_ros2/install/two_dof_interfaces/include/two_dof_interfaces/two_dof_interfaces/srv/detail/coordinate_to_joint__type_support.hpp
-- Up-to-date: /media/mojarras/Wiwi/sinFiltro/robot_2dof_ros2/install/two_dof_interfaces/include/two_dof_interfaces/two_dof_interfaces
-- Up-to-date: /media/mojarras/Wiwi/sinFiltro/robot_2dof_ros2/install/two_dof_interfaces/include/two_dof_interfaces/two_dof_interfaces/msg
-- Installing: /media/mojarras/Wiwi/sinFiltro/robot_2dof_ros2/install/two_dof_interfaces/include/two_dof_interfaces/two_dof_interfaces/msg/rosidl_typesupport_fastrtps_cpp__visibility_control.h
-- Up-to-date: /media/mojarras/Wiwi/sinFiltro/robot_2dof_ros2/install/two_dof_interfaces/include/two_dof_interfaces/two_dof_interfaces/srv
-- Up-to-date: /media/mojarras/Wiwi/sinFiltro/robot_2dof_ros2/install/two_dof_interfaces/include/two_dof_interfaces/two_dof_interfaces/srv/detail
-- Installing: /media/mojarras/Wiwi/sinFiltro/robot_2dof_ros2/install/two_dof_interfaces/include/two_dof_interfaces/two_dof_interfaces/srv/detail/coordinate_to_joint__rosidl_typesupport_fastrtps_cpp.hpp
-- Installing: /media/mojarras/Wiwi/sinFiltro/robot_2dof_ros2/install/two_dof_interfaces/include/two_dof_interfaces/two_dof_interfaces/srv/detail/dds_fastrtps
-- Installing: /media/mojarras/Wiwi/sinFiltro/robot_2dof_ros2/install/two_dof_interfaces/lib/libtwo_dof_interfaces__rosidl_typesupport_fastrtps_cpp.so
-- Set non-toolchain portion of runtime path of "/media/mojarras/Wiwi/sinFiltro/robot_2dof_ros2/install/two_dof_interfaces/lib/libtwo_dof_interfaces__rosidl_typesupport_fastrtps_cpp.so" to ""
-- Up-to-date: /media/mojarras/Wiwi/sinFiltro/robot_2dof_ros2/install/two_dof_interfaces/include/two_dof_interfaces/two_dof_interfaces
-- Up-to-date: /media/mojarras/Wiwi/sinFiltro/robot_2dof_ros2/install/two_dof_interfaces/include/two_dof_interfaces/two_dof_interfaces/srv
-- Up-to-date: /media/mojarras/Wiwi/sinFiltro/robot_2dof_ros2/install/two_dof_interfaces/include/two_dof_interfaces/two_dof_interfaces/srv/detail
-- Installing: /media/mojarras/Wiwi/sinFiltro/robot_2dof_ros2/install/two_dof_interfaces/include/two_dof_interfaces/two_dof_interfaces/srv/detail/coordinate_to_joint__rosidl_typesupport_introspection_cpp.hpp
-- Installing: /media/mojarras/Wiwi/sinFiltro/robot_2dof_ros2/install/two_dof_interfaces/include/two_dof_interfaces/two_dof_interfaces/srv/detail/coordinate_to_joint__type_support.cpp
-- Installing: /media/mojarras/Wiwi/sinFiltro/robot_2dof_ros2/install/two_dof_interfaces/lib/libtwo_dof_interfaces__rosidl_typesupport_introspection_cpp.so
-- Set non-toolchain portion of runtime path of "/media/mojarras/Wiwi/sinFiltro/robot_2dof_ros2/install/two_dof_interfaces/lib/libtwo_dof_interfaces__rosidl_typesupport_introspection_cpp.so" to ""
-- Installing: /media/mojarras/Wiwi/sinFiltro/robot_2dof_ros2/install/two_dof_interfaces/lib/libtwo_dof_interfaces__rosidl_typesupport_cpp.so
-- Set non-toolchain portion of runtime path of "/media/mojarras/Wiwi/sinFiltro/robot_2dof_ros2/install/two_dof_interfaces/lib/libtwo_dof_interfaces__rosidl_typesupport_cpp.so" to ""
-- Installing: /media/mojarras/Wiwi/sinFiltro/robot_2dof_ros2/install/two_dof_interfaces/share/two_dof_interfaces/environment/pythonpath.sh
-- Installing: /media/mojarras/Wiwi/sinFiltro/robot_2dof_ros2/install/two_dof_interfaces/share/two_dof_interfaces/environment/pythonpath.dsv
-- Installing: /media/mojarras/Wiwi/sinFiltro/robot_2dof_ros2/install/two_dof_interfaces/lib/python3.12/site-packages/two_dof_interfaces-0.0.0-py3.12.egg-info
-- Installing: /media/mojarras/Wiwi/sinFiltro/robot_2dof_ros2/install/two_dof_interfaces/lib/python3.12/site-packages/two_dof_interfaces-0.0.0-py3.12.egg-info/dependency_links.txt
-- Installing: /media/mojarras/Wiwi/sinFiltro/robot_2dof_ros2/install/two_dof_interfaces/lib/python3.12/site-packages/two_dof_interfaces-0.0.0-py3.12.egg-info/PKG-INFO
-- Installing: /media/mojarras/Wiwi/sinFiltro/robot_2dof_ros2/install/two_dof_interfaces/lib/python3.12/site-packages/two_dof_interfaces-0.0.0-py3.12.egg-info/SOURCES.txt
-- Installing: /media/mojarras/Wiwi/sinFiltro/robot_2dof_ros2/install/two_dof_interfaces/lib/python3.12/site-packages/two_dof_interfaces-0.0.0-py3.12.egg-info/top_level.txt
-- Installing: /media/mojarras/Wiwi/sinFiltro/robot_2dof_ros2/install/two_dof_interfaces/lib/python3.12/site-packages/two_dof_interfaces
-- Installing: /media/mojarras/Wiwi/sinFiltro/robot_2dof_ros2/install/two_dof_interfaces/lib/python3.12/site-packages/two_dof_interfaces/srv
-- Installing: /media/mojarras/Wiwi/sinFiltro/robot_2dof_ros2/install/two_dof_interfaces/lib/python3.12/site-packages/two_dof_interfaces/srv/_coordinate_to_joint.py
-- Installing: /media/mojarras/Wiwi/sinFiltro/robot_2dof_ros2/install/two_dof_interfaces/lib/python3.12/site-packages/two_dof_interfaces/srv/_coordinate_to_joint_s.c
-- Installing: /media/mojarras/Wiwi/sinFiltro/robot_2dof_ros2/install/two_dof_interfaces/lib/python3.12/site-packages/two_dof_interfaces/srv/__init__.py
-- Installing: /media/mojarras/Wiwi/sinFiltro/robot_2dof_ros2/install/two_dof_interfaces/lib/python3.12/site-packages/two_dof_interfaces/two_dof_interfaces_s__rosidl_typesupport_c.so
-- Installing: /media/mojarras/Wiwi/sinFiltro/robot_2dof_ros2/install/two_dof_interfaces/lib/python3.12/site-packages/two_dof_interfaces/two_dof_interfaces_s__rosidl_typesupport_fastrtps_c.so
-- Installing: /media/mojarras/Wiwi/sinFiltro/robot_2dof_ros2/install/two_dof_interfaces/lib/python3.12/site-packages/two_dof_interfaces/two_dof_interfaces_s__rosidl_typesupport_introspection_c.so
-- Installing: /media/mojarras/Wiwi/sinFiltro/robot_2dof_ros2/install/two_dof_interfaces/lib/python3.12/site-packages/two_dof_interfaces/_two_dof_interfaces_s.ep.rosidl_typesupport_c.c
-- Installing: /media/mojarras/Wiwi/sinFiltro/robot_2dof_ros2/install/two_dof_interfaces/lib/python3.12/site-packages/two_dof_interfaces/_two_dof_interfaces_s.ep.rosidl_typesupport_fastrtps_c.c
-- Installing: /media/mojarras/Wiwi/sinFiltro/robot_2dof_ros2/install/two_dof_interfaces/lib/python3.12/site-packages/two_dof_interfaces/_two_dof_interfaces_s.ep.rosidl_typesupport_introspection_c.c
-- Installing: /media/mojarras/Wiwi/sinFiltro/robot_2dof_ros2/install/two_dof_interfaces/lib/python3.12/site-packages/two_dof_interfaces/__init__.py
Listing '/media/mojarras/Wiwi/sinFiltro/robot_2dof_ros2/install/two_dof_interfaces/lib/python3.12/site-packages/two_dof_interfaces'...
Compiling '/media/mojarras/Wiwi/sinFiltro/robot_2dof_ros2/install/two_dof_interfaces/lib/python3.12/site-packages/two_dof_interfaces/__init__.py'...
Listing '/media/mojarras/Wiwi/sinFiltro/robot_2dof_ros2/install/two_dof_interfaces/lib/python3.12/site-packages/two_dof_interfaces/srv'...
Compiling '/media/mojarras/Wiwi/sinFiltro/robot_2dof_ros2/install/two_dof_interfaces/lib/python3.12/site-packages/two_dof_interfaces/srv/__init__.py'...
Compiling '/media/mojarras/Wiwi/sinFiltro/robot_2dof_ros2/install/two_dof_interfaces/lib/python3.12/site-packages/two_dof_interfaces/srv/_coordinate_to_joint.py'...
-- Installing: /media/mojarras/Wiwi/sinFiltro/robot_2dof_ros2/install/two_dof_interfaces/lib/python3.12/site-packages/two_dof_interfaces/two_dof_interfaces_s__rosidl_typesupport_fastrtps_c.so
-- Set non-toolchain portion of runtime path of "/media/mojarras/Wiwi/sinFiltro/robot_2dof_ros2/install/two_dof_interfaces/lib/python3.12/site-packages/two_dof_interfaces/two_dof_interfaces_s__rosidl_typesupport_fastrtps_c.so" to ""
-- Installing: /media/mojarras/Wiwi/sinFiltro/robot_2dof_ros2/install/two_dof_interfaces/lib/python3.12/site-packages/two_dof_interfaces/two_dof_interfaces_s__rosidl_typesupport_introspection_c.so
-- Set non-toolchain portion of runtime path of "/media/mojarras/Wiwi/sinFiltro/robot_2dof_ros2/install/two_dof_interfaces/lib/python3.12/site-packages/two_dof_interfaces/two_dof_interfaces_s__rosidl_typesupport_introspection_c.so" to ""
-- Installing: /media/mojarras/Wiwi/sinFiltro/robot_2dof_ros2/install/two_dof_interfaces/lib/python3.12/site-packages/two_dof_interfaces/two_dof_interfaces_s__rosidl_typesupport_c.so
-- Set non-toolchain portion of runtime path of "/media/mojarras/Wiwi/sinFiltro/robot_2dof_ros2/install/two_dof_interfaces/lib/python3.12/site-packages/two_dof_interfaces/two_dof_interfaces_s__rosidl_typesupport_c.so" to ""
-- Installing: /media/mojarras/Wiwi/sinFiltro/robot_2dof_ros2/install/two_dof_interfaces/lib/libtwo_dof_interfaces__rosidl_generator_py.so
-- Set non-toolchain portion of runtime path of "/media/mojarras/Wiwi/sinFiltro/robot_2dof_ros2/install/two_dof_interfaces/lib/libtwo_dof_interfaces__rosidl_generator_py.so" to ""
-- Installing: /media/mojarras/Wiwi/sinFiltro/robot_2dof_ros2/install/two_dof_interfaces/share/two_dof_interfaces/srv/CoordinateToJoint.idl
-- Installing: /media/mojarras/Wiwi/sinFiltro/robot_2dof_ros2/install/two_dof_interfaces/share/two_dof_interfaces/srv/CoordinateToJoint.srv
-- Installing: /media/mojarras/Wiwi/sinFiltro/robot_2dof_ros2/install/two_dof_interfaces/share/ament_index/resource_index/package_run_dependencies/two_dof_interfaces
-- Installing: /media/mojarras/Wiwi/sinFiltro/robot_2dof_ros2/install/two_dof_interfaces/share/ament_index/resource_index/parent_prefix_path/two_dof_interfaces
-- Installing: /media/mojarras/Wiwi/sinFiltro/robot_2dof_ros2/install/two_dof_interfaces/share/two_dof_interfaces/environment/ament_prefix_path.sh
-- Installing: /media/mojarras/Wiwi/sinFiltro/robot_2dof_ros2/install/two_dof_interfaces/share/two_dof_interfaces/environment/ament_prefix_path.dsv
-- Installing: /media/mojarras/Wiwi/sinFiltro/robot_2dof_ros2/install/two_dof_interfaces/share/two_dof_interfaces/environment/path.sh
-- Installing: /media/mojarras/Wiwi/sinFiltro/robot_2dof_ros2/install/two_dof_interfaces/share/two_dof_interfaces/environment/path.dsv
-- Installing: /media/mojarras/Wiwi/sinFiltro/robot_2dof_ros2/install/two_dof_interfaces/share/two_dof_interfaces/local_setup.bash
-- Installing: /media/mojarras/Wiwi/sinFiltro/robot_2dof_ros2/install/two_dof_interfaces/share/two_dof_interfaces/local_setup.sh
-- Installing: /media/mojarras/Wiwi/sinFiltro/robot_2dof_ros2/install/two_dof_interfaces/share/two_dof_interfaces/local_setup.zsh
-- Installing: /media/mojarras/Wiwi/sinFiltro/robot_2dof_ros2/install/two_dof_interfaces/share/two_dof_interfaces/local_setup.dsv
-- Installing: /media/mojarras/Wiwi/sinFiltro/robot_2dof_ros2/install/two_dof_interfaces/share/two_dof_interfaces/package.dsv
-- Installing: /media/mojarras/Wiwi/sinFiltro/robot_2dof_ros2/install/two_dof_interfaces/share/ament_index/resource_index/packages/two_dof_interfaces
-- Installing: /media/mojarras/Wiwi/sinFiltro/robot_2dof_ros2/install/two_dof_interfaces/share/two_dof_interfaces/cmake/export_two_dof_interfaces__rosidl_generator_cExport.cmake
-- Installing: /media/mojarras/Wiwi/sinFiltro/robot_2dof_ros2/install/two_dof_interfaces/share/two_dof_interfaces/cmake/export_two_dof_interfaces__rosidl_generator_cExport-noconfig.cmake
-- Installing: /media/mojarras/Wiwi/sinFiltro/robot_2dof_ros2/install/two_dof_interfaces/share/two_dof_interfaces/cmake/export_two_dof_interfaces__rosidl_typesupport_fastrtps_cExport.cmake
-- Installing: /media/mojarras/Wiwi/sinFiltro/robot_2dof_ros2/install/two_dof_interfaces/share/two_dof_interfaces/cmake/export_two_dof_interfaces__rosidl_typesupport_fastrtps_cExport-noconfig.cmake
-- Installing: /media/mojarras/Wiwi/sinFiltro/robot_2dof_ros2/install/two_dof_interfaces/share/two_dof_interfaces/cmake/two_dof_interfaces__rosidl_typesupport_introspection_cExport.cmake
-- Installing: /media/mojarras/Wiwi/sinFiltro/robot_2dof_ros2/install/two_dof_interfaces/share/two_dof_interfaces/cmake/two_dof_interfaces__rosidl_typesupport_introspection_cExport-noconfig.cmake
-- Installing: /media/mojarras/Wiwi/sinFiltro/robot_2dof_ros2/install/two_dof_interfaces/share/two_dof_interfaces/cmake/two_dof_interfaces__rosidl_typesupport_cExport.cmake
-- Installing: /media/mojarras/Wiwi/sinFiltro/robot_2dof_ros2/install/two_dof_interfaces/share/two_dof_interfaces/cmake/two_dof_interfaces__rosidl_typesupport_cExport-noconfig.cmake
-- Installing: /media/mojarras/Wiwi/sinFiltro/robot_2dof_ros2/install/two_dof_interfaces/share/two_dof_interfaces/cmake/export_two_dof_interfaces__rosidl_generator_cppExport.cmake
-- Installing: /media/mojarras/Wiwi/sinFiltro/robot_2dof_ros2/install/two_dof_interfaces/share/two_dof_interfaces/cmake/export_two_dof_interfaces__rosidl_typesupport_fastrtps_cppExport.cmake
-- Installing: /media/mojarras/Wiwi/sinFiltro/robot_2dof_ros2/install/two_dof_interfaces/share/two_dof_interfaces/cmake/export_two_dof_interfaces__rosidl_typesupport_fastrtps_cppExport-noconfig.cmake
-- Installing: /media/mojarras/Wiwi/sinFiltro/robot_2dof_ros2/install/two_dof_interfaces/share/two_dof_interfaces/cmake/two_dof_interfaces__rosidl_typesupport_introspection_cppExport.cmake
-- Installing: /media/mojarras/Wiwi/sinFiltro/robot_2dof_ros2/install/two_dof_interfaces/share/two_dof_interfaces/cmake/two_dof_interfaces__rosidl_typesupport_introspection_cppExport-noconfig.cmake
-- Installing: /media/mojarras/Wiwi/sinFiltro/robot_2dof_ros2/install/two_dof_interfaces/share/two_dof_interfaces/cmake/two_dof_interfaces__rosidl_typesupport_cppExport.cmake
-- Installing: /media/mojarras/Wiwi/sinFiltro/robot_2dof_ros2/install/two_dof_interfaces/share/two_dof_interfaces/cmake/two_dof_interfaces__rosidl_typesupport_cppExport-noconfig.cmake
-- Installing: /media/mojarras/Wiwi/sinFiltro/robot_2dof_ros2/install/two_dof_interfaces/share/two_dof_interfaces/cmake/export_two_dof_interfaces__rosidl_generator_pyExport.cmake
-- Installing: /media/mojarras/Wiwi/sinFiltro/robot_2dof_ros2/install/two_dof_interfaces/share/two_dof_interfaces/cmake/export_two_dof_interfaces__rosidl_generator_pyExport-noconfig.cmake
-- Installing: /media/mojarras/Wiwi/sinFiltro/robot_2dof_ros2/install/two_dof_interfaces/share/two_dof_interfaces/cmake/rosidl_cmake-extras.cmake
-- Installing: /media/mojarras/Wiwi/sinFiltro/robot_2dof_ros2/install/two_dof_interfaces/share/two_dof_interfaces/cmake/ament_cmake_export_dependencies-extras.cmake
-- Installing: /media/mojarras/Wiwi/sinFiltro/robot_2dof_ros2/install/two_dof_interfaces/share/two_dof_interfaces/cmake/ament_cmake_export_include_directories-extras.cmake
-- Installing: /media/mojarras/Wiwi/sinFiltro/robot_2dof_ros2/install/two_dof_interfaces/share/two_dof_interfaces/cmake/ament_cmake_export_libraries-extras.cmake
-- Installing: /media/mojarras/Wiwi/sinFiltro/robot_2dof_ros2/install/two_dof_interfaces/share/two_dof_interfaces/cmake/ament_cmake_export_targets-extras.cmake
-- Installing: /media/mojarras/Wiwi/sinFiltro/robot_2dof_ros2/install/two_dof_interfaces/share/two_dof_interfaces/cmake/rosidl_cmake_export_typesupport_targets-extras.cmake
-- Installing: /media/mojarras/Wiwi/sinFiltro/robot_2dof_ros2/install/two_dof_interfaces/share/two_dof_interfaces/cmake/rosidl_cmake_export_typesupport_libraries-extras.cmake
-- Installing: /media/mojarras/Wiwi/sinFiltro/robot_2dof_ros2/install/two_dof_interfaces/share/two_dof_interfaces/cmake/two_dof_interfacesConfig.cmake
-- Installing: /media/mojarras/Wiwi/sinFiltro/robot_2dof_ros2/install/two_dof_interfaces/share/two_dof_interfaces/cmake/two_dof_interfacesConfig-version.cmake
-- Installing: /media/mojarras/Wiwi/sinFiltro/robot_2dof_ros2/install/two_dof_interfaces/share/two_dof_interfaces/package.xml
