[0.453s] Invoking command in '/media/mojarras/Wiwi/sinFiltro/robot_2dof_ros2/build/two_dof_interfaces': CMAKE_PREFIX_PATH=${CMAKE_PREFIX_PATH}:/media/mojarras/Wiwi/sinFiltro/robot_2dof_ros2/install/control:/opt/ros/jazzy DEBUGINFOD_URLS=https://debuginfod.ubuntu.com /usr/bin/cmake --build /media/mojarras/Wiwi/sinFiltro/robot_2dof_ros2/build/two_dof_interfaces -- -j8 -l8
[0.545s] [  2%] Built target two_dof_interfaces__rosidl_generator_type_description
[0.570s] [  2%] Built target ament_cmake_python_copy_two_dof_interfaces
[0.593s] [  5%] Built target two_dof_interfaces__cpp
[0.596s] [ 20%] Built target two_dof_interfaces__rosidl_generator_c
[0.657s] [ 29%] Built target two_dof_interfaces__rosidl_typesupport_fastrtps_cpp
[0.664s] [ 38%] Built target two_dof_interfaces__rosidl_typesupport_fastrtps_c
[0.676s] [ 52%] Built target two_dof_interfaces__rosidl_typesupport_introspection_cpp
[0.677s] [ 55%] Built target two_dof_interfaces__rosidl_typesupport_introspection_c
[0.678s] [ 64%] Built target two_dof_interfaces__rosidl_typesupport_c
[0.686s] [ 73%] Built target two_dof_interfaces__rosidl_typesupport_cpp
[0.726s] [ 73%] Built target two_dof_interfaces
[0.763s] [ 76%] Built target two_dof_interfaces__py
[0.802s] [ 82%] Built target two_dof_interfaces__rosidl_generator_py
[0.842s] [ 88%] Built target two_dof_interfaces_s__rosidl_typesupport_c
[0.844s] [ 94%] Built target two_dof_interfaces_s__rosidl_typesupport_introspection_c
[0.853s] [100%] Built target two_dof_interfaces_s__rosidl_typesupport_fastrtps_c
[1.098s] running egg_info
[1.148s] writing two_dof_interfaces.egg-info/PKG-INFO
[1.148s] writing dependency_links to two_dof_interfaces.egg-info/dependency_links.txt
[1.148s] writing top-level names to two_dof_interfaces.egg-info/top_level.txt
[1.298s] reading manifest file 'two_dof_interfaces.egg-info/SOURCES.txt'
[1.299s] writing manifest file 'two_dof_interfaces.egg-info/SOURCES.txt'
[1.340s] [100%] Built target ament_cmake_python_build_two_dof_interfaces_egg
[1.359s] Invoked command in '/media/mojarras/Wiwi/sinFiltro/robot_2dof_ros2/build/two_dof_interfaces' returned '0': CMAKE_PREFIX_PATH=${CMAKE_PREFIX_PATH}:/media/mojarras/Wiwi/sinFiltro/robot_2dof_ros2/install/control:/opt/ros/jazzy DEBUGINFOD_URLS=https://debuginfod.ubuntu.com /usr/bin/cmake --build /media/mojarras/Wiwi/sinFiltro/robot_2dof_ros2/build/two_dof_interfaces -- -j8 -l8
[1.360s] Invoking command in '/media/mojarras/Wiwi/sinFiltro/robot_2dof_ros2/build/two_dof_interfaces': CMAKE_PREFIX_PATH=${CMAKE_PREFIX_PATH}:/media/mojarras/Wiwi/sinFiltro/robot_2dof_ros2/install/control:/opt/ros/jazzy DEBUGINFOD_URLS=https://debuginfod.ubuntu.com /usr/bin/cmake --install /media/mojarras/Wiwi/sinFiltro/robot_2dof_ros2/build/two_dof_interfaces
[1.374s] -- Install configuration: ""
[1.375s] -- Up-to-date: /media/mojarras/Wiwi/sinFiltro/robot_2dof_ros2/install/two_dof_interfaces/share/ament_index/resource_index/rosidl_interfaces/two_dof_interfaces
[1.375s] -- Up-to-date: /media/mojarras/Wiwi/sinFiltro/robot_2dof_ros2/install/two_dof_interfaces/share/two_dof_interfaces/srv/CoordinateToJoint.json
[1.375s] -- Up-to-date: /media/mojarras/Wiwi/sinFiltro/robot_2dof_ros2/install/two_dof_interfaces/include/two_dof_interfaces/two_dof_interfaces
[1.375s] -- Up-to-date: /media/mojarras/Wiwi/sinFiltro/robot_2dof_ros2/install/two_dof_interfaces/include/two_dof_interfaces/two_dof_interfaces/msg
[1.375s] -- Up-to-date: /media/mojarras/Wiwi/sinFiltro/robot_2dof_ros2/install/two_dof_interfaces/include/two_dof_interfaces/two_dof_interfaces/msg/rosidl_generator_c__visibility_control.h
[1.375s] -- Up-to-date: /media/mojarras/Wiwi/sinFiltro/robot_2dof_ros2/install/two_dof_interfaces/include/two_dof_interfaces/two_dof_interfaces/srv
[1.375s] -- Up-to-date: /media/mojarras/Wiwi/sinFiltro/robot_2dof_ros2/install/two_dof_interfaces/include/two_dof_interfaces/two_dof_interfaces/srv/coordinate_to_joint.h
[1.375s] -- Up-to-date: /media/mojarras/Wiwi/sinFiltro/robot_2dof_ros2/install/two_dof_interfaces/include/two_dof_interfaces/two_dof_interfaces/srv/detail
[1.376s] -- Up-to-date: /media/mojarras/Wiwi/sinFiltro/robot_2dof_ros2/install/two_dof_interfaces/include/two_dof_interfaces/two_dof_interfaces/srv/detail/coordinate_to_joint__description.c
[1.376s] -- Up-to-date: /media/mojarras/Wiwi/sinFiltro/robot_2dof_ros2/install/two_dof_interfaces/include/two_dof_interfaces/two_dof_interfaces/srv/detail/coordinate_to_joint__functions.c
[1.376s] -- Up-to-date: /media/mojarras/Wiwi/sinFiltro/robot_2dof_ros2/install/two_dof_interfaces/include/two_dof_interfaces/two_dof_interfaces/srv/detail/coordinate_to_joint__functions.h
[1.376s] -- Up-to-date: /media/mojarras/Wiwi/sinFiltro/robot_2dof_ros2/install/two_dof_interfaces/include/two_dof_interfaces/two_dof_interfaces/srv/detail/coordinate_to_joint__struct.h
[1.376s] -- Up-to-date: /media/mojarras/Wiwi/sinFiltro/robot_2dof_ros2/install/two_dof_interfaces/include/two_dof_interfaces/two_dof_interfaces/srv/detail/coordinate_to_joint__type_support.c
[1.376s] -- Up-to-date: /media/mojarras/Wiwi/sinFiltro/robot_2dof_ros2/install/two_dof_interfaces/include/two_dof_interfaces/two_dof_interfaces/srv/detail/coordinate_to_joint__type_support.h
[1.376s] -- Up-to-date: /media/mojarras/Wiwi/sinFiltro/robot_2dof_ros2/install/two_dof_interfaces/share/two_dof_interfaces/environment/library_path.sh
[1.377s] -- Up-to-date: /media/mojarras/Wiwi/sinFiltro/robot_2dof_ros2/install/two_dof_interfaces/share/two_dof_interfaces/environment/library_path.dsv
[1.377s] -- Up-to-date: /media/mojarras/Wiwi/sinFiltro/robot_2dof_ros2/install/two_dof_interfaces/lib/libtwo_dof_interfaces__rosidl_generator_c.so
[1.377s] -- Up-to-date: /media/mojarras/Wiwi/sinFiltro/robot_2dof_ros2/install/two_dof_interfaces/include/two_dof_interfaces/two_dof_interfaces
[1.377s] -- Up-to-date: /media/mojarras/Wiwi/sinFiltro/robot_2dof_ros2/install/two_dof_interfaces/include/two_dof_interfaces/two_dof_interfaces/msg
[1.377s] -- Up-to-date: /media/mojarras/Wiwi/sinFiltro/robot_2dof_ros2/install/two_dof_interfaces/include/two_dof_interfaces/two_dof_interfaces/msg/rosidl_typesupport_fastrtps_c__visibility_control.h
[1.377s] -- Up-to-date: /media/mojarras/Wiwi/sinFiltro/robot_2dof_ros2/install/two_dof_interfaces/include/two_dof_interfaces/two_dof_interfaces/srv
[1.377s] -- Up-to-date: /media/mojarras/Wiwi/sinFiltro/robot_2dof_ros2/install/two_dof_interfaces/include/two_dof_interfaces/two_dof_interfaces/srv/detail
[1.378s] -- Up-to-date: /media/mojarras/Wiwi/sinFiltro/robot_2dof_ros2/install/two_dof_interfaces/include/two_dof_interfaces/two_dof_interfaces/srv/detail/coordinate_to_joint__rosidl_typesupport_fastrtps_c.h
[1.378s] -- Up-to-date: /media/mojarras/Wiwi/sinFiltro/robot_2dof_ros2/install/two_dof_interfaces/lib/libtwo_dof_interfaces__rosidl_typesupport_fastrtps_c.so
[1.378s] -- Up-to-date: /media/mojarras/Wiwi/sinFiltro/robot_2dof_ros2/install/two_dof_interfaces/include/two_dof_interfaces/two_dof_interfaces
[1.378s] -- Up-to-date: /media/mojarras/Wiwi/sinFiltro/robot_2dof_ros2/install/two_dof_interfaces/include/two_dof_interfaces/two_dof_interfaces/msg
[1.378s] -- Up-to-date: /media/mojarras/Wiwi/sinFiltro/robot_2dof_ros2/install/two_dof_interfaces/include/two_dof_interfaces/two_dof_interfaces/msg/rosidl_typesupport_introspection_c__visibility_control.h
[1.378s] -- Up-to-date: /media/mojarras/Wiwi/sinFiltro/robot_2dof_ros2/install/two_dof_interfaces/include/two_dof_interfaces/two_dof_interfaces/srv
[1.378s] -- Up-to-date: /media/mojarras/Wiwi/sinFiltro/robot_2dof_ros2/install/two_dof_interfaces/include/two_dof_interfaces/two_dof_interfaces/srv/detail
[1.378s] -- Up-to-date: /media/mojarras/Wiwi/sinFiltro/robot_2dof_ros2/install/two_dof_interfaces/include/two_dof_interfaces/two_dof_interfaces/srv/detail/coordinate_to_joint__rosidl_typesupport_introspection_c.h
[1.379s] -- Up-to-date: /media/mojarras/Wiwi/sinFiltro/robot_2dof_ros2/install/two_dof_interfaces/include/two_dof_interfaces/two_dof_interfaces/srv/detail/coordinate_to_joint__type_support.c
[1.379s] -- Up-to-date: /media/mojarras/Wiwi/sinFiltro/robot_2dof_ros2/install/two_dof_interfaces/lib/libtwo_dof_interfaces__rosidl_typesupport_introspection_c.so
[1.379s] -- Up-to-date: /media/mojarras/Wiwi/sinFiltro/robot_2dof_ros2/install/two_dof_interfaces/lib/libtwo_dof_interfaces__rosidl_typesupport_c.so
[1.379s] -- Up-to-date: /media/mojarras/Wiwi/sinFiltro/robot_2dof_ros2/install/two_dof_interfaces/include/two_dof_interfaces/two_dof_interfaces
[1.379s] -- Up-to-date: /media/mojarras/Wiwi/sinFiltro/robot_2dof_ros2/install/two_dof_interfaces/include/two_dof_interfaces/two_dof_interfaces/msg
[1.379s] -- Up-to-date: /media/mojarras/Wiwi/sinFiltro/robot_2dof_ros2/install/two_dof_interfaces/include/two_dof_interfaces/two_dof_interfaces/msg/rosidl_generator_cpp__visibility_control.hpp
[1.380s] -- Up-to-date: /media/mojarras/Wiwi/sinFiltro/robot_2dof_ros2/install/two_dof_interfaces/include/two_dof_interfaces/two_dof_interfaces/srv
[1.380s] -- Up-to-date: /media/mojarras/Wiwi/sinFiltro/robot_2dof_ros2/install/two_dof_interfaces/include/two_dof_interfaces/two_dof_interfaces/srv/coordinate_to_joint.hpp
[1.380s] -- Up-to-date: /media/mojarras/Wiwi/sinFiltro/robot_2dof_ros2/install/two_dof_interfaces/include/two_dof_interfaces/two_dof_interfaces/srv/detail
[1.380s] -- Up-to-date: /media/mojarras/Wiwi/sinFiltro/robot_2dof_ros2/install/two_dof_interfaces/include/two_dof_interfaces/two_dof_interfaces/srv/detail/coordinate_to_joint__builder.hpp
[1.381s] -- Up-to-date: /media/mojarras/Wiwi/sinFiltro/robot_2dof_ros2/install/two_dof_interfaces/include/two_dof_interfaces/two_dof_interfaces/srv/detail/coordinate_to_joint__struct.hpp
[1.381s] -- Up-to-date: /media/mojarras/Wiwi/sinFiltro/robot_2dof_ros2/install/two_dof_interfaces/include/two_dof_interfaces/two_dof_interfaces/srv/detail/coordinate_to_joint__traits.hpp
[1.382s] -- Up-to-date: /media/mojarras/Wiwi/sinFiltro/robot_2dof_ros2/install/two_dof_interfaces/include/two_dof_interfaces/two_dof_interfaces/srv/detail/coordinate_to_joint__type_support.hpp
[1.382s] -- Up-to-date: /media/mojarras/Wiwi/sinFiltro/robot_2dof_ros2/install/two_dof_interfaces/include/two_dof_interfaces/two_dof_interfaces
[1.382s] -- Up-to-date: /media/mojarras/Wiwi/sinFiltro/robot_2dof_ros2/install/two_dof_interfaces/include/two_dof_interfaces/two_dof_interfaces/msg
[1.382s] -- Up-to-date: /media/mojarras/Wiwi/sinFiltro/robot_2dof_ros2/install/two_dof_interfaces/include/two_dof_interfaces/two_dof_interfaces/msg/rosidl_typesupport_fastrtps_cpp__visibility_control.h
[1.382s] -- Up-to-date: /media/mojarras/Wiwi/sinFiltro/robot_2dof_ros2/install/two_dof_interfaces/include/two_dof_interfaces/two_dof_interfaces/srv
[1.382s] -- Up-to-date: /media/mojarras/Wiwi/sinFiltro/robot_2dof_ros2/install/two_dof_interfaces/include/two_dof_interfaces/two_dof_interfaces/srv/detail
[1.383s] -- Up-to-date: /media/mojarras/Wiwi/sinFiltro/robot_2dof_ros2/install/two_dof_interfaces/include/two_dof_interfaces/two_dof_interfaces/srv/detail/coordinate_to_joint__rosidl_typesupport_fastrtps_cpp.hpp
[1.383s] -- Up-to-date: /media/mojarras/Wiwi/sinFiltro/robot_2dof_ros2/install/two_dof_interfaces/include/two_dof_interfaces/two_dof_interfaces/srv/detail/dds_fastrtps
[1.383s] -- Up-to-date: /media/mojarras/Wiwi/sinFiltro/robot_2dof_ros2/install/two_dof_interfaces/lib/libtwo_dof_interfaces__rosidl_typesupport_fastrtps_cpp.so
[1.383s] -- Up-to-date: /media/mojarras/Wiwi/sinFiltro/robot_2dof_ros2/install/two_dof_interfaces/include/two_dof_interfaces/two_dof_interfaces
[1.383s] -- Up-to-date: /media/mojarras/Wiwi/sinFiltro/robot_2dof_ros2/install/two_dof_interfaces/include/two_dof_interfaces/two_dof_interfaces/srv
[1.384s] -- Up-to-date: /media/mojarras/Wiwi/sinFiltro/robot_2dof_ros2/install/two_dof_interfaces/include/two_dof_interfaces/two_dof_interfaces/srv/detail
[1.384s] -- Up-to-date: /media/mojarras/Wiwi/sinFiltro/robot_2dof_ros2/install/two_dof_interfaces/include/two_dof_interfaces/two_dof_interfaces/srv/detail/coordinate_to_joint__rosidl_typesupport_introspection_cpp.hpp
[1.384s] -- Up-to-date: /media/mojarras/Wiwi/sinFiltro/robot_2dof_ros2/install/two_dof_interfaces/include/two_dof_interfaces/two_dof_interfaces/srv/detail/coordinate_to_joint__type_support.cpp
[1.384s] -- Up-to-date: /media/mojarras/Wiwi/sinFiltro/robot_2dof_ros2/install/two_dof_interfaces/lib/libtwo_dof_interfaces__rosidl_typesupport_introspection_cpp.so
[1.384s] -- Up-to-date: /media/mojarras/Wiwi/sinFiltro/robot_2dof_ros2/install/two_dof_interfaces/lib/libtwo_dof_interfaces__rosidl_typesupport_cpp.so
[1.385s] -- Up-to-date: /media/mojarras/Wiwi/sinFiltro/robot_2dof_ros2/install/two_dof_interfaces/share/two_dof_interfaces/environment/pythonpath.sh
[1.385s] -- Up-to-date: /media/mojarras/Wiwi/sinFiltro/robot_2dof_ros2/install/two_dof_interfaces/share/two_dof_interfaces/environment/pythonpath.dsv
[1.385s] -- Up-to-date: /media/mojarras/Wiwi/sinFiltro/robot_2dof_ros2/install/two_dof_interfaces/lib/python3.12/site-packages/two_dof_interfaces-0.0.0-py3.12.egg-info
[1.385s] -- Installing: /media/mojarras/Wiwi/sinFiltro/robot_2dof_ros2/install/two_dof_interfaces/lib/python3.12/site-packages/two_dof_interfaces-0.0.0-py3.12.egg-info/dependency_links.txt
[1.385s] -- Installing: /media/mojarras/Wiwi/sinFiltro/robot_2dof_ros2/install/two_dof_interfaces/lib/python3.12/site-packages/two_dof_interfaces-0.0.0-py3.12.egg-info/PKG-INFO
[1.386s] -- Installing: /media/mojarras/Wiwi/sinFiltro/robot_2dof_ros2/install/two_dof_interfaces/lib/python3.12/site-packages/two_dof_interfaces-0.0.0-py3.12.egg-info/SOURCES.txt
[1.386s] -- Installing: /media/mojarras/Wiwi/sinFiltro/robot_2dof_ros2/install/two_dof_interfaces/lib/python3.12/site-packages/two_dof_interfaces-0.0.0-py3.12.egg-info/top_level.txt
[1.386s] -- Up-to-date: /media/mojarras/Wiwi/sinFiltro/robot_2dof_ros2/install/two_dof_interfaces/lib/python3.12/site-packages/two_dof_interfaces
[1.386s] -- Up-to-date: /media/mojarras/Wiwi/sinFiltro/robot_2dof_ros2/install/two_dof_interfaces/lib/python3.12/site-packages/two_dof_interfaces/srv
[1.386s] -- Up-to-date: /media/mojarras/Wiwi/sinFiltro/robot_2dof_ros2/install/two_dof_interfaces/lib/python3.12/site-packages/two_dof_interfaces/srv/_coordinate_to_joint.py
[1.386s] -- Up-to-date: /media/mojarras/Wiwi/sinFiltro/robot_2dof_ros2/install/two_dof_interfaces/lib/python3.12/site-packages/two_dof_interfaces/srv/_coordinate_to_joint_s.c
[1.386s] -- Up-to-date: /media/mojarras/Wiwi/sinFiltro/robot_2dof_ros2/install/two_dof_interfaces/lib/python3.12/site-packages/two_dof_interfaces/srv/__init__.py
[1.386s] -- Up-to-date: /media/mojarras/Wiwi/sinFiltro/robot_2dof_ros2/install/two_dof_interfaces/lib/python3.12/site-packages/two_dof_interfaces/two_dof_interfaces_s__rosidl_typesupport_c.so
[1.387s] -- Up-to-date: /media/mojarras/Wiwi/sinFiltro/robot_2dof_ros2/install/two_dof_interfaces/lib/python3.12/site-packages/two_dof_interfaces/two_dof_interfaces_s__rosidl_typesupport_fastrtps_c.so
[1.387s] -- Up-to-date: /media/mojarras/Wiwi/sinFiltro/robot_2dof_ros2/install/two_dof_interfaces/lib/python3.12/site-packages/two_dof_interfaces/two_dof_interfaces_s__rosidl_typesupport_introspection_c.so
[1.387s] -- Up-to-date: /media/mojarras/Wiwi/sinFiltro/robot_2dof_ros2/install/two_dof_interfaces/lib/python3.12/site-packages/two_dof_interfaces/_two_dof_interfaces_s.ep.rosidl_typesupport_c.c
[1.387s] -- Up-to-date: /media/mojarras/Wiwi/sinFiltro/robot_2dof_ros2/install/two_dof_interfaces/lib/python3.12/site-packages/two_dof_interfaces/_two_dof_interfaces_s.ep.rosidl_typesupport_fastrtps_c.c
[1.387s] -- Up-to-date: /media/mojarras/Wiwi/sinFiltro/robot_2dof_ros2/install/two_dof_interfaces/lib/python3.12/site-packages/two_dof_interfaces/_two_dof_interfaces_s.ep.rosidl_typesupport_introspection_c.c
[1.387s] -- Up-to-date: /media/mojarras/Wiwi/sinFiltro/robot_2dof_ros2/install/two_dof_interfaces/lib/python3.12/site-packages/two_dof_interfaces/__init__.py
[1.438s] Listing '/media/mojarras/Wiwi/sinFiltro/robot_2dof_ros2/install/two_dof_interfaces/lib/python3.12/site-packages/two_dof_interfaces'...
[1.438s] Listing '/media/mojarras/Wiwi/sinFiltro/robot_2dof_ros2/install/two_dof_interfaces/lib/python3.12/site-packages/two_dof_interfaces/srv'...
[1.445s] -- Up-to-date: /media/mojarras/Wiwi/sinFiltro/robot_2dof_ros2/install/two_dof_interfaces/lib/python3.12/site-packages/two_dof_interfaces/two_dof_interfaces_s__rosidl_typesupport_fastrtps_c.so
[1.446s] -- Up-to-date: /media/mojarras/Wiwi/sinFiltro/robot_2dof_ros2/install/two_dof_interfaces/lib/python3.12/site-packages/two_dof_interfaces/two_dof_interfaces_s__rosidl_typesupport_introspection_c.so
[1.446s] -- Up-to-date: /media/mojarras/Wiwi/sinFiltro/robot_2dof_ros2/install/two_dof_interfaces/lib/python3.12/site-packages/two_dof_interfaces/two_dof_interfaces_s__rosidl_typesupport_c.so
[1.447s] -- Up-to-date: /media/mojarras/Wiwi/sinFiltro/robot_2dof_ros2/install/two_dof_interfaces/lib/libtwo_dof_interfaces__rosidl_generator_py.so
[1.447s] -- Up-to-date: /media/mojarras/Wiwi/sinFiltro/robot_2dof_ros2/install/two_dof_interfaces/share/two_dof_interfaces/srv/CoordinateToJoint.idl
[1.447s] -- Up-to-date: /media/mojarras/Wiwi/sinFiltro/robot_2dof_ros2/install/two_dof_interfaces/share/two_dof_interfaces/srv/CoordinateToJoint.srv
[1.447s] -- Up-to-date: /media/mojarras/Wiwi/sinFiltro/robot_2dof_ros2/install/two_dof_interfaces/share/ament_index/resource_index/package_run_dependencies/two_dof_interfaces
[1.448s] -- Up-to-date: /media/mojarras/Wiwi/sinFiltro/robot_2dof_ros2/install/two_dof_interfaces/share/ament_index/resource_index/parent_prefix_path/two_dof_interfaces
[1.448s] -- Up-to-date: /media/mojarras/Wiwi/sinFiltro/robot_2dof_ros2/install/two_dof_interfaces/share/two_dof_interfaces/environment/ament_prefix_path.sh
[1.448s] -- Up-to-date: /media/mojarras/Wiwi/sinFiltro/robot_2dof_ros2/install/two_dof_interfaces/share/two_dof_interfaces/environment/ament_prefix_path.dsv
[1.448s] -- Up-to-date: /media/mojarras/Wiwi/sinFiltro/robot_2dof_ros2/install/two_dof_interfaces/share/two_dof_interfaces/environment/path.sh
[1.449s] -- Up-to-date: /media/mojarras/Wiwi/sinFiltro/robot_2dof_ros2/install/two_dof_interfaces/share/two_dof_interfaces/environment/path.dsv
[1.449s] -- Up-to-date: /media/mojarras/Wiwi/sinFiltro/robot_2dof_ros2/install/two_dof_interfaces/share/two_dof_interfaces/local_setup.bash
[1.449s] -- Up-to-date: /media/mojarras/Wiwi/sinFiltro/robot_2dof_ros2/install/two_dof_interfaces/share/two_dof_interfaces/local_setup.sh
[1.449s] -- Up-to-date: /media/mojarras/Wiwi/sinFiltro/robot_2dof_ros2/install/two_dof_interfaces/share/two_dof_interfaces/local_setup.zsh
[1.450s] -- Up-to-date: /media/mojarras/Wiwi/sinFiltro/robot_2dof_ros2/install/two_dof_interfaces/share/two_dof_interfaces/local_setup.dsv
[1.450s] -- Installing: /media/mojarras/Wiwi/sinFiltro/robot_2dof_ros2/install/two_dof_interfaces/share/two_dof_interfaces/package.dsv
[1.450s] -- Up-to-date: /media/mojarras/Wiwi/sinFiltro/robot_2dof_ros2/install/two_dof_interfaces/share/ament_index/resource_index/packages/two_dof_interfaces
[1.450s] -- Up-to-date: /media/mojarras/Wiwi/sinFiltro/robot_2dof_ros2/install/two_dof_interfaces/share/two_dof_interfaces/cmake/export_two_dof_interfaces__rosidl_generator_cExport.cmake
[1.450s] -- Up-to-date: /media/mojarras/Wiwi/sinFiltro/robot_2dof_ros2/install/two_dof_interfaces/share/two_dof_interfaces/cmake/export_two_dof_interfaces__rosidl_generator_cExport-noconfig.cmake
[1.451s] -- Up-to-date: /media/mojarras/Wiwi/sinFiltro/robot_2dof_ros2/install/two_dof_interfaces/share/two_dof_interfaces/cmake/export_two_dof_interfaces__rosidl_typesupport_fastrtps_cExport.cmake
[1.451s] -- Up-to-date: /media/mojarras/Wiwi/sinFiltro/robot_2dof_ros2/install/two_dof_interfaces/share/two_dof_interfaces/cmake/export_two_dof_interfaces__rosidl_typesupport_fastrtps_cExport-noconfig.cmake
[1.451s] -- Up-to-date: /media/mojarras/Wiwi/sinFiltro/robot_2dof_ros2/install/two_dof_interfaces/share/two_dof_interfaces/cmake/two_dof_interfaces__rosidl_typesupport_introspection_cExport.cmake
[1.451s] -- Up-to-date: /media/mojarras/Wiwi/sinFiltro/robot_2dof_ros2/install/two_dof_interfaces/share/two_dof_interfaces/cmake/two_dof_interfaces__rosidl_typesupport_introspection_cExport-noconfig.cmake
[1.451s] -- Up-to-date: /media/mojarras/Wiwi/sinFiltro/robot_2dof_ros2/install/two_dof_interfaces/share/two_dof_interfaces/cmake/two_dof_interfaces__rosidl_typesupport_cExport.cmake
[1.452s] -- Up-to-date: /media/mojarras/Wiwi/sinFiltro/robot_2dof_ros2/install/two_dof_interfaces/share/two_dof_interfaces/cmake/two_dof_interfaces__rosidl_typesupport_cExport-noconfig.cmake
[1.452s] -- Up-to-date: /media/mojarras/Wiwi/sinFiltro/robot_2dof_ros2/install/two_dof_interfaces/share/two_dof_interfaces/cmake/export_two_dof_interfaces__rosidl_generator_cppExport.cmake
[1.452s] -- Up-to-date: /media/mojarras/Wiwi/sinFiltro/robot_2dof_ros2/install/two_dof_interfaces/share/two_dof_interfaces/cmake/export_two_dof_interfaces__rosidl_typesupport_fastrtps_cppExport.cmake
[1.452s] -- Up-to-date: /media/mojarras/Wiwi/sinFiltro/robot_2dof_ros2/install/two_dof_interfaces/share/two_dof_interfaces/cmake/export_two_dof_interfaces__rosidl_typesupport_fastrtps_cppExport-noconfig.cmake
[1.452s] -- Up-to-date: /media/mojarras/Wiwi/sinFiltro/robot_2dof_ros2/install/two_dof_interfaces/share/two_dof_interfaces/cmake/two_dof_interfaces__rosidl_typesupport_introspection_cppExport.cmake
[1.453s] -- Up-to-date: /media/mojarras/Wiwi/sinFiltro/robot_2dof_ros2/install/two_dof_interfaces/share/two_dof_interfaces/cmake/two_dof_interfaces__rosidl_typesupport_introspection_cppExport-noconfig.cmake
[1.453s] -- Up-to-date: /media/mojarras/Wiwi/sinFiltro/robot_2dof_ros2/install/two_dof_interfaces/share/two_dof_interfaces/cmake/two_dof_interfaces__rosidl_typesupport_cppExport.cmake
[1.453s] -- Up-to-date: /media/mojarras/Wiwi/sinFiltro/robot_2dof_ros2/install/two_dof_interfaces/share/two_dof_interfaces/cmake/two_dof_interfaces__rosidl_typesupport_cppExport-noconfig.cmake
[1.454s] -- Up-to-date: /media/mojarras/Wiwi/sinFiltro/robot_2dof_ros2/install/two_dof_interfaces/share/two_dof_interfaces/cmake/export_two_dof_interfaces__rosidl_generator_pyExport.cmake
[1.454s] -- Up-to-date: /media/mojarras/Wiwi/sinFiltro/robot_2dof_ros2/install/two_dof_interfaces/share/two_dof_interfaces/cmake/export_two_dof_interfaces__rosidl_generator_pyExport-noconfig.cmake
[1.455s] -- Up-to-date: /media/mojarras/Wiwi/sinFiltro/robot_2dof_ros2/install/two_dof_interfaces/share/two_dof_interfaces/cmake/rosidl_cmake-extras.cmake
[1.455s] -- Up-to-date: /media/mojarras/Wiwi/sinFiltro/robot_2dof_ros2/install/two_dof_interfaces/share/two_dof_interfaces/cmake/ament_cmake_export_dependencies-extras.cmake
[1.456s] -- Up-to-date: /media/mojarras/Wiwi/sinFiltro/robot_2dof_ros2/install/two_dof_interfaces/share/two_dof_interfaces/cmake/ament_cmake_export_include_directories-extras.cmake
[1.456s] -- Up-to-date: /media/mojarras/Wiwi/sinFiltro/robot_2dof_ros2/install/two_dof_interfaces/share/two_dof_interfaces/cmake/ament_cmake_export_libraries-extras.cmake
[1.456s] -- Up-to-date: /media/mojarras/Wiwi/sinFiltro/robot_2dof_ros2/install/two_dof_interfaces/share/two_dof_interfaces/cmake/ament_cmake_export_targets-extras.cmake
[1.456s] -- Up-to-date: /media/mojarras/Wiwi/sinFiltro/robot_2dof_ros2/install/two_dof_interfaces/share/two_dof_interfaces/cmake/rosidl_cmake_export_typesupport_targets-extras.cmake
[1.456s] -- Up-to-date: /media/mojarras/Wiwi/sinFiltro/robot_2dof_ros2/install/two_dof_interfaces/share/two_dof_interfaces/cmake/rosidl_cmake_export_typesupport_libraries-extras.cmake
[1.456s] -- Up-to-date: /media/mojarras/Wiwi/sinFiltro/robot_2dof_ros2/install/two_dof_interfaces/share/two_dof_interfaces/cmake/two_dof_interfacesConfig.cmake
[1.457s] -- Up-to-date: /media/mojarras/Wiwi/sinFiltro/robot_2dof_ros2/install/two_dof_interfaces/share/two_dof_interfaces/cmake/two_dof_interfacesConfig-version.cmake
[1.457s] -- Up-to-date: /media/mojarras/Wiwi/sinFiltro/robot_2dof_ros2/install/two_dof_interfaces/share/two_dof_interfaces/package.xml
[1.457s] Invoked command in '/media/mojarras/Wiwi/sinFiltro/robot_2dof_ros2/build/two_dof_interfaces' returned '0': CMAKE_PREFIX_PATH=${CMAKE_PREFIX_PATH}:/media/mojarras/Wiwi/sinFiltro/robot_2dof_ros2/install/control:/opt/ros/jazzy DEBUGINFOD_URLS=https://debuginfod.ubuntu.com /usr/bin/cmake --install /media/mojarras/Wiwi/sinFiltro/robot_2dof_ros2/build/two_dof_interfaces
