[0.303s] DEBUG:colcon:Command line arguments: ['/usr/bin/colcon', 'build']
[0.303s] DEBUG:colcon:Parsed command line arguments: Namespace(log_base=None, log_level=None, verb_name='build', build_base='build', install_base='install', merge_install=False, symlink_install=False, test_result_base=None, continue_on_error=False, executor='parallel', parallel_workers=8, event_handlers=None, ignore_user_meta=False, metas=['./colcon.meta'], base_paths=['.'], packages_ignore=None, packages_ignore_regex=None, paths=None, packages_up_to=None, packages_up_to_regex=None, packages_above=None, packages_above_and_dependencies=None, packages_above_depth=None, packages_select_by_dep=None, packages_skip_by_dep=None, packages_skip_up_to=None, packages_select_build_failed=False, packages_skip_build_finished=False, packages_select_test_failures=False, packages_skip_test_passed=False, packages_select=None, packages_skip=None, packages_select_regex=None, packages_skip_regex=None, packages_start=None, packages_end=None, allow_overriding=[], cmake_args=None, cmake_target=None, cmake_target_skip_unavailable=False, cmake_clean_cache=False, cmake_clean_first=False, cmake_force_configure=False, ament_cmake_args=None, catkin_cmake_args=None, catkin_skip_building_tests=False, verb_parser=<colcon_defaults.argument_parser.defaults.DefaultArgumentsDecorator object at 0x709e959850a0>, verb_extension=<colcon_core.verb.build.BuildVerb object at 0x709e95984ec0>, main=<bound method BuildVerb.main of <colcon_core.verb.build.BuildVerb object at 0x709e95984ec0>>)
[0.379s] Level 1:colcon.colcon_core.package_discovery:discover_packages(colcon_meta) check parameters
[0.379s] Level 1:colcon.colcon_core.package_discovery:discover_packages(recursive) check parameters
[0.380s] Level 1:colcon.colcon_core.package_discovery:discover_packages(ignore) check parameters
[0.380s] Level 1:colcon.colcon_core.package_discovery:discover_packages(path) check parameters
[0.380s] Level 1:colcon.colcon_core.package_discovery:discover_packages(colcon_meta) discover
[0.380s] Level 1:colcon.colcon_core.package_discovery:discover_packages(recursive) discover
[0.380s] INFO:colcon.colcon_core.package_discovery:Crawling recursively for packages in '/media/mojarras/Wiwi/sinFiltro/robot_2dof_ros2'
[0.380s] Level 1:colcon.colcon_core.package_identification:_identify(.) by extensions ['ignore', 'ignore_ament_install']
[0.380s] Level 1:colcon.colcon_core.package_identification:_identify(.) by extension 'ignore'
[0.381s] Level 1:colcon.colcon_core.package_identification:_identify(.) by extension 'ignore_ament_install'
[0.381s] Level 1:colcon.colcon_core.package_identification:_identify(.) by extensions ['colcon_pkg']
[0.381s] Level 1:colcon.colcon_core.package_identification:_identify(.) by extension 'colcon_pkg'
[0.381s] Level 1:colcon.colcon_core.package_identification:_identify(.) by extensions ['colcon_meta']
[0.381s] Level 1:colcon.colcon_core.package_identification:_identify(.) by extension 'colcon_meta'
[0.381s] Level 1:colcon.colcon_core.package_identification:_identify(.) by extensions ['ros']
[0.381s] Level 1:colcon.colcon_core.package_identification:_identify(.) by extension 'ros'
[0.432s] Level 1:colcon.colcon_core.package_identification:_identify(.) by extensions ['cmake', 'python']
[0.432s] Level 1:colcon.colcon_core.package_identification:_identify(.) by extension 'cmake'
[0.433s] Level 1:colcon.colcon_core.package_identification:_identify(.) by extension 'python'
[0.433s] Level 1:colcon.colcon_core.package_identification:_identify(.) by extensions ['python_setup_py']
[0.433s] Level 1:colcon.colcon_core.package_identification:_identify(.) by extension 'python_setup_py'
[0.433s] Level 1:colcon.colcon_core.package_identification:_identify(build) by extensions ['ignore', 'ignore_ament_install']
[0.433s] Level 1:colcon.colcon_core.package_identification:_identify(build) by extension 'ignore'
[0.433s] Level 1:colcon.colcon_core.package_identification:_identify(build) ignored
[0.434s] Level 1:colcon.colcon_core.package_identification:_identify(control) by extensions ['ignore', 'ignore_ament_install']
[0.434s] Level 1:colcon.colcon_core.package_identification:_identify(control) by extension 'ignore'
[0.434s] Level 1:colcon.colcon_core.package_identification:_identify(control) by extension 'ignore_ament_install'
[0.434s] Level 1:colcon.colcon_core.package_identification:_identify(control) by extensions ['colcon_pkg']
[0.434s] Level 1:colcon.colcon_core.package_identification:_identify(control) by extension 'colcon_pkg'
[0.435s] Level 1:colcon.colcon_core.package_identification:_identify(control) by extensions ['colcon_meta']
[0.435s] Level 1:colcon.colcon_core.package_identification:_identify(control) by extension 'colcon_meta'
[0.435s] Level 1:colcon.colcon_core.package_identification:_identify(control) by extensions ['ros']
[0.435s] Level 1:colcon.colcon_core.package_identification:_identify(control) by extension 'ros'
[0.439s] DEBUG:colcon.colcon_core.package_identification:Package 'control' with type 'ros.ament_python' and name 'control'
[0.439s] Level 1:colcon.colcon_core.package_identification:_identify(install) by extensions ['ignore', 'ignore_ament_install']
[0.439s] Level 1:colcon.colcon_core.package_identification:_identify(install) by extension 'ignore'
[0.439s] Level 1:colcon.colcon_core.package_identification:_identify(install) ignored
[0.439s] Level 1:colcon.colcon_core.package_identification:_identify(kalman_filter) by extensions ['ignore', 'ignore_ament_install']
[0.439s] Level 1:colcon.colcon_core.package_identification:_identify(kalman_filter) by extension 'ignore'
[0.439s] Level 1:colcon.colcon_core.package_identification:_identify(kalman_filter) by extension 'ignore_ament_install'
[0.440s] Level 1:colcon.colcon_core.package_identification:_identify(kalman_filter) by extensions ['colcon_pkg']
[0.440s] Level 1:colcon.colcon_core.package_identification:_identify(kalman_filter) by extension 'colcon_pkg'
[0.440s] Level 1:colcon.colcon_core.package_identification:_identify(kalman_filter) by extensions ['colcon_meta']
[0.440s] Level 1:colcon.colcon_core.package_identification:_identify(kalman_filter) by extension 'colcon_meta'
[0.440s] Level 1:colcon.colcon_core.package_identification:_identify(kalman_filter) by extensions ['ros']
[0.440s] Level 1:colcon.colcon_core.package_identification:_identify(kalman_filter) by extension 'ros'
[0.441s] DEBUG:colcon.colcon_core.package_identification:Package 'kalman_filter' with type 'ros.ament_cmake' and name 'kalman_filter'
[0.441s] Level 1:colcon.colcon_core.package_identification:_identify(log) by extensions ['ignore', 'ignore_ament_install']
[0.441s] Level 1:colcon.colcon_core.package_identification:_identify(log) by extension 'ignore'
[0.441s] Level 1:colcon.colcon_core.package_identification:_identify(log) ignored
[0.441s] Level 1:colcon.colcon_core.package_identification:_identify(simulation_2dof) by extensions ['ignore', 'ignore_ament_install']
[0.442s] Level 1:colcon.colcon_core.package_identification:_identify(simulation_2dof) by extension 'ignore'
[0.442s] Level 1:colcon.colcon_core.package_identification:_identify(simulation_2dof) by extension 'ignore_ament_install'
[0.442s] Level 1:colcon.colcon_core.package_identification:_identify(simulation_2dof) by extensions ['colcon_pkg']
[0.442s] Level 1:colcon.colcon_core.package_identification:_identify(simulation_2dof) by extension 'colcon_pkg'
[0.442s] Level 1:colcon.colcon_core.package_identification:_identify(simulation_2dof) by extensions ['colcon_meta']
[0.442s] Level 1:colcon.colcon_core.package_identification:_identify(simulation_2dof) by extension 'colcon_meta'
[0.442s] Level 1:colcon.colcon_core.package_identification:_identify(simulation_2dof) by extensions ['ros']
[0.442s] Level 1:colcon.colcon_core.package_identification:_identify(simulation_2dof) by extension 'ros'
[0.445s] DEBUG:colcon.colcon_core.package_identification:Package 'simulation_2dof' with type 'ros.ament_cmake' and name 'simulation_2dof'
[0.445s] Level 1:colcon.colcon_core.package_identification:_identify(two_dof_interfaces) by extensions ['ignore', 'ignore_ament_install']
[0.446s] Level 1:colcon.colcon_core.package_identification:_identify(two_dof_interfaces) by extension 'ignore'
[0.446s] Level 1:colcon.colcon_core.package_identification:_identify(two_dof_interfaces) by extension 'ignore_ament_install'
[0.446s] Level 1:colcon.colcon_core.package_identification:_identify(two_dof_interfaces) by extensions ['colcon_pkg']
[0.446s] Level 1:colcon.colcon_core.package_identification:_identify(two_dof_interfaces) by extension 'colcon_pkg'
[0.446s] Level 1:colcon.colcon_core.package_identification:_identify(two_dof_interfaces) by extensions ['colcon_meta']
[0.446s] Level 1:colcon.colcon_core.package_identification:_identify(two_dof_interfaces) by extension 'colcon_meta'
[0.446s] Level 1:colcon.colcon_core.package_identification:_identify(two_dof_interfaces) by extensions ['ros']
[0.446s] Level 1:colcon.colcon_core.package_identification:_identify(two_dof_interfaces) by extension 'ros'
[0.450s] DEBUG:colcon.colcon_core.package_identification:Package 'two_dof_interfaces' with type 'ros.ament_cmake' and name 'two_dof_interfaces'
[0.450s] Level 1:colcon.colcon_core.package_discovery:discover_packages(recursive) using defaults
[0.450s] Level 1:colcon.colcon_core.package_discovery:discover_packages(ignore) discover
[0.450s] Level 1:colcon.colcon_core.package_discovery:discover_packages(ignore) using defaults
[0.450s] Level 1:colcon.colcon_core.package_discovery:discover_packages(path) discover
[0.450s] Level 1:colcon.colcon_core.package_discovery:discover_packages(path) using defaults
[0.488s] Level 1:colcon.colcon_core.package_discovery:discover_packages(prefix_path) check parameters
[0.488s] Level 1:colcon.colcon_core.package_discovery:discover_packages(prefix_path) discover
[0.492s] DEBUG:colcon.colcon_installed_package_information.package_discovery:Found 4 installed packages in /media/mojarras/Wiwi/sinFiltro/robot_2dof_ros2/install
[0.496s] DEBUG:colcon.colcon_installed_package_information.package_discovery:Found 407 installed packages in /opt/ros/jazzy
[0.498s] Level 1:colcon.colcon_core.package_discovery:discover_packages(prefix_path) using defaults
[0.651s] Level 5:colcon.colcon_core.verb:set package 'control' build argument 'cmake_args' from command line to 'None'
[0.651s] Level 5:colcon.colcon_core.verb:set package 'control' build argument 'cmake_target' from command line to 'None'
[0.651s] Level 5:colcon.colcon_core.verb:set package 'control' build argument 'cmake_target_skip_unavailable' from command line to 'False'
[0.651s] Level 5:colcon.colcon_core.verb:set package 'control' build argument 'cmake_clean_cache' from command line to 'False'
[0.651s] Level 5:colcon.colcon_core.verb:set package 'control' build argument 'cmake_clean_first' from command line to 'False'
[0.651s] Level 5:colcon.colcon_core.verb:set package 'control' build argument 'cmake_force_configure' from command line to 'False'
[0.651s] Level 5:colcon.colcon_core.verb:set package 'control' build argument 'ament_cmake_args' from command line to 'None'
[0.651s] Level 5:colcon.colcon_core.verb:set package 'control' build argument 'catkin_cmake_args' from command line to 'None'
[0.651s] Level 5:colcon.colcon_core.verb:set package 'control' build argument 'catkin_skip_building_tests' from command line to 'False'
[0.651s] DEBUG:colcon.colcon_core.verb:Building package 'control' with the following arguments: {'ament_cmake_args': None, 'build_base': '/media/mojarras/Wiwi/sinFiltro/robot_2dof_ros2/build/control', 'catkin_cmake_args': None, 'catkin_skip_building_tests': False, 'cmake_args': None, 'cmake_clean_cache': False, 'cmake_clean_first': False, 'cmake_force_configure': False, 'cmake_target': None, 'cmake_target_skip_unavailable': False, 'install_base': '/media/mojarras/Wiwi/sinFiltro/robot_2dof_ros2/install/control', 'merge_install': False, 'path': '/media/mojarras/Wiwi/sinFiltro/robot_2dof_ros2/control', 'symlink_install': False, 'test_result_base': None}
[0.652s] Level 5:colcon.colcon_core.verb:set package 'kalman_filter' build argument 'cmake_args' from command line to 'None'
[0.652s] Level 5:colcon.colcon_core.verb:set package 'kalman_filter' build argument 'cmake_target' from command line to 'None'
[0.652s] Level 5:colcon.colcon_core.verb:set package 'kalman_filter' build argument 'cmake_target_skip_unavailable' from command line to 'False'
[0.652s] Level 5:colcon.colcon_core.verb:set package 'kalman_filter' build argument 'cmake_clean_cache' from command line to 'False'
[0.652s] Level 5:colcon.colcon_core.verb:set package 'kalman_filter' build argument 'cmake_clean_first' from command line to 'False'
[0.652s] Level 5:colcon.colcon_core.verb:set package 'kalman_filter' build argument 'cmake_force_configure' from command line to 'False'
[0.652s] Level 5:colcon.colcon_core.verb:set package 'kalman_filter' build argument 'ament_cmake_args' from command line to 'None'
[0.653s] Level 5:colcon.colcon_core.verb:set package 'kalman_filter' build argument 'catkin_cmake_args' from command line to 'None'
[0.653s] Level 5:colcon.colcon_core.verb:set package 'kalman_filter' build argument 'catkin_skip_building_tests' from command line to 'False'
[0.653s] DEBUG:colcon.colcon_core.verb:Building package 'kalman_filter' with the following arguments: {'ament_cmake_args': None, 'build_base': '/media/mojarras/Wiwi/sinFiltro/robot_2dof_ros2/build/kalman_filter', 'catkin_cmake_args': None, 'catkin_skip_building_tests': False, 'cmake_args': None, 'cmake_clean_cache': False, 'cmake_clean_first': False, 'cmake_force_configure': False, 'cmake_target': None, 'cmake_target_skip_unavailable': False, 'install_base': '/media/mojarras/Wiwi/sinFiltro/robot_2dof_ros2/install/kalman_filter', 'merge_install': False, 'path': '/media/mojarras/Wiwi/sinFiltro/robot_2dof_ros2/kalman_filter', 'symlink_install': False, 'test_result_base': None}
[0.653s] Level 5:colcon.colcon_core.verb:set package 'simulation_2dof' build argument 'cmake_args' from command line to 'None'
[0.653s] Level 5:colcon.colcon_core.verb:set package 'simulation_2dof' build argument 'cmake_target' from command line to 'None'
[0.653s] Level 5:colcon.colcon_core.verb:set package 'simulation_2dof' build argument 'cmake_target_skip_unavailable' from command line to 'False'
[0.654s] Level 5:colcon.colcon_core.verb:set package 'simulation_2dof' build argument 'cmake_clean_cache' from command line to 'False'
[0.654s] Level 5:colcon.colcon_core.verb:set package 'simulation_2dof' build argument 'cmake_clean_first' from command line to 'False'
[0.654s] Level 5:colcon.colcon_core.verb:set package 'simulation_2dof' build argument 'cmake_force_configure' from command line to 'False'
[0.654s] Level 5:colcon.colcon_core.verb:set package 'simulation_2dof' build argument 'ament_cmake_args' from command line to 'None'
[0.654s] Level 5:colcon.colcon_core.verb:set package 'simulation_2dof' build argument 'catkin_cmake_args' from command line to 'None'
[0.654s] Level 5:colcon.colcon_core.verb:set package 'simulation_2dof' build argument 'catkin_skip_building_tests' from command line to 'False'
[0.654s] DEBUG:colcon.colcon_core.verb:Building package 'simulation_2dof' with the following arguments: {'ament_cmake_args': None, 'build_base': '/media/mojarras/Wiwi/sinFiltro/robot_2dof_ros2/build/simulation_2dof', 'catkin_cmake_args': None, 'catkin_skip_building_tests': False, 'cmake_args': None, 'cmake_clean_cache': False, 'cmake_clean_first': False, 'cmake_force_configure': False, 'cmake_target': None, 'cmake_target_skip_unavailable': False, 'install_base': '/media/mojarras/Wiwi/sinFiltro/robot_2dof_ros2/install/simulation_2dof', 'merge_install': False, 'path': '/media/mojarras/Wiwi/sinFiltro/robot_2dof_ros2/simulation_2dof', 'symlink_install': False, 'test_result_base': None}
[0.655s] Level 5:colcon.colcon_core.verb:set package 'two_dof_interfaces' build argument 'cmake_args' from command line to 'None'
[0.655s] Level 5:colcon.colcon_core.verb:set package 'two_dof_interfaces' build argument 'cmake_target' from command line to 'None'
[0.655s] Level 5:colcon.colcon_core.verb:set package 'two_dof_interfaces' build argument 'cmake_target_skip_unavailable' from command line to 'False'
[0.655s] Level 5:colcon.colcon_core.verb:set package 'two_dof_interfaces' build argument 'cmake_clean_cache' from command line to 'False'
[0.655s] Level 5:colcon.colcon_core.verb:set package 'two_dof_interfaces' build argument 'cmake_clean_first' from command line to 'False'
[0.655s] Level 5:colcon.colcon_core.verb:set package 'two_dof_interfaces' build argument 'cmake_force_configure' from command line to 'False'
[0.655s] Level 5:colcon.colcon_core.verb:set package 'two_dof_interfaces' build argument 'ament_cmake_args' from command line to 'None'
[0.655s] Level 5:colcon.colcon_core.verb:set package 'two_dof_interfaces' build argument 'catkin_cmake_args' from command line to 'None'
[0.655s] Level 5:colcon.colcon_core.verb:set package 'two_dof_interfaces' build argument 'catkin_skip_building_tests' from command line to 'False'
[0.655s] DEBUG:colcon.colcon_core.verb:Building package 'two_dof_interfaces' with the following arguments: {'ament_cmake_args': None, 'build_base': '/media/mojarras/Wiwi/sinFiltro/robot_2dof_ros2/build/two_dof_interfaces', 'catkin_cmake_args': None, 'catkin_skip_building_tests': False, 'cmake_args': None, 'cmake_clean_cache': False, 'cmake_clean_first': False, 'cmake_force_configure': False, 'cmake_target': None, 'cmake_target_skip_unavailable': False, 'install_base': '/media/mojarras/Wiwi/sinFiltro/robot_2dof_ros2/install/two_dof_interfaces', 'merge_install': False, 'path': '/media/mojarras/Wiwi/sinFiltro/robot_2dof_ros2/two_dof_interfaces', 'symlink_install': False, 'test_result_base': None}
[0.655s] INFO:colcon.colcon_core.executor:Executing jobs using 'parallel' executor
[0.657s] DEBUG:colcon.colcon_parallel_executor.executor.parallel:run_until_complete
[0.658s] INFO:colcon.colcon_ros.task.ament_python.build:Building ROS package in '/media/mojarras/Wiwi/sinFiltro/robot_2dof_ros2/control' with build type 'ament_python'
[0.658s] Level 1:colcon.colcon_core.shell:create_environment_hook('control', 'ament_prefix_path')
[0.666s] INFO:colcon.colcon_core.plugin_system:Skipping extension 'colcon_core.shell.bat': Not used on non-Windows systems
[0.666s] INFO:colcon.colcon_core.shell:Creating environment hook '/media/mojarras/Wiwi/sinFiltro/robot_2dof_ros2/install/control/share/control/hook/ament_prefix_path.ps1'
[0.667s] INFO:colcon.colcon_core.shell:Creating environment descriptor '/media/mojarras/Wiwi/sinFiltro/robot_2dof_ros2/install/control/share/control/hook/ament_prefix_path.dsv'
[0.668s] INFO:colcon.colcon_core.shell:Creating environment hook '/media/mojarras/Wiwi/sinFiltro/robot_2dof_ros2/install/control/share/control/hook/ament_prefix_path.sh'
[0.669s] INFO:colcon.colcon_core.shell:Skip shell extension 'powershell' for command environment: Not usable outside of PowerShell
[0.670s] DEBUG:colcon.colcon_core.shell:Skip shell extension 'dsv' for command environment
[0.683s] INFO:colcon.colcon_ros.task.ament_cmake.build:Building ROS package in '/media/mojarras/Wiwi/sinFiltro/robot_2dof_ros2/kalman_filter' with build type 'ament_cmake'
[0.683s] INFO:colcon.colcon_cmake.task.cmake.build:Building CMake package in '/media/mojarras/Wiwi/sinFiltro/robot_2dof_ros2/kalman_filter'
[0.684s] INFO:colcon.colcon_core.shell:Skip shell extension 'powershell' for command environment: Not usable outside of PowerShell
[0.684s] DEBUG:colcon.colcon_core.shell:Skip shell extension 'dsv' for command environment
[0.697s] INFO:colcon.colcon_ros.task.ament_cmake.build:Building ROS package in '/media/mojarras/Wiwi/sinFiltro/robot_2dof_ros2/simulation_2dof' with build type 'ament_cmake'
[0.697s] INFO:colcon.colcon_cmake.task.cmake.build:Building CMake package in '/media/mojarras/Wiwi/sinFiltro/robot_2dof_ros2/simulation_2dof'
[0.698s] INFO:colcon.colcon_core.shell:Skip shell extension 'powershell' for command environment: Not usable outside of PowerShell
[0.698s] DEBUG:colcon.colcon_core.shell:Skip shell extension 'dsv' for command environment
[0.706s] INFO:colcon.colcon_ros.task.ament_cmake.build:Building ROS package in '/media/mojarras/Wiwi/sinFiltro/robot_2dof_ros2/two_dof_interfaces' with build type 'ament_cmake'
[0.707s] INFO:colcon.colcon_cmake.task.cmake.build:Building CMake package in '/media/mojarras/Wiwi/sinFiltro/robot_2dof_ros2/two_dof_interfaces'
[0.707s] INFO:colcon.colcon_core.shell:Skip shell extension 'powershell' for command environment: Not usable outside of PowerShell
[0.707s] DEBUG:colcon.colcon_core.shell:Skip shell extension 'dsv' for command environment
[1.214s] INFO:colcon.colcon_core.task.python.build:Building Python package in '/media/mojarras/Wiwi/sinFiltro/robot_2dof_ros2/control'
[1.214s] INFO:colcon.colcon_core.shell:Skip shell extension 'powershell' for command environment: Not usable outside of PowerShell
[1.214s] DEBUG:colcon.colcon_core.shell:Skip shell extension 'dsv' for command environment
[1.229s] DEBUG:colcon.colcon_core.event_handler.log_command:Invoking command in '/media/mojarras/Wiwi/sinFiltro/robot_2dof_ros2/build/kalman_filter': CMAKE_PREFIX_PATH=${CMAKE_PREFIX_PATH}:/media/mojarras/Wiwi/sinFiltro/robot_2dof_ros2/install/control:/opt/ros/jazzy DEBUGINFOD_URLS=https://debuginfod.ubuntu.com /usr/bin/cmake --build /media/mojarras/Wiwi/sinFiltro/robot_2dof_ros2/build/kalman_filter -- -j8 -l8
[1.233s] DEBUG:colcon.colcon_core.event_handler.log_command:Invoking command in '/media/mojarras/Wiwi/sinFiltro/robot_2dof_ros2/build/simulation_2dof': CMAKE_PREFIX_PATH=${CMAKE_PREFIX_PATH}:/media/mojarras/Wiwi/sinFiltro/robot_2dof_ros2/install/control:/opt/ros/jazzy DEBUGINFOD_URLS=https://debuginfod.ubuntu.com /usr/bin/cmake --build /media/mojarras/Wiwi/sinFiltro/robot_2dof_ros2/build/simulation_2dof -- -j8 -l8
[1.242s] DEBUG:colcon.colcon_core.event_handler.log_command:Invoking command in '/media/mojarras/Wiwi/sinFiltro/robot_2dof_ros2/build/two_dof_interfaces': CMAKE_PREFIX_PATH=${CMAKE_PREFIX_PATH}:/media/mojarras/Wiwi/sinFiltro/robot_2dof_ros2/install/control:/opt/ros/jazzy DEBUGINFOD_URLS=https://debuginfod.ubuntu.com /usr/bin/cmake --build /media/mojarras/Wiwi/sinFiltro/robot_2dof_ros2/build/two_dof_interfaces -- -j8 -l8
[1.308s] DEBUG:colcon.colcon_core.event_handler.log_command:Invoked command in '/media/mojarras/Wiwi/sinFiltro/robot_2dof_ros2/build/simulation_2dof' returned '0': CMAKE_PREFIX_PATH=${CMAKE_PREFIX_PATH}:/media/mojarras/Wiwi/sinFiltro/robot_2dof_ros2/install/control:/opt/ros/jazzy DEBUGINFOD_URLS=https://debuginfod.ubuntu.com /usr/bin/cmake --build /media/mojarras/Wiwi/sinFiltro/robot_2dof_ros2/build/simulation_2dof -- -j8 -l8
[1.328s] DEBUG:colcon.colcon_core.event_handler.log_command:Invoking command in '/media/mojarras/Wiwi/sinFiltro/robot_2dof_ros2/build/simulation_2dof': CMAKE_PREFIX_PATH=${CMAKE_PREFIX_PATH}:/media/mojarras/Wiwi/sinFiltro/robot_2dof_ros2/install/control:/opt/ros/jazzy DEBUGINFOD_URLS=https://debuginfod.ubuntu.com /usr/bin/cmake --install /media/mojarras/Wiwi/sinFiltro/robot_2dof_ros2/build/simulation_2dof
[1.357s] Level 1:colcon.colcon_core.environment:create_environment_scripts_only(simulation_2dof)
[1.372s] DEBUG:colcon.colcon_core.event_handler.log_command:Invoked command in '/media/mojarras/Wiwi/sinFiltro/robot_2dof_ros2/build/simulation_2dof' returned '0': CMAKE_PREFIX_PATH=${CMAKE_PREFIX_PATH}:/media/mojarras/Wiwi/sinFiltro/robot_2dof_ros2/install/control:/opt/ros/jazzy DEBUGINFOD_URLS=https://debuginfod.ubuntu.com /usr/bin/cmake --install /media/mojarras/Wiwi/sinFiltro/robot_2dof_ros2/build/simulation_2dof
[1.378s] Level 1:colcon.colcon_core.environment:checking '/media/mojarras/Wiwi/sinFiltro/robot_2dof_ros2/install/simulation_2dof' for CMake module files
[1.379s] Level 1:colcon.colcon_core.environment:checking '/media/mojarras/Wiwi/sinFiltro/robot_2dof_ros2/install/simulation_2dof' for CMake config files
[1.380s] Level 1:colcon.colcon_core.shell:create_environment_hook('simulation_2dof', 'cmake_prefix_path')
[1.380s] INFO:colcon.colcon_core.shell:Creating environment hook '/media/mojarras/Wiwi/sinFiltro/robot_2dof_ros2/install/simulation_2dof/share/simulation_2dof/hook/cmake_prefix_path.ps1'
[1.381s] INFO:colcon.colcon_core.shell:Creating environment descriptor '/media/mojarras/Wiwi/sinFiltro/robot_2dof_ros2/install/simulation_2dof/share/simulation_2dof/hook/cmake_prefix_path.dsv'
[1.382s] INFO:colcon.colcon_core.shell:Creating environment hook '/media/mojarras/Wiwi/sinFiltro/robot_2dof_ros2/install/simulation_2dof/share/simulation_2dof/hook/cmake_prefix_path.sh'
[1.384s] Level 1:colcon.colcon_core.environment:checking '/media/mojarras/Wiwi/sinFiltro/robot_2dof_ros2/install/simulation_2dof/bin'
[1.384s] Level 1:colcon.colcon_core.environment:checking '/media/mojarras/Wiwi/sinFiltro/robot_2dof_ros2/install/simulation_2dof/lib/pkgconfig/simulation_2dof.pc'
[1.385s] Level 1:colcon.colcon_core.environment:checking '/media/mojarras/Wiwi/sinFiltro/robot_2dof_ros2/install/simulation_2dof/lib/python3.12/site-packages'
[1.386s] Level 1:colcon.colcon_core.environment:checking '/media/mojarras/Wiwi/sinFiltro/robot_2dof_ros2/install/simulation_2dof/bin'
[1.387s] INFO:colcon.colcon_core.shell:Creating package script '/media/mojarras/Wiwi/sinFiltro/robot_2dof_ros2/install/simulation_2dof/share/simulation_2dof/package.ps1'
[1.388s] INFO:colcon.colcon_core.shell:Creating package descriptor '/media/mojarras/Wiwi/sinFiltro/robot_2dof_ros2/install/simulation_2dof/share/simulation_2dof/package.dsv'
[1.389s] INFO:colcon.colcon_core.shell:Creating package script '/media/mojarras/Wiwi/sinFiltro/robot_2dof_ros2/install/simulation_2dof/share/simulation_2dof/package.sh'
[1.390s] INFO:colcon.colcon_core.shell:Creating package script '/media/mojarras/Wiwi/sinFiltro/robot_2dof_ros2/install/simulation_2dof/share/simulation_2dof/package.bash'
[1.392s] INFO:colcon.colcon_core.shell:Creating package script '/media/mojarras/Wiwi/sinFiltro/robot_2dof_ros2/install/simulation_2dof/share/simulation_2dof/package.zsh'
[1.393s] Level 1:colcon.colcon_core.environment:create_file_with_runtime_dependencies(/media/mojarras/Wiwi/sinFiltro/robot_2dof_ros2/install/simulation_2dof/share/colcon-core/packages/simulation_2dof)
[1.394s] Level 1:colcon.colcon_core.environment:create_environment_scripts_only(simulation_2dof)
[1.395s] Level 1:colcon.colcon_core.environment:checking '/media/mojarras/Wiwi/sinFiltro/robot_2dof_ros2/install/simulation_2dof' for CMake module files
[1.397s] Level 1:colcon.colcon_core.environment:checking '/media/mojarras/Wiwi/sinFiltro/robot_2dof_ros2/install/simulation_2dof' for CMake config files
[1.397s] Level 1:colcon.colcon_core.shell:create_environment_hook('simulation_2dof', 'cmake_prefix_path')
[1.398s] INFO:colcon.colcon_core.shell:Creating environment hook '/media/mojarras/Wiwi/sinFiltro/robot_2dof_ros2/install/simulation_2dof/share/simulation_2dof/hook/cmake_prefix_path.ps1'
[1.399s] INFO:colcon.colcon_core.shell:Creating environment descriptor '/media/mojarras/Wiwi/sinFiltro/robot_2dof_ros2/install/simulation_2dof/share/simulation_2dof/hook/cmake_prefix_path.dsv'
[1.399s] INFO:colcon.colcon_core.shell:Creating environment hook '/media/mojarras/Wiwi/sinFiltro/robot_2dof_ros2/install/simulation_2dof/share/simulation_2dof/hook/cmake_prefix_path.sh'
[1.400s] Level 1:colcon.colcon_core.environment:checking '/media/mojarras/Wiwi/sinFiltro/robot_2dof_ros2/install/simulation_2dof/bin'
[1.401s] Level 1:colcon.colcon_core.environment:checking '/media/mojarras/Wiwi/sinFiltro/robot_2dof_ros2/install/simulation_2dof/lib/pkgconfig/simulation_2dof.pc'
[1.401s] Level 1:colcon.colcon_core.environment:checking '/media/mojarras/Wiwi/sinFiltro/robot_2dof_ros2/install/simulation_2dof/lib/python3.12/site-packages'
[1.406s] Level 1:colcon.colcon_core.environment:checking '/media/mojarras/Wiwi/sinFiltro/robot_2dof_ros2/install/simulation_2dof/bin'
[1.407s] INFO:colcon.colcon_core.shell:Creating package script '/media/mojarras/Wiwi/sinFiltro/robot_2dof_ros2/install/simulation_2dof/share/simulation_2dof/package.ps1'
[1.409s] INFO:colcon.colcon_core.shell:Creating package descriptor '/media/mojarras/Wiwi/sinFiltro/robot_2dof_ros2/install/simulation_2dof/share/simulation_2dof/package.dsv'
[1.410s] INFO:colcon.colcon_core.shell:Creating package script '/media/mojarras/Wiwi/sinFiltro/robot_2dof_ros2/install/simulation_2dof/share/simulation_2dof/package.sh'
[1.411s] INFO:colcon.colcon_core.shell:Creating package script '/media/mojarras/Wiwi/sinFiltro/robot_2dof_ros2/install/simulation_2dof/share/simulation_2dof/package.bash'
[1.412s] INFO:colcon.colcon_core.shell:Creating package script '/media/mojarras/Wiwi/sinFiltro/robot_2dof_ros2/install/simulation_2dof/share/simulation_2dof/package.zsh'
[1.413s] Level 1:colcon.colcon_core.environment:create_file_with_runtime_dependencies(/media/mojarras/Wiwi/sinFiltro/robot_2dof_ros2/install/simulation_2dof/share/colcon-core/packages/simulation_2dof)
[1.418s] DEBUG:colcon.colcon_core.event_handler.log_command:Invoked command in '/media/mojarras/Wiwi/sinFiltro/robot_2dof_ros2/build/kalman_filter' returned '0': CMAKE_PREFIX_PATH=${CMAKE_PREFIX_PATH}:/media/mojarras/Wiwi/sinFiltro/robot_2dof_ros2/install/control:/opt/ros/jazzy DEBUGINFOD_URLS=https://debuginfod.ubuntu.com /usr/bin/cmake --build /media/mojarras/Wiwi/sinFiltro/robot_2dof_ros2/build/kalman_filter -- -j8 -l8
[1.421s] DEBUG:colcon.colcon_core.event_handler.log_command:Invoking command in '/media/mojarras/Wiwi/sinFiltro/robot_2dof_ros2/build/kalman_filter': CMAKE_PREFIX_PATH=${CMAKE_PREFIX_PATH}:/media/mojarras/Wiwi/sinFiltro/robot_2dof_ros2/install/control:/opt/ros/jazzy DEBUGINFOD_URLS=https://debuginfod.ubuntu.com /usr/bin/cmake --install /media/mojarras/Wiwi/sinFiltro/robot_2dof_ros2/build/kalman_filter
[1.477s] Level 1:colcon.colcon_core.environment:create_environment_scripts_only(kalman_filter)
[1.478s] Level 1:colcon.colcon_core.environment:checking '/media/mojarras/Wiwi/sinFiltro/robot_2dof_ros2/install/kalman_filter' for CMake module files
[1.479s] Level 1:colcon.colcon_core.environment:checking '/media/mojarras/Wiwi/sinFiltro/robot_2dof_ros2/install/kalman_filter' for CMake config files
[1.480s] Level 1:colcon.colcon_core.shell:create_environment_hook('kalman_filter', 'cmake_prefix_path')
[1.485s] INFO:colcon.colcon_core.shell:Creating environment hook '/media/mojarras/Wiwi/sinFiltro/robot_2dof_ros2/install/kalman_filter/share/kalman_filter/hook/cmake_prefix_path.ps1'
[1.486s] DEBUG:colcon.colcon_core.event_handler.log_command:Invoked command in '/media/mojarras/Wiwi/sinFiltro/robot_2dof_ros2/build/kalman_filter' returned '0': CMAKE_PREFIX_PATH=${CMAKE_PREFIX_PATH}:/media/mojarras/Wiwi/sinFiltro/robot_2dof_ros2/install/control:/opt/ros/jazzy DEBUGINFOD_URLS=https://debuginfod.ubuntu.com /usr/bin/cmake --install /media/mojarras/Wiwi/sinFiltro/robot_2dof_ros2/build/kalman_filter
[1.489s] INFO:colcon.colcon_core.shell:Creating environment descriptor '/media/mojarras/Wiwi/sinFiltro/robot_2dof_ros2/install/kalman_filter/share/kalman_filter/hook/cmake_prefix_path.dsv'
[1.490s] INFO:colcon.colcon_core.shell:Creating environment hook '/media/mojarras/Wiwi/sinFiltro/robot_2dof_ros2/install/kalman_filter/share/kalman_filter/hook/cmake_prefix_path.sh'
[1.491s] Level 1:colcon.colcon_core.environment:checking '/media/mojarras/Wiwi/sinFiltro/robot_2dof_ros2/install/kalman_filter/lib'
[1.492s] Level 1:colcon.colcon_core.environment:checking '/media/mojarras/Wiwi/sinFiltro/robot_2dof_ros2/install/kalman_filter/bin'
[1.492s] Level 1:colcon.colcon_core.environment:checking '/media/mojarras/Wiwi/sinFiltro/robot_2dof_ros2/install/kalman_filter/lib/pkgconfig/kalman_filter.pc'
[1.493s] Level 1:colcon.colcon_core.environment:checking '/media/mojarras/Wiwi/sinFiltro/robot_2dof_ros2/install/kalman_filter/lib/python3.12/site-packages'
[1.495s] Level 1:colcon.colcon_core.environment:checking '/media/mojarras/Wiwi/sinFiltro/robot_2dof_ros2/install/kalman_filter/bin'
[1.495s] INFO:colcon.colcon_core.shell:Creating package script '/media/mojarras/Wiwi/sinFiltro/robot_2dof_ros2/install/kalman_filter/share/kalman_filter/package.ps1'
[1.497s] INFO:colcon.colcon_core.shell:Creating package descriptor '/media/mojarras/Wiwi/sinFiltro/robot_2dof_ros2/install/kalman_filter/share/kalman_filter/package.dsv'
[1.497s] INFO:colcon.colcon_core.shell:Creating package script '/media/mojarras/Wiwi/sinFiltro/robot_2dof_ros2/install/kalman_filter/share/kalman_filter/package.sh'
[1.498s] INFO:colcon.colcon_core.shell:Creating package script '/media/mojarras/Wiwi/sinFiltro/robot_2dof_ros2/install/kalman_filter/share/kalman_filter/package.bash'
[1.499s] INFO:colcon.colcon_core.shell:Creating package script '/media/mojarras/Wiwi/sinFiltro/robot_2dof_ros2/install/kalman_filter/share/kalman_filter/package.zsh'
[1.500s] Level 1:colcon.colcon_core.environment:create_file_with_runtime_dependencies(/media/mojarras/Wiwi/sinFiltro/robot_2dof_ros2/install/kalman_filter/share/colcon-core/packages/kalman_filter)
[1.501s] Level 1:colcon.colcon_core.environment:create_environment_scripts_only(kalman_filter)
[1.501s] Level 1:colcon.colcon_core.environment:checking '/media/mojarras/Wiwi/sinFiltro/robot_2dof_ros2/install/kalman_filter' for CMake module files
[1.502s] Level 1:colcon.colcon_core.environment:checking '/media/mojarras/Wiwi/sinFiltro/robot_2dof_ros2/install/kalman_filter' for CMake config files
[1.503s] Level 1:colcon.colcon_core.shell:create_environment_hook('kalman_filter', 'cmake_prefix_path')
[1.503s] INFO:colcon.colcon_core.shell:Creating environment hook '/media/mojarras/Wiwi/sinFiltro/robot_2dof_ros2/install/kalman_filter/share/kalman_filter/hook/cmake_prefix_path.ps1'
[1.505s] INFO:colcon.colcon_core.shell:Creating environment descriptor '/media/mojarras/Wiwi/sinFiltro/robot_2dof_ros2/install/kalman_filter/share/kalman_filter/hook/cmake_prefix_path.dsv'
[1.505s] INFO:colcon.colcon_core.shell:Creating environment hook '/media/mojarras/Wiwi/sinFiltro/robot_2dof_ros2/install/kalman_filter/share/kalman_filter/hook/cmake_prefix_path.sh'
[1.507s] Level 1:colcon.colcon_core.environment:checking '/media/mojarras/Wiwi/sinFiltro/robot_2dof_ros2/install/kalman_filter/lib'
[1.507s] Level 1:colcon.colcon_core.environment:checking '/media/mojarras/Wiwi/sinFiltro/robot_2dof_ros2/install/kalman_filter/bin'
[1.508s] Level 1:colcon.colcon_core.environment:checking '/media/mojarras/Wiwi/sinFiltro/robot_2dof_ros2/install/kalman_filter/lib/pkgconfig/kalman_filter.pc'
[1.508s] Level 1:colcon.colcon_core.environment:checking '/media/mojarras/Wiwi/sinFiltro/robot_2dof_ros2/install/kalman_filter/lib/python3.12/site-packages'
[1.509s] Level 1:colcon.colcon_core.environment:checking '/media/mojarras/Wiwi/sinFiltro/robot_2dof_ros2/install/kalman_filter/bin'
[1.510s] INFO:colcon.colcon_core.shell:Creating package script '/media/mojarras/Wiwi/sinFiltro/robot_2dof_ros2/install/kalman_filter/share/kalman_filter/package.ps1'
[1.511s] INFO:colcon.colcon_core.shell:Creating package descriptor '/media/mojarras/Wiwi/sinFiltro/robot_2dof_ros2/install/kalman_filter/share/kalman_filter/package.dsv'
[1.516s] INFO:colcon.colcon_core.shell:Creating package script '/media/mojarras/Wiwi/sinFiltro/robot_2dof_ros2/install/kalman_filter/share/kalman_filter/package.sh'
[1.517s] INFO:colcon.colcon_core.shell:Creating package script '/media/mojarras/Wiwi/sinFiltro/robot_2dof_ros2/install/kalman_filter/share/kalman_filter/package.bash'
[1.520s] INFO:colcon.colcon_core.shell:Creating package script '/media/mojarras/Wiwi/sinFiltro/robot_2dof_ros2/install/kalman_filter/share/kalman_filter/package.zsh'
[1.521s] Level 1:colcon.colcon_core.environment:create_file_with_runtime_dependencies(/media/mojarras/Wiwi/sinFiltro/robot_2dof_ros2/install/kalman_filter/share/colcon-core/packages/kalman_filter)
[2.351s] DEBUG:colcon.colcon_core.event_handler.log_command:Invoked command in '/media/mojarras/Wiwi/sinFiltro/robot_2dof_ros2/build/two_dof_interfaces' returned '0': CMAKE_PREFIX_PATH=${CMAKE_PREFIX_PATH}:/media/mojarras/Wiwi/sinFiltro/robot_2dof_ros2/install/control:/opt/ros/jazzy DEBUGINFOD_URLS=https://debuginfod.ubuntu.com /usr/bin/cmake --build /media/mojarras/Wiwi/sinFiltro/robot_2dof_ros2/build/two_dof_interfaces -- -j8 -l8
[2.353s] DEBUG:colcon.colcon_core.event_handler.log_command:Invoking command in '/media/mojarras/Wiwi/sinFiltro/robot_2dof_ros2/build/two_dof_interfaces': CMAKE_PREFIX_PATH=${CMAKE_PREFIX_PATH}:/media/mojarras/Wiwi/sinFiltro/robot_2dof_ros2/install/control:/opt/ros/jazzy DEBUGINFOD_URLS=https://debuginfod.ubuntu.com /usr/bin/cmake --install /media/mojarras/Wiwi/sinFiltro/robot_2dof_ros2/build/two_dof_interfaces
[2.489s] Level 1:colcon.colcon_core.environment:create_environment_scripts_only(two_dof_interfaces)
[2.489s] Level 1:colcon.colcon_core.environment:checking '/media/mojarras/Wiwi/sinFiltro/robot_2dof_ros2/install/two_dof_interfaces' for CMake module files
[2.490s] DEBUG:colcon.colcon_core.event_handler.log_command:Invoked command in '/media/mojarras/Wiwi/sinFiltro/robot_2dof_ros2/build/two_dof_interfaces' returned '0': CMAKE_PREFIX_PATH=${CMAKE_PREFIX_PATH}:/media/mojarras/Wiwi/sinFiltro/robot_2dof_ros2/install/control:/opt/ros/jazzy DEBUGINFOD_URLS=https://debuginfod.ubuntu.com /usr/bin/cmake --install /media/mojarras/Wiwi/sinFiltro/robot_2dof_ros2/build/two_dof_interfaces
[2.492s] Level 1:colcon.colcon_core.environment:checking '/media/mojarras/Wiwi/sinFiltro/robot_2dof_ros2/install/two_dof_interfaces' for CMake config files
[2.493s] Level 1:colcon.colcon_core.shell:create_environment_hook('two_dof_interfaces', 'cmake_prefix_path')
[2.493s] INFO:colcon.colcon_core.shell:Creating environment hook '/media/mojarras/Wiwi/sinFiltro/robot_2dof_ros2/install/two_dof_interfaces/share/two_dof_interfaces/hook/cmake_prefix_path.ps1'
[2.494s] INFO:colcon.colcon_core.shell:Creating environment descriptor '/media/mojarras/Wiwi/sinFiltro/robot_2dof_ros2/install/two_dof_interfaces/share/two_dof_interfaces/hook/cmake_prefix_path.dsv'
[2.495s] INFO:colcon.colcon_core.shell:Creating environment hook '/media/mojarras/Wiwi/sinFiltro/robot_2dof_ros2/install/two_dof_interfaces/share/two_dof_interfaces/hook/cmake_prefix_path.sh'
[2.496s] Level 1:colcon.colcon_core.environment:checking '/media/mojarras/Wiwi/sinFiltro/robot_2dof_ros2/install/two_dof_interfaces/lib'
[2.497s] Level 1:colcon.colcon_core.shell:create_environment_hook('two_dof_interfaces', 'ld_library_path_lib')
[2.498s] INFO:colcon.colcon_core.shell:Creating environment hook '/media/mojarras/Wiwi/sinFiltro/robot_2dof_ros2/install/two_dof_interfaces/share/two_dof_interfaces/hook/ld_library_path_lib.ps1'
[2.498s] INFO:colcon.colcon_core.shell:Creating environment descriptor '/media/mojarras/Wiwi/sinFiltro/robot_2dof_ros2/install/two_dof_interfaces/share/two_dof_interfaces/hook/ld_library_path_lib.dsv'
[2.499s] INFO:colcon.colcon_core.shell:Creating environment hook '/media/mojarras/Wiwi/sinFiltro/robot_2dof_ros2/install/two_dof_interfaces/share/two_dof_interfaces/hook/ld_library_path_lib.sh'
[2.500s] Level 1:colcon.colcon_core.environment:checking '/media/mojarras/Wiwi/sinFiltro/robot_2dof_ros2/install/two_dof_interfaces/bin'
[2.500s] Level 1:colcon.colcon_core.environment:checking '/media/mojarras/Wiwi/sinFiltro/robot_2dof_ros2/install/two_dof_interfaces/lib/pkgconfig/two_dof_interfaces.pc'
[2.501s] Level 1:colcon.colcon_core.environment:checking '/media/mojarras/Wiwi/sinFiltro/robot_2dof_ros2/install/two_dof_interfaces/lib/python3.12/site-packages'
[2.501s] Level 1:colcon.colcon_core.shell:create_environment_hook('two_dof_interfaces', 'pythonpath')
[2.501s] INFO:colcon.colcon_core.shell:Creating environment hook '/media/mojarras/Wiwi/sinFiltro/robot_2dof_ros2/install/two_dof_interfaces/share/two_dof_interfaces/hook/pythonpath.ps1'
[2.502s] INFO:colcon.colcon_core.shell:Creating environment descriptor '/media/mojarras/Wiwi/sinFiltro/robot_2dof_ros2/install/two_dof_interfaces/share/two_dof_interfaces/hook/pythonpath.dsv'
[2.503s] INFO:colcon.colcon_core.shell:Creating environment hook '/media/mojarras/Wiwi/sinFiltro/robot_2dof_ros2/install/two_dof_interfaces/share/two_dof_interfaces/hook/pythonpath.sh'
[2.505s] Level 1:colcon.colcon_core.environment:checking '/media/mojarras/Wiwi/sinFiltro/robot_2dof_ros2/install/two_dof_interfaces/bin'
[2.506s] INFO:colcon.colcon_core.shell:Creating package script '/media/mojarras/Wiwi/sinFiltro/robot_2dof_ros2/install/two_dof_interfaces/share/two_dof_interfaces/package.ps1'
[2.507s] INFO:colcon.colcon_core.shell:Creating package descriptor '/media/mojarras/Wiwi/sinFiltro/robot_2dof_ros2/install/two_dof_interfaces/share/two_dof_interfaces/package.dsv'
[2.508s] INFO:colcon.colcon_core.shell:Creating package script '/media/mojarras/Wiwi/sinFiltro/robot_2dof_ros2/install/two_dof_interfaces/share/two_dof_interfaces/package.sh'
[2.509s] INFO:colcon.colcon_core.shell:Creating package script '/media/mojarras/Wiwi/sinFiltro/robot_2dof_ros2/install/two_dof_interfaces/share/two_dof_interfaces/package.bash'
[2.509s] INFO:colcon.colcon_core.shell:Creating package script '/media/mojarras/Wiwi/sinFiltro/robot_2dof_ros2/install/two_dof_interfaces/share/two_dof_interfaces/package.zsh'
[2.510s] Level 1:colcon.colcon_core.environment:create_file_with_runtime_dependencies(/media/mojarras/Wiwi/sinFiltro/robot_2dof_ros2/install/two_dof_interfaces/share/colcon-core/packages/two_dof_interfaces)
[2.511s] Level 1:colcon.colcon_core.environment:create_environment_scripts_only(two_dof_interfaces)
[2.512s] Level 1:colcon.colcon_core.environment:checking '/media/mojarras/Wiwi/sinFiltro/robot_2dof_ros2/install/two_dof_interfaces' for CMake module files
[2.513s] Level 1:colcon.colcon_core.environment:checking '/media/mojarras/Wiwi/sinFiltro/robot_2dof_ros2/install/two_dof_interfaces' for CMake config files
[2.514s] Level 1:colcon.colcon_core.shell:create_environment_hook('two_dof_interfaces', 'cmake_prefix_path')
[2.515s] INFO:colcon.colcon_core.shell:Creating environment hook '/media/mojarras/Wiwi/sinFiltro/robot_2dof_ros2/install/two_dof_interfaces/share/two_dof_interfaces/hook/cmake_prefix_path.ps1'
[2.515s] INFO:colcon.colcon_core.shell:Creating environment descriptor '/media/mojarras/Wiwi/sinFiltro/robot_2dof_ros2/install/two_dof_interfaces/share/two_dof_interfaces/hook/cmake_prefix_path.dsv'
[2.516s] INFO:colcon.colcon_core.shell:Creating environment hook '/media/mojarras/Wiwi/sinFiltro/robot_2dof_ros2/install/two_dof_interfaces/share/two_dof_interfaces/hook/cmake_prefix_path.sh'
[2.517s] Level 1:colcon.colcon_core.environment:checking '/media/mojarras/Wiwi/sinFiltro/robot_2dof_ros2/install/two_dof_interfaces/lib'
[2.517s] Level 1:colcon.colcon_core.shell:create_environment_hook('two_dof_interfaces', 'ld_library_path_lib')
[2.517s] INFO:colcon.colcon_core.shell:Creating environment hook '/media/mojarras/Wiwi/sinFiltro/robot_2dof_ros2/install/two_dof_interfaces/share/two_dof_interfaces/hook/ld_library_path_lib.ps1'
[2.518s] INFO:colcon.colcon_core.shell:Creating environment descriptor '/media/mojarras/Wiwi/sinFiltro/robot_2dof_ros2/install/two_dof_interfaces/share/two_dof_interfaces/hook/ld_library_path_lib.dsv'
[2.519s] INFO:colcon.colcon_core.shell:Creating environment hook '/media/mojarras/Wiwi/sinFiltro/robot_2dof_ros2/install/two_dof_interfaces/share/two_dof_interfaces/hook/ld_library_path_lib.sh'
[2.519s] Level 1:colcon.colcon_core.environment:checking '/media/mojarras/Wiwi/sinFiltro/robot_2dof_ros2/install/two_dof_interfaces/bin'
[2.519s] Level 1:colcon.colcon_core.environment:checking '/media/mojarras/Wiwi/sinFiltro/robot_2dof_ros2/install/two_dof_interfaces/lib/pkgconfig/two_dof_interfaces.pc'
[2.520s] Level 1:colcon.colcon_core.environment:checking '/media/mojarras/Wiwi/sinFiltro/robot_2dof_ros2/install/two_dof_interfaces/lib/python3.12/site-packages'
[2.520s] Level 1:colcon.colcon_core.shell:create_environment_hook('two_dof_interfaces', 'pythonpath')
[2.521s] INFO:colcon.colcon_core.shell:Creating environment hook '/media/mojarras/Wiwi/sinFiltro/robot_2dof_ros2/install/two_dof_interfaces/share/two_dof_interfaces/hook/pythonpath.ps1'
[2.521s] INFO:colcon.colcon_core.shell:Creating environment descriptor '/media/mojarras/Wiwi/sinFiltro/robot_2dof_ros2/install/two_dof_interfaces/share/two_dof_interfaces/hook/pythonpath.dsv'
[2.522s] INFO:colcon.colcon_core.shell:Creating environment hook '/media/mojarras/Wiwi/sinFiltro/robot_2dof_ros2/install/two_dof_interfaces/share/two_dof_interfaces/hook/pythonpath.sh'
[2.524s] Level 1:colcon.colcon_core.environment:checking '/media/mojarras/Wiwi/sinFiltro/robot_2dof_ros2/install/two_dof_interfaces/bin'
[2.524s] INFO:colcon.colcon_core.shell:Creating package script '/media/mojarras/Wiwi/sinFiltro/robot_2dof_ros2/install/two_dof_interfaces/share/two_dof_interfaces/package.ps1'
[2.525s] INFO:colcon.colcon_core.shell:Creating package descriptor '/media/mojarras/Wiwi/sinFiltro/robot_2dof_ros2/install/two_dof_interfaces/share/two_dof_interfaces/package.dsv'
[2.526s] INFO:colcon.colcon_core.shell:Creating package script '/media/mojarras/Wiwi/sinFiltro/robot_2dof_ros2/install/two_dof_interfaces/share/two_dof_interfaces/package.sh'
[2.527s] INFO:colcon.colcon_core.shell:Creating package script '/media/mojarras/Wiwi/sinFiltro/robot_2dof_ros2/install/two_dof_interfaces/share/two_dof_interfaces/package.bash'
[2.528s] INFO:colcon.colcon_core.shell:Creating package script '/media/mojarras/Wiwi/sinFiltro/robot_2dof_ros2/install/two_dof_interfaces/share/two_dof_interfaces/package.zsh'
[2.529s] Level 1:colcon.colcon_core.environment:create_file_with_runtime_dependencies(/media/mojarras/Wiwi/sinFiltro/robot_2dof_ros2/install/two_dof_interfaces/share/colcon-core/packages/two_dof_interfaces)
[2.876s] DEBUG:colcon.colcon_core.event_handler.log_command:Invoking command in '/media/mojarras/Wiwi/sinFiltro/robot_2dof_ros2/control': DEBUGINFOD_URLS=https://debuginfod.ubuntu.com PYTHONPATH=/media/mojarras/Wiwi/sinFiltro/robot_2dof_ros2/build/control/prefix_override:/usr/lib/python3/dist-packages/colcon_core/task/python/colcon_distutils_commands:/media/mojarras/Wiwi/sinFiltro/robot_2dof_ros2/install/control/lib/python3.12/site-packages:${PYTHONPATH} /usr/bin/python3 -W ignore:setup.py install is deprecated -W ignore:easy_install command is deprecated setup.py egg_info --egg-base ../build/control build --build-base /media/mojarras/Wiwi/sinFiltro/robot_2dof_ros2/build/control/build install --record /media/mojarras/Wiwi/sinFiltro/robot_2dof_ros2/build/control/install.log --single-version-externally-managed install_data
[4.102s] Level 1:colcon.colcon_core.environment:checking '/media/mojarras/Wiwi/sinFiltro/robot_2dof_ros2/install/control' for CMake module files
[4.103s] DEBUG:colcon.colcon_core.event_handler.log_command:Invoked command in '/media/mojarras/Wiwi/sinFiltro/robot_2dof_ros2/control' returned '0': DEBUGINFOD_URLS=https://debuginfod.ubuntu.com PYTHONPATH=/media/mojarras/Wiwi/sinFiltro/robot_2dof_ros2/build/control/prefix_override:/usr/lib/python3/dist-packages/colcon_core/task/python/colcon_distutils_commands:/media/mojarras/Wiwi/sinFiltro/robot_2dof_ros2/install/control/lib/python3.12/site-packages:${PYTHONPATH} /usr/bin/python3 -W ignore:setup.py install is deprecated -W ignore:easy_install command is deprecated setup.py egg_info --egg-base ../build/control build --build-base /media/mojarras/Wiwi/sinFiltro/robot_2dof_ros2/build/control/build install --record /media/mojarras/Wiwi/sinFiltro/robot_2dof_ros2/build/control/install.log --single-version-externally-managed install_data
[4.104s] Level 1:colcon.colcon_core.environment:checking '/media/mojarras/Wiwi/sinFiltro/robot_2dof_ros2/install/control' for CMake config files
[4.105s] Level 1:colcon.colcon_core.environment:checking '/media/mojarras/Wiwi/sinFiltro/robot_2dof_ros2/install/control/lib'
[4.105s] Level 1:colcon.colcon_core.environment:checking '/media/mojarras/Wiwi/sinFiltro/robot_2dof_ros2/install/control/bin'
[4.105s] Level 1:colcon.colcon_core.environment:checking '/media/mojarras/Wiwi/sinFiltro/robot_2dof_ros2/install/control/lib/pkgconfig/control.pc'
[4.106s] Level 1:colcon.colcon_core.environment:checking '/media/mojarras/Wiwi/sinFiltro/robot_2dof_ros2/install/control/lib/python3.12/site-packages'
[4.106s] Level 1:colcon.colcon_core.shell:create_environment_hook('control', 'pythonpath')
[4.107s] INFO:colcon.colcon_core.shell:Creating environment hook '/media/mojarras/Wiwi/sinFiltro/robot_2dof_ros2/install/control/share/control/hook/pythonpath.ps1'
[4.107s] INFO:colcon.colcon_core.shell:Creating environment descriptor '/media/mojarras/Wiwi/sinFiltro/robot_2dof_ros2/install/control/share/control/hook/pythonpath.dsv'
[4.108s] INFO:colcon.colcon_core.shell:Creating environment hook '/media/mojarras/Wiwi/sinFiltro/robot_2dof_ros2/install/control/share/control/hook/pythonpath.sh'
[4.109s] Level 1:colcon.colcon_core.environment:checking '/media/mojarras/Wiwi/sinFiltro/robot_2dof_ros2/install/control/bin'
[4.109s] Level 1:colcon.colcon_core.environment:create_environment_scripts_only(control)
[4.109s] INFO:colcon.colcon_core.shell:Creating package script '/media/mojarras/Wiwi/sinFiltro/robot_2dof_ros2/install/control/share/control/package.ps1'
[4.110s] INFO:colcon.colcon_core.shell:Creating package descriptor '/media/mojarras/Wiwi/sinFiltro/robot_2dof_ros2/install/control/share/control/package.dsv'
[4.110s] INFO:colcon.colcon_core.shell:Creating package script '/media/mojarras/Wiwi/sinFiltro/robot_2dof_ros2/install/control/share/control/package.sh'
[4.111s] INFO:colcon.colcon_core.shell:Creating package script '/media/mojarras/Wiwi/sinFiltro/robot_2dof_ros2/install/control/share/control/package.bash'
[4.111s] INFO:colcon.colcon_core.shell:Creating package script '/media/mojarras/Wiwi/sinFiltro/robot_2dof_ros2/install/control/share/control/package.zsh'
[4.112s] Level 1:colcon.colcon_core.environment:create_file_with_runtime_dependencies(/media/mojarras/Wiwi/sinFiltro/robot_2dof_ros2/install/control/share/colcon-core/packages/control)
[4.112s] DEBUG:colcon.colcon_parallel_executor.executor.parallel:closing loop
[4.113s] DEBUG:colcon.colcon_parallel_executor.executor.parallel:loop closed
[4.113s] DEBUG:colcon.colcon_parallel_executor.executor.parallel:run_until_complete finished with '0'
[4.113s] DEBUG:colcon.colcon_core.event_reactor:joining thread
[4.130s] INFO:colcon.colcon_core.plugin_system:Skipping extension 'colcon_notification.desktop_notification.terminal_notifier': Not used on non-Darwin systems
[4.130s] INFO:colcon.colcon_core.plugin_system:Skipping extension 'colcon_notification.desktop_notification.win32': Not used on non-Windows systems
[4.130s] INFO:colcon.colcon_notification.desktop_notification:Sending desktop notification using 'notify2'
[4.143s] DEBUG:colcon.colcon_core.event_reactor:joined thread
[4.144s] INFO:colcon.colcon_core.shell:Creating prefix script '/media/mojarras/Wiwi/sinFiltro/robot_2dof_ros2/install/local_setup.ps1'
[4.145s] INFO:colcon.colcon_core.shell:Creating prefix util module '/media/mojarras/Wiwi/sinFiltro/robot_2dof_ros2/install/_local_setup_util_ps1.py'
[4.147s] INFO:colcon.colcon_core.shell:Creating prefix chain script '/media/mojarras/Wiwi/sinFiltro/robot_2dof_ros2/install/setup.ps1'
[4.148s] INFO:colcon.colcon_core.shell:Creating prefix script '/media/mojarras/Wiwi/sinFiltro/robot_2dof_ros2/install/local_setup.sh'
[4.149s] INFO:colcon.colcon_core.shell:Creating prefix util module '/media/mojarras/Wiwi/sinFiltro/robot_2dof_ros2/install/_local_setup_util_sh.py'
[4.150s] INFO:colcon.colcon_core.shell:Creating prefix chain script '/media/mojarras/Wiwi/sinFiltro/robot_2dof_ros2/install/setup.sh'
[4.152s] INFO:colcon.colcon_core.shell:Creating prefix script '/media/mojarras/Wiwi/sinFiltro/robot_2dof_ros2/install/local_setup.bash'
[4.152s] INFO:colcon.colcon_core.shell:Creating prefix chain script '/media/mojarras/Wiwi/sinFiltro/robot_2dof_ros2/install/setup.bash'
[4.154s] INFO:colcon.colcon_core.shell:Creating prefix script '/media/mojarras/Wiwi/sinFiltro/robot_2dof_ros2/install/local_setup.zsh'
[4.155s] INFO:colcon.colcon_core.shell:Creating prefix chain script '/media/mojarras/Wiwi/sinFiltro/robot_2dof_ros2/install/setup.zsh'
