[0.254s] DEBUG:colcon:Command line arguments: ['/usr/bin/colcon', 'build']
[0.255s] DEBUG:colcon:Parsed command line arguments: Namespace(log_base=None, log_level=None, verb_name='build', build_base='build', install_base='install', merge_install=False, symlink_install=False, test_result_base=None, continue_on_error=False, executor='parallel', parallel_workers=8, event_handlers=None, ignore_user_meta=False, metas=['./colcon.meta'], base_paths=['.'], packages_ignore=None, packages_ignore_regex=None, paths=None, packages_up_to=None, packages_up_to_regex=None, packages_above=None, packages_above_and_dependencies=None, packages_above_depth=None, packages_select_by_dep=None, packages_skip_by_dep=None, packages_skip_up_to=None, packages_select_build_failed=False, packages_skip_build_finished=False, packages_select_test_failures=False, packages_skip_test_passed=False, packages_select=None, packages_skip=None, packages_select_regex=None, packages_skip_regex=None, packages_start=None, packages_end=None, allow_overriding=[], cmake_args=None, cmake_target=None, cmake_target_skip_unavailable=False, cmake_clean_cache=False, cmake_clean_first=False, cmake_force_configure=False, ament_cmake_args=None, catkin_cmake_args=None, catkin_skip_building_tests=False, verb_parser=<colcon_defaults.argument_parser.defaults.DefaultArgumentsDecorator object at 0x70308ee6ccb0>, verb_extension=<colcon_core.verb.build.BuildVerb object at 0x70308ee6cb30>, main=<bound method BuildVerb.main of <colcon_core.verb.build.BuildVerb object at 0x70308ee6cb30>>)
[0.317s] Level 1:colcon.colcon_core.package_discovery:discover_packages(colcon_meta) check parameters
[0.317s] Level 1:colcon.colcon_core.package_discovery:discover_packages(recursive) check parameters
[0.317s] Level 1:colcon.colcon_core.package_discovery:discover_packages(ignore) check parameters
[0.317s] Level 1:colcon.colcon_core.package_discovery:discover_packages(path) check parameters
[0.317s] Level 1:colcon.colcon_core.package_discovery:discover_packages(colcon_meta) discover
[0.317s] Level 1:colcon.colcon_core.package_discovery:discover_packages(recursive) discover
[0.317s] INFO:colcon.colcon_core.package_discovery:Crawling recursively for packages in '/media/mojarras/Wiwi/sinFiltro/robot_2dof_ros2'
[0.318s] Level 1:colcon.colcon_core.package_identification:_identify(.) by extensions ['ignore', 'ignore_ament_install']
[0.318s] Level 1:colcon.colcon_core.package_identification:_identify(.) by extension 'ignore'
[0.318s] Level 1:colcon.colcon_core.package_identification:_identify(.) by extension 'ignore_ament_install'
[0.318s] Level 1:colcon.colcon_core.package_identification:_identify(.) by extensions ['colcon_pkg']
[0.318s] Level 1:colcon.colcon_core.package_identification:_identify(.) by extension 'colcon_pkg'
[0.318s] Level 1:colcon.colcon_core.package_identification:_identify(.) by extensions ['colcon_meta']
[0.318s] Level 1:colcon.colcon_core.package_identification:_identify(.) by extension 'colcon_meta'
[0.318s] Level 1:colcon.colcon_core.package_identification:_identify(.) by extensions ['ros']
[0.318s] Level 1:colcon.colcon_core.package_identification:_identify(.) by extension 'ros'
[0.355s] Level 1:colcon.colcon_core.package_identification:_identify(.) by extensions ['cmake', 'python']
[0.355s] Level 1:colcon.colcon_core.package_identification:_identify(.) by extension 'cmake'
[0.355s] Level 1:colcon.colcon_core.package_identification:_identify(.) by extension 'python'
[0.356s] Level 1:colcon.colcon_core.package_identification:_identify(.) by extensions ['python_setup_py']
[0.356s] Level 1:colcon.colcon_core.package_identification:_identify(.) by extension 'python_setup_py'
[0.356s] Level 1:colcon.colcon_core.package_identification:_identify(build) by extensions ['ignore', 'ignore_ament_install']
[0.356s] Level 1:colcon.colcon_core.package_identification:_identify(build) by extension 'ignore'
[0.356s] Level 1:colcon.colcon_core.package_identification:_identify(build) ignored
[0.356s] Level 1:colcon.colcon_core.package_identification:_identify(control) by extensions ['ignore', 'ignore_ament_install']
[0.356s] Level 1:colcon.colcon_core.package_identification:_identify(control) by extension 'ignore'
[0.356s] Level 1:colcon.colcon_core.package_identification:_identify(control) by extension 'ignore_ament_install'
[0.356s] Level 1:colcon.colcon_core.package_identification:_identify(control) by extensions ['colcon_pkg']
[0.357s] Level 1:colcon.colcon_core.package_identification:_identify(control) by extension 'colcon_pkg'
[0.357s] Level 1:colcon.colcon_core.package_identification:_identify(control) by extensions ['colcon_meta']
[0.357s] Level 1:colcon.colcon_core.package_identification:_identify(control) by extension 'colcon_meta'
[0.357s] Level 1:colcon.colcon_core.package_identification:_identify(control) by extensions ['ros']
[0.357s] Level 1:colcon.colcon_core.package_identification:_identify(control) by extension 'ros'
[0.360s] DEBUG:colcon.colcon_core.package_identification:Package 'control' with type 'ros.ament_python' and name 'control'
[0.360s] Level 1:colcon.colcon_core.package_identification:_identify(install) by extensions ['ignore', 'ignore_ament_install']
[0.360s] Level 1:colcon.colcon_core.package_identification:_identify(install) by extension 'ignore'
[0.360s] Level 1:colcon.colcon_core.package_identification:_identify(install) ignored
[0.360s] Level 1:colcon.colcon_core.package_identification:_identify(kalman_filter) by extensions ['ignore', 'ignore_ament_install']
[0.360s] Level 1:colcon.colcon_core.package_identification:_identify(kalman_filter) by extension 'ignore'
[0.361s] Level 1:colcon.colcon_core.package_identification:_identify(kalman_filter) by extension 'ignore_ament_install'
[0.361s] Level 1:colcon.colcon_core.package_identification:_identify(kalman_filter) by extensions ['colcon_pkg']
[0.361s] Level 1:colcon.colcon_core.package_identification:_identify(kalman_filter) by extension 'colcon_pkg'
[0.361s] Level 1:colcon.colcon_core.package_identification:_identify(kalman_filter) by extensions ['colcon_meta']
[0.361s] Level 1:colcon.colcon_core.package_identification:_identify(kalman_filter) by extension 'colcon_meta'
[0.361s] Level 1:colcon.colcon_core.package_identification:_identify(kalman_filter) by extensions ['ros']
[0.361s] Level 1:colcon.colcon_core.package_identification:_identify(kalman_filter) by extension 'ros'
[0.362s] DEBUG:colcon.colcon_core.package_identification:Package 'kalman_filter' with type 'ros.ament_cmake' and name 'kalman_filter'
[0.362s] Level 1:colcon.colcon_core.package_identification:_identify(log) by extensions ['ignore', 'ignore_ament_install']
[0.362s] Level 1:colcon.colcon_core.package_identification:_identify(log) by extension 'ignore'
[0.362s] Level 1:colcon.colcon_core.package_identification:_identify(log) ignored
[0.362s] Level 1:colcon.colcon_core.package_identification:_identify(simulation_2dof) by extensions ['ignore', 'ignore_ament_install']
[0.362s] Level 1:colcon.colcon_core.package_identification:_identify(simulation_2dof) by extension 'ignore'
[0.362s] Level 1:colcon.colcon_core.package_identification:_identify(simulation_2dof) by extension 'ignore_ament_install'
[0.363s] Level 1:colcon.colcon_core.package_identification:_identify(simulation_2dof) by extensions ['colcon_pkg']
[0.363s] Level 1:colcon.colcon_core.package_identification:_identify(simulation_2dof) by extension 'colcon_pkg'
[0.363s] Level 1:colcon.colcon_core.package_identification:_identify(simulation_2dof) by extensions ['colcon_meta']
[0.363s] Level 1:colcon.colcon_core.package_identification:_identify(simulation_2dof) by extension 'colcon_meta'
[0.363s] Level 1:colcon.colcon_core.package_identification:_identify(simulation_2dof) by extensions ['ros']
[0.363s] Level 1:colcon.colcon_core.package_identification:_identify(simulation_2dof) by extension 'ros'
[0.364s] DEBUG:colcon.colcon_core.package_identification:Package 'simulation_2dof' with type 'ros.ament_cmake' and name 'simulation_2dof'
[0.364s] Level 1:colcon.colcon_core.package_identification:_identify(two_dof_interfaces) by extensions ['ignore', 'ignore_ament_install']
[0.364s] Level 1:colcon.colcon_core.package_identification:_identify(two_dof_interfaces) by extension 'ignore'
[0.364s] Level 1:colcon.colcon_core.package_identification:_identify(two_dof_interfaces) by extension 'ignore_ament_install'
[0.364s] Level 1:colcon.colcon_core.package_identification:_identify(two_dof_interfaces) by extensions ['colcon_pkg']
[0.365s] Level 1:colcon.colcon_core.package_identification:_identify(two_dof_interfaces) by extension 'colcon_pkg'
[0.365s] Level 1:colcon.colcon_core.package_identification:_identify(two_dof_interfaces) by extensions ['colcon_meta']
[0.365s] Level 1:colcon.colcon_core.package_identification:_identify(two_dof_interfaces) by extension 'colcon_meta'
[0.365s] Level 1:colcon.colcon_core.package_identification:_identify(two_dof_interfaces) by extensions ['ros']
[0.365s] Level 1:colcon.colcon_core.package_identification:_identify(two_dof_interfaces) by extension 'ros'
[0.366s] DEBUG:colcon.colcon_core.package_identification:Package 'two_dof_interfaces' with type 'ros.ament_cmake' and name 'two_dof_interfaces'
[0.366s] Level 1:colcon.colcon_core.package_discovery:discover_packages(recursive) using defaults
[0.366s] Level 1:colcon.colcon_core.package_discovery:discover_packages(ignore) discover
[0.367s] Level 1:colcon.colcon_core.package_discovery:discover_packages(ignore) using defaults
[0.367s] Level 1:colcon.colcon_core.package_discovery:discover_packages(path) discover
[0.367s] Level 1:colcon.colcon_core.package_discovery:discover_packages(path) using defaults
[0.394s] Level 1:colcon.colcon_core.package_discovery:discover_packages(prefix_path) check parameters
[0.394s] Level 1:colcon.colcon_core.package_discovery:discover_packages(prefix_path) discover
[0.397s] DEBUG:colcon.colcon_installed_package_information.package_discovery:Found 4 installed packages in /media/mojarras/Wiwi/sinFiltro/robot_2dof_ros2/install
[0.400s] DEBUG:colcon.colcon_installed_package_information.package_discovery:Found 407 installed packages in /opt/ros/jazzy
[0.402s] Level 1:colcon.colcon_core.package_discovery:discover_packages(prefix_path) using defaults
[0.492s] Level 5:colcon.colcon_core.verb:set package 'control' build argument 'cmake_args' from command line to 'None'
[0.492s] Level 5:colcon.colcon_core.verb:set package 'control' build argument 'cmake_target' from command line to 'None'
[0.492s] Level 5:colcon.colcon_core.verb:set package 'control' build argument 'cmake_target_skip_unavailable' from command line to 'False'
[0.492s] Level 5:colcon.colcon_core.verb:set package 'control' build argument 'cmake_clean_cache' from command line to 'False'
[0.492s] Level 5:colcon.colcon_core.verb:set package 'control' build argument 'cmake_clean_first' from command line to 'False'
[0.492s] Level 5:colcon.colcon_core.verb:set package 'control' build argument 'cmake_force_configure' from command line to 'False'
[0.492s] Level 5:colcon.colcon_core.verb:set package 'control' build argument 'ament_cmake_args' from command line to 'None'
[0.492s] Level 5:colcon.colcon_core.verb:set package 'control' build argument 'catkin_cmake_args' from command line to 'None'
[0.492s] Level 5:colcon.colcon_core.verb:set package 'control' build argument 'catkin_skip_building_tests' from command line to 'False'
[0.492s] DEBUG:colcon.colcon_core.verb:Building package 'control' with the following arguments: {'ament_cmake_args': None, 'build_base': '/media/mojarras/Wiwi/sinFiltro/robot_2dof_ros2/build/control', 'catkin_cmake_args': None, 'catkin_skip_building_tests': False, 'cmake_args': None, 'cmake_clean_cache': False, 'cmake_clean_first': False, 'cmake_force_configure': False, 'cmake_target': None, 'cmake_target_skip_unavailable': False, 'install_base': '/media/mojarras/Wiwi/sinFiltro/robot_2dof_ros2/install/control', 'merge_install': False, 'path': '/media/mojarras/Wiwi/sinFiltro/robot_2dof_ros2/control', 'symlink_install': False, 'test_result_base': None}
[0.492s] Level 5:colcon.colcon_core.verb:set package 'kalman_filter' build argument 'cmake_args' from command line to 'None'
[0.492s] Level 5:colcon.colcon_core.verb:set package 'kalman_filter' build argument 'cmake_target' from command line to 'None'
[0.493s] Level 5:colcon.colcon_core.verb:set package 'kalman_filter' build argument 'cmake_target_skip_unavailable' from command line to 'False'
[0.493s] Level 5:colcon.colcon_core.verb:set package 'kalman_filter' build argument 'cmake_clean_cache' from command line to 'False'
[0.493s] Level 5:colcon.colcon_core.verb:set package 'kalman_filter' build argument 'cmake_clean_first' from command line to 'False'
[0.493s] Level 5:colcon.colcon_core.verb:set package 'kalman_filter' build argument 'cmake_force_configure' from command line to 'False'
[0.493s] Level 5:colcon.colcon_core.verb:set package 'kalman_filter' build argument 'ament_cmake_args' from command line to 'None'
[0.493s] Level 5:colcon.colcon_core.verb:set package 'kalman_filter' build argument 'catkin_cmake_args' from command line to 'None'
[0.493s] Level 5:colcon.colcon_core.verb:set package 'kalman_filter' build argument 'catkin_skip_building_tests' from command line to 'False'
[0.493s] DEBUG:colcon.colcon_core.verb:Building package 'kalman_filter' with the following arguments: {'ament_cmake_args': None, 'build_base': '/media/mojarras/Wiwi/sinFiltro/robot_2dof_ros2/build/kalman_filter', 'catkin_cmake_args': None, 'catkin_skip_building_tests': False, 'cmake_args': None, 'cmake_clean_cache': False, 'cmake_clean_first': False, 'cmake_force_configure': False, 'cmake_target': None, 'cmake_target_skip_unavailable': False, 'install_base': '/media/mojarras/Wiwi/sinFiltro/robot_2dof_ros2/install/kalman_filter', 'merge_install': False, 'path': '/media/mojarras/Wiwi/sinFiltro/robot_2dof_ros2/kalman_filter', 'symlink_install': False, 'test_result_base': None}
[0.493s] Level 5:colcon.colcon_core.verb:set package 'simulation_2dof' build argument 'cmake_args' from command line to 'None'
[0.493s] Level 5:colcon.colcon_core.verb:set package 'simulation_2dof' build argument 'cmake_target' from command line to 'None'
[0.493s] Level 5:colcon.colcon_core.verb:set package 'simulation_2dof' build argument 'cmake_target_skip_unavailable' from command line to 'False'
[0.493s] Level 5:colcon.colcon_core.verb:set package 'simulation_2dof' build argument 'cmake_clean_cache' from command line to 'False'
[0.493s] Level 5:colcon.colcon_core.verb:set package 'simulation_2dof' build argument 'cmake_clean_first' from command line to 'False'
[0.493s] Level 5:colcon.colcon_core.verb:set package 'simulation_2dof' build argument 'cmake_force_configure' from command line to 'False'
[0.493s] Level 5:colcon.colcon_core.verb:set package 'simulation_2dof' build argument 'ament_cmake_args' from command line to 'None'
[0.493s] Level 5:colcon.colcon_core.verb:set package 'simulation_2dof' build argument 'catkin_cmake_args' from command line to 'None'
[0.493s] Level 5:colcon.colcon_core.verb:set package 'simulation_2dof' build argument 'catkin_skip_building_tests' from command line to 'False'
[0.494s] DEBUG:colcon.colcon_core.verb:Building package 'simulation_2dof' with the following arguments: {'ament_cmake_args': None, 'build_base': '/media/mojarras/Wiwi/sinFiltro/robot_2dof_ros2/build/simulation_2dof', 'catkin_cmake_args': None, 'catkin_skip_building_tests': False, 'cmake_args': None, 'cmake_clean_cache': False, 'cmake_clean_first': False, 'cmake_force_configure': False, 'cmake_target': None, 'cmake_target_skip_unavailable': False, 'install_base': '/media/mojarras/Wiwi/sinFiltro/robot_2dof_ros2/install/simulation_2dof', 'merge_install': False, 'path': '/media/mojarras/Wiwi/sinFiltro/robot_2dof_ros2/simulation_2dof', 'symlink_install': False, 'test_result_base': None}
[0.494s] Level 5:colcon.colcon_core.verb:set package 'two_dof_interfaces' build argument 'cmake_args' from command line to 'None'
[0.494s] Level 5:colcon.colcon_core.verb:set package 'two_dof_interfaces' build argument 'cmake_target' from command line to 'None'
[0.494s] Level 5:colcon.colcon_core.verb:set package 'two_dof_interfaces' build argument 'cmake_target_skip_unavailable' from command line to 'False'
[0.494s] Level 5:colcon.colcon_core.verb:set package 'two_dof_interfaces' build argument 'cmake_clean_cache' from command line to 'False'
[0.494s] Level 5:colcon.colcon_core.verb:set package 'two_dof_interfaces' build argument 'cmake_clean_first' from command line to 'False'
[0.494s] Level 5:colcon.colcon_core.verb:set package 'two_dof_interfaces' build argument 'cmake_force_configure' from command line to 'False'
[0.494s] Level 5:colcon.colcon_core.verb:set package 'two_dof_interfaces' build argument 'ament_cmake_args' from command line to 'None'
[0.494s] Level 5:colcon.colcon_core.verb:set package 'two_dof_interfaces' build argument 'catkin_cmake_args' from command line to 'None'
[0.494s] Level 5:colcon.colcon_core.verb:set package 'two_dof_interfaces' build argument 'catkin_skip_building_tests' from command line to 'False'
[0.494s] DEBUG:colcon.colcon_core.verb:Building package 'two_dof_interfaces' with the following arguments: {'ament_cmake_args': None, 'build_base': '/media/mojarras/Wiwi/sinFiltro/robot_2dof_ros2/build/two_dof_interfaces', 'catkin_cmake_args': None, 'catkin_skip_building_tests': False, 'cmake_args': None, 'cmake_clean_cache': False, 'cmake_clean_first': False, 'cmake_force_configure': False, 'cmake_target': None, 'cmake_target_skip_unavailable': False, 'install_base': '/media/mojarras/Wiwi/sinFiltro/robot_2dof_ros2/install/two_dof_interfaces', 'merge_install': False, 'path': '/media/mojarras/Wiwi/sinFiltro/robot_2dof_ros2/two_dof_interfaces', 'symlink_install': False, 'test_result_base': None}
[0.494s] INFO:colcon.colcon_core.executor:Executing jobs using 'parallel' executor
[0.495s] DEBUG:colcon.colcon_parallel_executor.executor.parallel:run_until_complete
[0.496s] INFO:colcon.colcon_ros.task.ament_python.build:Building ROS package in '/media/mojarras/Wiwi/sinFiltro/robot_2dof_ros2/control' with build type 'ament_python'
[0.496s] Level 1:colcon.colcon_core.shell:create_environment_hook('control', 'ament_prefix_path')
[0.501s] INFO:colcon.colcon_core.plugin_system:Skipping extension 'colcon_core.shell.bat': Not used on non-Windows systems
[0.501s] INFO:colcon.colcon_core.shell:Creating environment hook '/media/mojarras/Wiwi/sinFiltro/robot_2dof_ros2/install/control/share/control/hook/ament_prefix_path.ps1'
[0.502s] INFO:colcon.colcon_core.shell:Creating environment descriptor '/media/mojarras/Wiwi/sinFiltro/robot_2dof_ros2/install/control/share/control/hook/ament_prefix_path.dsv'
[0.503s] INFO:colcon.colcon_core.shell:Creating environment hook '/media/mojarras/Wiwi/sinFiltro/robot_2dof_ros2/install/control/share/control/hook/ament_prefix_path.sh'
[0.504s] INFO:colcon.colcon_core.shell:Skip shell extension 'powershell' for command environment: Not usable outside of PowerShell
[0.504s] DEBUG:colcon.colcon_core.shell:Skip shell extension 'dsv' for command environment
[0.510s] INFO:colcon.colcon_ros.task.ament_cmake.build:Building ROS package in '/media/mojarras/Wiwi/sinFiltro/robot_2dof_ros2/kalman_filter' with build type 'ament_cmake'
[0.510s] INFO:colcon.colcon_cmake.task.cmake.build:Building CMake package in '/media/mojarras/Wiwi/sinFiltro/robot_2dof_ros2/kalman_filter'
[0.510s] INFO:colcon.colcon_core.shell:Skip shell extension 'powershell' for command environment: Not usable outside of PowerShell
[0.510s] DEBUG:colcon.colcon_core.shell:Skip shell extension 'dsv' for command environment
[0.516s] INFO:colcon.colcon_ros.task.ament_cmake.build:Building ROS package in '/media/mojarras/Wiwi/sinFiltro/robot_2dof_ros2/simulation_2dof' with build type 'ament_cmake'
[0.516s] INFO:colcon.colcon_cmake.task.cmake.build:Building CMake package in '/media/mojarras/Wiwi/sinFiltro/robot_2dof_ros2/simulation_2dof'
[0.517s] INFO:colcon.colcon_core.shell:Skip shell extension 'powershell' for command environment: Not usable outside of PowerShell
[0.517s] DEBUG:colcon.colcon_core.shell:Skip shell extension 'dsv' for command environment
[0.523s] INFO:colcon.colcon_ros.task.ament_cmake.build:Building ROS package in '/media/mojarras/Wiwi/sinFiltro/robot_2dof_ros2/two_dof_interfaces' with build type 'ament_cmake'
[0.523s] INFO:colcon.colcon_cmake.task.cmake.build:Building CMake package in '/media/mojarras/Wiwi/sinFiltro/robot_2dof_ros2/two_dof_interfaces'
[0.523s] INFO:colcon.colcon_core.shell:Skip shell extension 'powershell' for command environment: Not usable outside of PowerShell
[0.523s] DEBUG:colcon.colcon_core.shell:Skip shell extension 'dsv' for command environment
[0.928s] INFO:colcon.colcon_core.task.python.build:Building Python package in '/media/mojarras/Wiwi/sinFiltro/robot_2dof_ros2/control'
[0.929s] INFO:colcon.colcon_core.shell:Skip shell extension 'powershell' for command environment: Not usable outside of PowerShell
[0.929s] DEBUG:colcon.colcon_core.shell:Skip shell extension 'dsv' for command environment
[0.940s] DEBUG:colcon.colcon_core.event_handler.log_command:Invoking command in '/media/mojarras/Wiwi/sinFiltro/robot_2dof_ros2/build/kalman_filter': CMAKE_PREFIX_PATH=${CMAKE_PREFIX_PATH}:/media/mojarras/Wiwi/sinFiltro/robot_2dof_ros2/install/control:/opt/ros/jazzy DEBUGINFOD_URLS=https://debuginfod.ubuntu.com /usr/bin/cmake --build /media/mojarras/Wiwi/sinFiltro/robot_2dof_ros2/build/kalman_filter -- -j8 -l8
[0.945s] DEBUG:colcon.colcon_core.event_handler.log_command:Invoking command in '/media/mojarras/Wiwi/sinFiltro/robot_2dof_ros2/build/simulation_2dof': CMAKE_PREFIX_PATH=${CMAKE_PREFIX_PATH}:/media/mojarras/Wiwi/sinFiltro/robot_2dof_ros2/install/control:/opt/ros/jazzy DEBUGINFOD_URLS=https://debuginfod.ubuntu.com /usr/bin/cmake --build /media/mojarras/Wiwi/sinFiltro/robot_2dof_ros2/build/simulation_2dof -- -j8 -l8
[0.954s] DEBUG:colcon.colcon_core.event_handler.log_command:Invoking command in '/media/mojarras/Wiwi/sinFiltro/robot_2dof_ros2/build/two_dof_interfaces': CMAKE_PREFIX_PATH=${CMAKE_PREFIX_PATH}:/media/mojarras/Wiwi/sinFiltro/robot_2dof_ros2/install/control:/opt/ros/jazzy DEBUGINFOD_URLS=https://debuginfod.ubuntu.com /usr/bin/cmake --build /media/mojarras/Wiwi/sinFiltro/robot_2dof_ros2/build/two_dof_interfaces -- -j8 -l8
[1.018s] DEBUG:colcon.colcon_core.event_handler.log_command:Invoked command in '/media/mojarras/Wiwi/sinFiltro/robot_2dof_ros2/build/simulation_2dof' returned '0': CMAKE_PREFIX_PATH=${CMAKE_PREFIX_PATH}:/media/mojarras/Wiwi/sinFiltro/robot_2dof_ros2/install/control:/opt/ros/jazzy DEBUGINFOD_URLS=https://debuginfod.ubuntu.com /usr/bin/cmake --build /media/mojarras/Wiwi/sinFiltro/robot_2dof_ros2/build/simulation_2dof -- -j8 -l8
[1.041s] DEBUG:colcon.colcon_core.event_handler.log_command:Invoking command in '/media/mojarras/Wiwi/sinFiltro/robot_2dof_ros2/build/simulation_2dof': CMAKE_PREFIX_PATH=${CMAKE_PREFIX_PATH}:/media/mojarras/Wiwi/sinFiltro/robot_2dof_ros2/install/control:/opt/ros/jazzy DEBUGINFOD_URLS=https://debuginfod.ubuntu.com /usr/bin/cmake --install /media/mojarras/Wiwi/sinFiltro/robot_2dof_ros2/build/simulation_2dof
[1.068s] Level 1:colcon.colcon_core.environment:create_environment_scripts_only(simulation_2dof)
[1.071s] DEBUG:colcon.colcon_core.event_handler.log_command:Invoked command in '/media/mojarras/Wiwi/sinFiltro/robot_2dof_ros2/build/simulation_2dof' returned '0': CMAKE_PREFIX_PATH=${CMAKE_PREFIX_PATH}:/media/mojarras/Wiwi/sinFiltro/robot_2dof_ros2/install/control:/opt/ros/jazzy DEBUGINFOD_URLS=https://debuginfod.ubuntu.com /usr/bin/cmake --install /media/mojarras/Wiwi/sinFiltro/robot_2dof_ros2/build/simulation_2dof
[1.080s] Level 1:colcon.colcon_core.environment:checking '/media/mojarras/Wiwi/sinFiltro/robot_2dof_ros2/install/simulation_2dof' for CMake module files
[1.081s] Level 1:colcon.colcon_core.environment:checking '/media/mojarras/Wiwi/sinFiltro/robot_2dof_ros2/install/simulation_2dof' for CMake config files
[1.082s] Level 1:colcon.colcon_core.shell:create_environment_hook('simulation_2dof', 'cmake_prefix_path')
[1.082s] INFO:colcon.colcon_core.shell:Creating environment hook '/media/mojarras/Wiwi/sinFiltro/robot_2dof_ros2/install/simulation_2dof/share/simulation_2dof/hook/cmake_prefix_path.ps1'
[1.083s] INFO:colcon.colcon_core.shell:Creating environment descriptor '/media/mojarras/Wiwi/sinFiltro/robot_2dof_ros2/install/simulation_2dof/share/simulation_2dof/hook/cmake_prefix_path.dsv'
[1.084s] INFO:colcon.colcon_core.shell:Creating environment hook '/media/mojarras/Wiwi/sinFiltro/robot_2dof_ros2/install/simulation_2dof/share/simulation_2dof/hook/cmake_prefix_path.sh'
[1.085s] Level 1:colcon.colcon_core.environment:checking '/media/mojarras/Wiwi/sinFiltro/robot_2dof_ros2/install/simulation_2dof/bin'
[1.085s] Level 1:colcon.colcon_core.environment:checking '/media/mojarras/Wiwi/sinFiltro/robot_2dof_ros2/install/simulation_2dof/lib/pkgconfig/simulation_2dof.pc'
[1.086s] Level 1:colcon.colcon_core.environment:checking '/media/mojarras/Wiwi/sinFiltro/robot_2dof_ros2/install/simulation_2dof/lib/python3.12/site-packages'
[1.087s] Level 1:colcon.colcon_core.environment:checking '/media/mojarras/Wiwi/sinFiltro/robot_2dof_ros2/install/simulation_2dof/bin'
[1.087s] INFO:colcon.colcon_core.shell:Creating package script '/media/mojarras/Wiwi/sinFiltro/robot_2dof_ros2/install/simulation_2dof/share/simulation_2dof/package.ps1'
[1.089s] INFO:colcon.colcon_core.shell:Creating package descriptor '/media/mojarras/Wiwi/sinFiltro/robot_2dof_ros2/install/simulation_2dof/share/simulation_2dof/package.dsv'
[1.090s] INFO:colcon.colcon_core.shell:Creating package script '/media/mojarras/Wiwi/sinFiltro/robot_2dof_ros2/install/simulation_2dof/share/simulation_2dof/package.sh'
[1.092s] INFO:colcon.colcon_core.shell:Creating package script '/media/mojarras/Wiwi/sinFiltro/robot_2dof_ros2/install/simulation_2dof/share/simulation_2dof/package.bash'
[1.093s] INFO:colcon.colcon_core.shell:Creating package script '/media/mojarras/Wiwi/sinFiltro/robot_2dof_ros2/install/simulation_2dof/share/simulation_2dof/package.zsh'
[1.095s] Level 1:colcon.colcon_core.environment:create_file_with_runtime_dependencies(/media/mojarras/Wiwi/sinFiltro/robot_2dof_ros2/install/simulation_2dof/share/colcon-core/packages/simulation_2dof)
[1.095s] Level 1:colcon.colcon_core.environment:create_environment_scripts_only(simulation_2dof)
[1.096s] Level 1:colcon.colcon_core.environment:checking '/media/mojarras/Wiwi/sinFiltro/robot_2dof_ros2/install/simulation_2dof' for CMake module files
[1.098s] Level 1:colcon.colcon_core.environment:checking '/media/mojarras/Wiwi/sinFiltro/robot_2dof_ros2/install/simulation_2dof' for CMake config files
[1.098s] Level 1:colcon.colcon_core.shell:create_environment_hook('simulation_2dof', 'cmake_prefix_path')
[1.099s] INFO:colcon.colcon_core.shell:Creating environment hook '/media/mojarras/Wiwi/sinFiltro/robot_2dof_ros2/install/simulation_2dof/share/simulation_2dof/hook/cmake_prefix_path.ps1'
[1.099s] INFO:colcon.colcon_core.shell:Creating environment descriptor '/media/mojarras/Wiwi/sinFiltro/robot_2dof_ros2/install/simulation_2dof/share/simulation_2dof/hook/cmake_prefix_path.dsv'
[1.100s] INFO:colcon.colcon_core.shell:Creating environment hook '/media/mojarras/Wiwi/sinFiltro/robot_2dof_ros2/install/simulation_2dof/share/simulation_2dof/hook/cmake_prefix_path.sh'
[1.101s] Level 1:colcon.colcon_core.environment:checking '/media/mojarras/Wiwi/sinFiltro/robot_2dof_ros2/install/simulation_2dof/bin'
[1.101s] Level 1:colcon.colcon_core.environment:checking '/media/mojarras/Wiwi/sinFiltro/robot_2dof_ros2/install/simulation_2dof/lib/pkgconfig/simulation_2dof.pc'
[1.102s] Level 1:colcon.colcon_core.environment:checking '/media/mojarras/Wiwi/sinFiltro/robot_2dof_ros2/install/simulation_2dof/lib/python3.12/site-packages'
[1.103s] Level 1:colcon.colcon_core.environment:checking '/media/mojarras/Wiwi/sinFiltro/robot_2dof_ros2/install/simulation_2dof/bin'
[1.104s] INFO:colcon.colcon_core.shell:Creating package script '/media/mojarras/Wiwi/sinFiltro/robot_2dof_ros2/install/simulation_2dof/share/simulation_2dof/package.ps1'
[1.105s] INFO:colcon.colcon_core.shell:Creating package descriptor '/media/mojarras/Wiwi/sinFiltro/robot_2dof_ros2/install/simulation_2dof/share/simulation_2dof/package.dsv'
[1.110s] INFO:colcon.colcon_core.shell:Creating package script '/media/mojarras/Wiwi/sinFiltro/robot_2dof_ros2/install/simulation_2dof/share/simulation_2dof/package.sh'
[1.111s] INFO:colcon.colcon_core.shell:Creating package script '/media/mojarras/Wiwi/sinFiltro/robot_2dof_ros2/install/simulation_2dof/share/simulation_2dof/package.bash'
[1.112s] INFO:colcon.colcon_core.shell:Creating package script '/media/mojarras/Wiwi/sinFiltro/robot_2dof_ros2/install/simulation_2dof/share/simulation_2dof/package.zsh'
[1.116s] Level 1:colcon.colcon_core.environment:create_file_with_runtime_dependencies(/media/mojarras/Wiwi/sinFiltro/robot_2dof_ros2/install/simulation_2dof/share/colcon-core/packages/simulation_2dof)
[1.123s] DEBUG:colcon.colcon_core.event_handler.log_command:Invoked command in '/media/mojarras/Wiwi/sinFiltro/robot_2dof_ros2/build/kalman_filter' returned '0': CMAKE_PREFIX_PATH=${CMAKE_PREFIX_PATH}:/media/mojarras/Wiwi/sinFiltro/robot_2dof_ros2/install/control:/opt/ros/jazzy DEBUGINFOD_URLS=https://debuginfod.ubuntu.com /usr/bin/cmake --build /media/mojarras/Wiwi/sinFiltro/robot_2dof_ros2/build/kalman_filter -- -j8 -l8
[1.124s] DEBUG:colcon.colcon_core.event_handler.log_command:Invoking command in '/media/mojarras/Wiwi/sinFiltro/robot_2dof_ros2/build/kalman_filter': CMAKE_PREFIX_PATH=${CMAKE_PREFIX_PATH}:/media/mojarras/Wiwi/sinFiltro/robot_2dof_ros2/install/control:/opt/ros/jazzy DEBUGINFOD_URLS=https://debuginfod.ubuntu.com /usr/bin/cmake --install /media/mojarras/Wiwi/sinFiltro/robot_2dof_ros2/build/kalman_filter
[1.155s] Level 1:colcon.colcon_core.environment:create_environment_scripts_only(kalman_filter)
[1.156s] Level 1:colcon.colcon_core.environment:checking '/media/mojarras/Wiwi/sinFiltro/robot_2dof_ros2/install/kalman_filter' for CMake module files
[1.160s] Level 1:colcon.colcon_core.environment:checking '/media/mojarras/Wiwi/sinFiltro/robot_2dof_ros2/install/kalman_filter' for CMake config files
[1.161s] DEBUG:colcon.colcon_core.event_handler.log_command:Invoked command in '/media/mojarras/Wiwi/sinFiltro/robot_2dof_ros2/build/kalman_filter' returned '0': CMAKE_PREFIX_PATH=${CMAKE_PREFIX_PATH}:/media/mojarras/Wiwi/sinFiltro/robot_2dof_ros2/install/control:/opt/ros/jazzy DEBUGINFOD_URLS=https://debuginfod.ubuntu.com /usr/bin/cmake --install /media/mojarras/Wiwi/sinFiltro/robot_2dof_ros2/build/kalman_filter
[1.162s] Level 1:colcon.colcon_core.shell:create_environment_hook('kalman_filter', 'cmake_prefix_path')
[1.163s] INFO:colcon.colcon_core.shell:Creating environment hook '/media/mojarras/Wiwi/sinFiltro/robot_2dof_ros2/install/kalman_filter/share/kalman_filter/hook/cmake_prefix_path.ps1'
[1.164s] INFO:colcon.colcon_core.shell:Creating environment descriptor '/media/mojarras/Wiwi/sinFiltro/robot_2dof_ros2/install/kalman_filter/share/kalman_filter/hook/cmake_prefix_path.dsv'
[1.164s] INFO:colcon.colcon_core.shell:Creating environment hook '/media/mojarras/Wiwi/sinFiltro/robot_2dof_ros2/install/kalman_filter/share/kalman_filter/hook/cmake_prefix_path.sh'
[1.165s] Level 1:colcon.colcon_core.environment:checking '/media/mojarras/Wiwi/sinFiltro/robot_2dof_ros2/install/kalman_filter/lib'
[1.165s] Level 1:colcon.colcon_core.environment:checking '/media/mojarras/Wiwi/sinFiltro/robot_2dof_ros2/install/kalman_filter/bin'
[1.166s] Level 1:colcon.colcon_core.environment:checking '/media/mojarras/Wiwi/sinFiltro/robot_2dof_ros2/install/kalman_filter/lib/pkgconfig/kalman_filter.pc'
[1.166s] Level 1:colcon.colcon_core.environment:checking '/media/mojarras/Wiwi/sinFiltro/robot_2dof_ros2/install/kalman_filter/lib/python3.12/site-packages'
[1.166s] Level 1:colcon.colcon_core.environment:checking '/media/mojarras/Wiwi/sinFiltro/robot_2dof_ros2/install/kalman_filter/bin'
[1.167s] INFO:colcon.colcon_core.shell:Creating package script '/media/mojarras/Wiwi/sinFiltro/robot_2dof_ros2/install/kalman_filter/share/kalman_filter/package.ps1'
[1.167s] INFO:colcon.colcon_core.shell:Creating package descriptor '/media/mojarras/Wiwi/sinFiltro/robot_2dof_ros2/install/kalman_filter/share/kalman_filter/package.dsv'
[1.168s] INFO:colcon.colcon_core.shell:Creating package script '/media/mojarras/Wiwi/sinFiltro/robot_2dof_ros2/install/kalman_filter/share/kalman_filter/package.sh'
[1.168s] INFO:colcon.colcon_core.shell:Creating package script '/media/mojarras/Wiwi/sinFiltro/robot_2dof_ros2/install/kalman_filter/share/kalman_filter/package.bash'
[1.169s] INFO:colcon.colcon_core.shell:Creating package script '/media/mojarras/Wiwi/sinFiltro/robot_2dof_ros2/install/kalman_filter/share/kalman_filter/package.zsh'
[1.169s] Level 1:colcon.colcon_core.environment:create_file_with_runtime_dependencies(/media/mojarras/Wiwi/sinFiltro/robot_2dof_ros2/install/kalman_filter/share/colcon-core/packages/kalman_filter)
[1.170s] Level 1:colcon.colcon_core.environment:create_environment_scripts_only(kalman_filter)
[1.170s] Level 1:colcon.colcon_core.environment:checking '/media/mojarras/Wiwi/sinFiltro/robot_2dof_ros2/install/kalman_filter' for CMake module files
[1.171s] Level 1:colcon.colcon_core.environment:checking '/media/mojarras/Wiwi/sinFiltro/robot_2dof_ros2/install/kalman_filter' for CMake config files
[1.172s] Level 1:colcon.colcon_core.shell:create_environment_hook('kalman_filter', 'cmake_prefix_path')
[1.172s] INFO:colcon.colcon_core.shell:Creating environment hook '/media/mojarras/Wiwi/sinFiltro/robot_2dof_ros2/install/kalman_filter/share/kalman_filter/hook/cmake_prefix_path.ps1'
[1.172s] INFO:colcon.colcon_core.shell:Creating environment descriptor '/media/mojarras/Wiwi/sinFiltro/robot_2dof_ros2/install/kalman_filter/share/kalman_filter/hook/cmake_prefix_path.dsv'
[1.173s] INFO:colcon.colcon_core.shell:Creating environment hook '/media/mojarras/Wiwi/sinFiltro/robot_2dof_ros2/install/kalman_filter/share/kalman_filter/hook/cmake_prefix_path.sh'
[1.174s] Level 1:colcon.colcon_core.environment:checking '/media/mojarras/Wiwi/sinFiltro/robot_2dof_ros2/install/kalman_filter/lib'
[1.174s] Level 1:colcon.colcon_core.environment:checking '/media/mojarras/Wiwi/sinFiltro/robot_2dof_ros2/install/kalman_filter/bin'
[1.174s] Level 1:colcon.colcon_core.environment:checking '/media/mojarras/Wiwi/sinFiltro/robot_2dof_ros2/install/kalman_filter/lib/pkgconfig/kalman_filter.pc'
[1.174s] Level 1:colcon.colcon_core.environment:checking '/media/mojarras/Wiwi/sinFiltro/robot_2dof_ros2/install/kalman_filter/lib/python3.12/site-packages'
[1.175s] Level 1:colcon.colcon_core.environment:checking '/media/mojarras/Wiwi/sinFiltro/robot_2dof_ros2/install/kalman_filter/bin'
[1.175s] INFO:colcon.colcon_core.shell:Creating package script '/media/mojarras/Wiwi/sinFiltro/robot_2dof_ros2/install/kalman_filter/share/kalman_filter/package.ps1'
[1.176s] INFO:colcon.colcon_core.shell:Creating package descriptor '/media/mojarras/Wiwi/sinFiltro/robot_2dof_ros2/install/kalman_filter/share/kalman_filter/package.dsv'
[1.176s] INFO:colcon.colcon_core.shell:Creating package script '/media/mojarras/Wiwi/sinFiltro/robot_2dof_ros2/install/kalman_filter/share/kalman_filter/package.sh'
[1.177s] INFO:colcon.colcon_core.shell:Creating package script '/media/mojarras/Wiwi/sinFiltro/robot_2dof_ros2/install/kalman_filter/share/kalman_filter/package.bash'
[1.178s] INFO:colcon.colcon_core.shell:Creating package script '/media/mojarras/Wiwi/sinFiltro/robot_2dof_ros2/install/kalman_filter/share/kalman_filter/package.zsh'
[1.178s] Level 1:colcon.colcon_core.environment:create_file_with_runtime_dependencies(/media/mojarras/Wiwi/sinFiltro/robot_2dof_ros2/install/kalman_filter/share/colcon-core/packages/kalman_filter)
[1.848s] DEBUG:colcon.colcon_core.event_handler.log_command:Invoked command in '/media/mojarras/Wiwi/sinFiltro/robot_2dof_ros2/build/two_dof_interfaces' returned '0': CMAKE_PREFIX_PATH=${CMAKE_PREFIX_PATH}:/media/mojarras/Wiwi/sinFiltro/robot_2dof_ros2/install/control:/opt/ros/jazzy DEBUGINFOD_URLS=https://debuginfod.ubuntu.com /usr/bin/cmake --build /media/mojarras/Wiwi/sinFiltro/robot_2dof_ros2/build/two_dof_interfaces -- -j8 -l8
[1.850s] DEBUG:colcon.colcon_core.event_handler.log_command:Invoking command in '/media/mojarras/Wiwi/sinFiltro/robot_2dof_ros2/build/two_dof_interfaces': CMAKE_PREFIX_PATH=${CMAKE_PREFIX_PATH}:/media/mojarras/Wiwi/sinFiltro/robot_2dof_ros2/install/control:/opt/ros/jazzy DEBUGINFOD_URLS=https://debuginfod.ubuntu.com /usr/bin/cmake --install /media/mojarras/Wiwi/sinFiltro/robot_2dof_ros2/build/two_dof_interfaces
[1.946s] Level 1:colcon.colcon_core.environment:create_environment_scripts_only(two_dof_interfaces)
[1.948s] Level 1:colcon.colcon_core.environment:checking '/media/mojarras/Wiwi/sinFiltro/robot_2dof_ros2/install/two_dof_interfaces' for CMake module files
[1.948s] DEBUG:colcon.colcon_core.event_handler.log_command:Invoked command in '/media/mojarras/Wiwi/sinFiltro/robot_2dof_ros2/build/two_dof_interfaces' returned '0': CMAKE_PREFIX_PATH=${CMAKE_PREFIX_PATH}:/media/mojarras/Wiwi/sinFiltro/robot_2dof_ros2/install/control:/opt/ros/jazzy DEBUGINFOD_URLS=https://debuginfod.ubuntu.com /usr/bin/cmake --install /media/mojarras/Wiwi/sinFiltro/robot_2dof_ros2/build/two_dof_interfaces
[1.950s] Level 1:colcon.colcon_core.environment:checking '/media/mojarras/Wiwi/sinFiltro/robot_2dof_ros2/install/two_dof_interfaces' for CMake config files
[1.952s] Level 1:colcon.colcon_core.shell:create_environment_hook('two_dof_interfaces', 'cmake_prefix_path')
[1.952s] INFO:colcon.colcon_core.shell:Creating environment hook '/media/mojarras/Wiwi/sinFiltro/robot_2dof_ros2/install/two_dof_interfaces/share/two_dof_interfaces/hook/cmake_prefix_path.ps1'
[1.953s] INFO:colcon.colcon_core.shell:Creating environment descriptor '/media/mojarras/Wiwi/sinFiltro/robot_2dof_ros2/install/two_dof_interfaces/share/two_dof_interfaces/hook/cmake_prefix_path.dsv'
[1.953s] INFO:colcon.colcon_core.shell:Creating environment hook '/media/mojarras/Wiwi/sinFiltro/robot_2dof_ros2/install/two_dof_interfaces/share/two_dof_interfaces/hook/cmake_prefix_path.sh'
[1.954s] Level 1:colcon.colcon_core.environment:checking '/media/mojarras/Wiwi/sinFiltro/robot_2dof_ros2/install/two_dof_interfaces/lib'
[1.954s] Level 1:colcon.colcon_core.shell:create_environment_hook('two_dof_interfaces', 'ld_library_path_lib')
[1.955s] INFO:colcon.colcon_core.shell:Creating environment hook '/media/mojarras/Wiwi/sinFiltro/robot_2dof_ros2/install/two_dof_interfaces/share/two_dof_interfaces/hook/ld_library_path_lib.ps1'
[1.955s] INFO:colcon.colcon_core.shell:Creating environment descriptor '/media/mojarras/Wiwi/sinFiltro/robot_2dof_ros2/install/two_dof_interfaces/share/two_dof_interfaces/hook/ld_library_path_lib.dsv'
[1.956s] INFO:colcon.colcon_core.shell:Creating environment hook '/media/mojarras/Wiwi/sinFiltro/robot_2dof_ros2/install/two_dof_interfaces/share/two_dof_interfaces/hook/ld_library_path_lib.sh'
[1.957s] Level 1:colcon.colcon_core.environment:checking '/media/mojarras/Wiwi/sinFiltro/robot_2dof_ros2/install/two_dof_interfaces/bin'
[1.957s] Level 1:colcon.colcon_core.environment:checking '/media/mojarras/Wiwi/sinFiltro/robot_2dof_ros2/install/two_dof_interfaces/lib/pkgconfig/two_dof_interfaces.pc'
[1.957s] Level 1:colcon.colcon_core.environment:checking '/media/mojarras/Wiwi/sinFiltro/robot_2dof_ros2/install/two_dof_interfaces/lib/python3.12/site-packages'
[1.958s] Level 1:colcon.colcon_core.shell:create_environment_hook('two_dof_interfaces', 'pythonpath')
[1.958s] INFO:colcon.colcon_core.shell:Creating environment hook '/media/mojarras/Wiwi/sinFiltro/robot_2dof_ros2/install/two_dof_interfaces/share/two_dof_interfaces/hook/pythonpath.ps1'
[1.959s] INFO:colcon.colcon_core.shell:Creating environment descriptor '/media/mojarras/Wiwi/sinFiltro/robot_2dof_ros2/install/two_dof_interfaces/share/two_dof_interfaces/hook/pythonpath.dsv'
[1.959s] INFO:colcon.colcon_core.shell:Creating environment hook '/media/mojarras/Wiwi/sinFiltro/robot_2dof_ros2/install/two_dof_interfaces/share/two_dof_interfaces/hook/pythonpath.sh'
[1.961s] Level 1:colcon.colcon_core.environment:checking '/media/mojarras/Wiwi/sinFiltro/robot_2dof_ros2/install/two_dof_interfaces/bin'
[1.961s] INFO:colcon.colcon_core.shell:Creating package script '/media/mojarras/Wiwi/sinFiltro/robot_2dof_ros2/install/two_dof_interfaces/share/two_dof_interfaces/package.ps1'
[1.962s] INFO:colcon.colcon_core.shell:Creating package descriptor '/media/mojarras/Wiwi/sinFiltro/robot_2dof_ros2/install/two_dof_interfaces/share/two_dof_interfaces/package.dsv'
[1.963s] INFO:colcon.colcon_core.shell:Creating package script '/media/mojarras/Wiwi/sinFiltro/robot_2dof_ros2/install/two_dof_interfaces/share/two_dof_interfaces/package.sh'
[1.964s] INFO:colcon.colcon_core.shell:Creating package script '/media/mojarras/Wiwi/sinFiltro/robot_2dof_ros2/install/two_dof_interfaces/share/two_dof_interfaces/package.bash'
[1.965s] INFO:colcon.colcon_core.shell:Creating package script '/media/mojarras/Wiwi/sinFiltro/robot_2dof_ros2/install/two_dof_interfaces/share/two_dof_interfaces/package.zsh'
[1.966s] Level 1:colcon.colcon_core.environment:create_file_with_runtime_dependencies(/media/mojarras/Wiwi/sinFiltro/robot_2dof_ros2/install/two_dof_interfaces/share/colcon-core/packages/two_dof_interfaces)
[1.967s] Level 1:colcon.colcon_core.environment:create_environment_scripts_only(two_dof_interfaces)
[1.967s] Level 1:colcon.colcon_core.environment:checking '/media/mojarras/Wiwi/sinFiltro/robot_2dof_ros2/install/two_dof_interfaces' for CMake module files
[1.969s] Level 1:colcon.colcon_core.environment:checking '/media/mojarras/Wiwi/sinFiltro/robot_2dof_ros2/install/two_dof_interfaces' for CMake config files
[1.970s] Level 1:colcon.colcon_core.shell:create_environment_hook('two_dof_interfaces', 'cmake_prefix_path')
[1.970s] INFO:colcon.colcon_core.shell:Creating environment hook '/media/mojarras/Wiwi/sinFiltro/robot_2dof_ros2/install/two_dof_interfaces/share/two_dof_interfaces/hook/cmake_prefix_path.ps1'
[1.971s] INFO:colcon.colcon_core.shell:Creating environment descriptor '/media/mojarras/Wiwi/sinFiltro/robot_2dof_ros2/install/two_dof_interfaces/share/two_dof_interfaces/hook/cmake_prefix_path.dsv'
[1.971s] INFO:colcon.colcon_core.shell:Creating environment hook '/media/mojarras/Wiwi/sinFiltro/robot_2dof_ros2/install/two_dof_interfaces/share/two_dof_interfaces/hook/cmake_prefix_path.sh'
[1.972s] Level 1:colcon.colcon_core.environment:checking '/media/mojarras/Wiwi/sinFiltro/robot_2dof_ros2/install/two_dof_interfaces/lib'
[1.972s] Level 1:colcon.colcon_core.shell:create_environment_hook('two_dof_interfaces', 'ld_library_path_lib')
[1.972s] INFO:colcon.colcon_core.shell:Creating environment hook '/media/mojarras/Wiwi/sinFiltro/robot_2dof_ros2/install/two_dof_interfaces/share/two_dof_interfaces/hook/ld_library_path_lib.ps1'
[1.973s] INFO:colcon.colcon_core.shell:Creating environment descriptor '/media/mojarras/Wiwi/sinFiltro/robot_2dof_ros2/install/two_dof_interfaces/share/two_dof_interfaces/hook/ld_library_path_lib.dsv'
[1.973s] INFO:colcon.colcon_core.shell:Creating environment hook '/media/mojarras/Wiwi/sinFiltro/robot_2dof_ros2/install/two_dof_interfaces/share/two_dof_interfaces/hook/ld_library_path_lib.sh'
[1.974s] Level 1:colcon.colcon_core.environment:checking '/media/mojarras/Wiwi/sinFiltro/robot_2dof_ros2/install/two_dof_interfaces/bin'
[1.974s] Level 1:colcon.colcon_core.environment:checking '/media/mojarras/Wiwi/sinFiltro/robot_2dof_ros2/install/two_dof_interfaces/lib/pkgconfig/two_dof_interfaces.pc'
[1.974s] Level 1:colcon.colcon_core.environment:checking '/media/mojarras/Wiwi/sinFiltro/robot_2dof_ros2/install/two_dof_interfaces/lib/python3.12/site-packages'
[1.974s] Level 1:colcon.colcon_core.shell:create_environment_hook('two_dof_interfaces', 'pythonpath')
[1.975s] INFO:colcon.colcon_core.shell:Creating environment hook '/media/mojarras/Wiwi/sinFiltro/robot_2dof_ros2/install/two_dof_interfaces/share/two_dof_interfaces/hook/pythonpath.ps1'
[1.975s] INFO:colcon.colcon_core.shell:Creating environment descriptor '/media/mojarras/Wiwi/sinFiltro/robot_2dof_ros2/install/two_dof_interfaces/share/two_dof_interfaces/hook/pythonpath.dsv'
[1.976s] INFO:colcon.colcon_core.shell:Creating environment hook '/media/mojarras/Wiwi/sinFiltro/robot_2dof_ros2/install/two_dof_interfaces/share/two_dof_interfaces/hook/pythonpath.sh'
[1.977s] Level 1:colcon.colcon_core.environment:checking '/media/mojarras/Wiwi/sinFiltro/robot_2dof_ros2/install/two_dof_interfaces/bin'
[1.977s] INFO:colcon.colcon_core.shell:Creating package script '/media/mojarras/Wiwi/sinFiltro/robot_2dof_ros2/install/two_dof_interfaces/share/two_dof_interfaces/package.ps1'
[1.978s] INFO:colcon.colcon_core.shell:Creating package descriptor '/media/mojarras/Wiwi/sinFiltro/robot_2dof_ros2/install/two_dof_interfaces/share/two_dof_interfaces/package.dsv'
[1.979s] INFO:colcon.colcon_core.shell:Creating package script '/media/mojarras/Wiwi/sinFiltro/robot_2dof_ros2/install/two_dof_interfaces/share/two_dof_interfaces/package.sh'
[1.980s] INFO:colcon.colcon_core.shell:Creating package script '/media/mojarras/Wiwi/sinFiltro/robot_2dof_ros2/install/two_dof_interfaces/share/two_dof_interfaces/package.bash'
[1.981s] INFO:colcon.colcon_core.shell:Creating package script '/media/mojarras/Wiwi/sinFiltro/robot_2dof_ros2/install/two_dof_interfaces/share/two_dof_interfaces/package.zsh'
[1.981s] Level 1:colcon.colcon_core.environment:create_file_with_runtime_dependencies(/media/mojarras/Wiwi/sinFiltro/robot_2dof_ros2/install/two_dof_interfaces/share/colcon-core/packages/two_dof_interfaces)
[2.295s] DEBUG:colcon.colcon_core.event_handler.log_command:Invoking command in '/media/mojarras/Wiwi/sinFiltro/robot_2dof_ros2/control': DEBUGINFOD_URLS=https://debuginfod.ubuntu.com PYTHONPATH=/media/mojarras/Wiwi/sinFiltro/robot_2dof_ros2/build/control/prefix_override:/usr/lib/python3/dist-packages/colcon_core/task/python/colcon_distutils_commands:/media/mojarras/Wiwi/sinFiltro/robot_2dof_ros2/install/control/lib/python3.12/site-packages:${PYTHONPATH} /usr/bin/python3 -W ignore:setup.py install is deprecated -W ignore:easy_install command is deprecated setup.py egg_info --egg-base ../build/control build --build-base /media/mojarras/Wiwi/sinFiltro/robot_2dof_ros2/build/control/build install --record /media/mojarras/Wiwi/sinFiltro/robot_2dof_ros2/build/control/install.log --single-version-externally-managed install_data
[3.453s] Level 1:colcon.colcon_core.environment:checking '/media/mojarras/Wiwi/sinFiltro/robot_2dof_ros2/install/control' for CMake module files
[3.454s] DEBUG:colcon.colcon_core.event_handler.log_command:Invoked command in '/media/mojarras/Wiwi/sinFiltro/robot_2dof_ros2/control' returned '0': DEBUGINFOD_URLS=https://debuginfod.ubuntu.com PYTHONPATH=/media/mojarras/Wiwi/sinFiltro/robot_2dof_ros2/build/control/prefix_override:/usr/lib/python3/dist-packages/colcon_core/task/python/colcon_distutils_commands:/media/mojarras/Wiwi/sinFiltro/robot_2dof_ros2/install/control/lib/python3.12/site-packages:${PYTHONPATH} /usr/bin/python3 -W ignore:setup.py install is deprecated -W ignore:easy_install command is deprecated setup.py egg_info --egg-base ../build/control build --build-base /media/mojarras/Wiwi/sinFiltro/robot_2dof_ros2/build/control/build install --record /media/mojarras/Wiwi/sinFiltro/robot_2dof_ros2/build/control/install.log --single-version-externally-managed install_data
[3.454s] Level 1:colcon.colcon_core.environment:checking '/media/mojarras/Wiwi/sinFiltro/robot_2dof_ros2/install/control' for CMake config files
[3.455s] Level 1:colcon.colcon_core.environment:checking '/media/mojarras/Wiwi/sinFiltro/robot_2dof_ros2/install/control/lib'
[3.455s] Level 1:colcon.colcon_core.environment:checking '/media/mojarras/Wiwi/sinFiltro/robot_2dof_ros2/install/control/bin'
[3.456s] Level 1:colcon.colcon_core.environment:checking '/media/mojarras/Wiwi/sinFiltro/robot_2dof_ros2/install/control/lib/pkgconfig/control.pc'
[3.456s] Level 1:colcon.colcon_core.environment:checking '/media/mojarras/Wiwi/sinFiltro/robot_2dof_ros2/install/control/lib/python3.12/site-packages'
[3.456s] Level 1:colcon.colcon_core.shell:create_environment_hook('control', 'pythonpath')
[3.457s] INFO:colcon.colcon_core.shell:Creating environment hook '/media/mojarras/Wiwi/sinFiltro/robot_2dof_ros2/install/control/share/control/hook/pythonpath.ps1'
[3.457s] INFO:colcon.colcon_core.shell:Creating environment descriptor '/media/mojarras/Wiwi/sinFiltro/robot_2dof_ros2/install/control/share/control/hook/pythonpath.dsv'
[3.458s] INFO:colcon.colcon_core.shell:Creating environment hook '/media/mojarras/Wiwi/sinFiltro/robot_2dof_ros2/install/control/share/control/hook/pythonpath.sh'
[3.459s] Level 1:colcon.colcon_core.environment:checking '/media/mojarras/Wiwi/sinFiltro/robot_2dof_ros2/install/control/bin'
[3.459s] Level 1:colcon.colcon_core.environment:create_environment_scripts_only(control)
[3.459s] INFO:colcon.colcon_core.shell:Creating package script '/media/mojarras/Wiwi/sinFiltro/robot_2dof_ros2/install/control/share/control/package.ps1'
[3.460s] INFO:colcon.colcon_core.shell:Creating package descriptor '/media/mojarras/Wiwi/sinFiltro/robot_2dof_ros2/install/control/share/control/package.dsv'
[3.461s] INFO:colcon.colcon_core.shell:Creating package script '/media/mojarras/Wiwi/sinFiltro/robot_2dof_ros2/install/control/share/control/package.sh'
[3.461s] INFO:colcon.colcon_core.shell:Creating package script '/media/mojarras/Wiwi/sinFiltro/robot_2dof_ros2/install/control/share/control/package.bash'
[3.462s] INFO:colcon.colcon_core.shell:Creating package script '/media/mojarras/Wiwi/sinFiltro/robot_2dof_ros2/install/control/share/control/package.zsh'
[3.462s] Level 1:colcon.colcon_core.environment:create_file_with_runtime_dependencies(/media/mojarras/Wiwi/sinFiltro/robot_2dof_ros2/install/control/share/colcon-core/packages/control)
[3.463s] DEBUG:colcon.colcon_parallel_executor.executor.parallel:closing loop
[3.463s] DEBUG:colcon.colcon_parallel_executor.executor.parallel:loop closed
[3.463s] DEBUG:colcon.colcon_parallel_executor.executor.parallel:run_until_complete finished with '0'
[3.463s] DEBUG:colcon.colcon_core.event_reactor:joining thread
[3.476s] INFO:colcon.colcon_core.plugin_system:Skipping extension 'colcon_notification.desktop_notification.terminal_notifier': Not used on non-Darwin systems
[3.476s] INFO:colcon.colcon_core.plugin_system:Skipping extension 'colcon_notification.desktop_notification.win32': Not used on non-Windows systems
[3.476s] INFO:colcon.colcon_notification.desktop_notification:Sending desktop notification using 'notify2'
[3.491s] DEBUG:colcon.colcon_core.event_reactor:joined thread
[3.491s] INFO:colcon.colcon_core.shell:Creating prefix script '/media/mojarras/Wiwi/sinFiltro/robot_2dof_ros2/install/local_setup.ps1'
[3.493s] INFO:colcon.colcon_core.shell:Creating prefix util module '/media/mojarras/Wiwi/sinFiltro/robot_2dof_ros2/install/_local_setup_util_ps1.py'
[3.494s] INFO:colcon.colcon_core.shell:Creating prefix chain script '/media/mojarras/Wiwi/sinFiltro/robot_2dof_ros2/install/setup.ps1'
[3.496s] INFO:colcon.colcon_core.shell:Creating prefix script '/media/mojarras/Wiwi/sinFiltro/robot_2dof_ros2/install/local_setup.sh'
[3.496s] INFO:colcon.colcon_core.shell:Creating prefix util module '/media/mojarras/Wiwi/sinFiltro/robot_2dof_ros2/install/_local_setup_util_sh.py'
[3.497s] INFO:colcon.colcon_core.shell:Creating prefix chain script '/media/mojarras/Wiwi/sinFiltro/robot_2dof_ros2/install/setup.sh'
[3.499s] INFO:colcon.colcon_core.shell:Creating prefix script '/media/mojarras/Wiwi/sinFiltro/robot_2dof_ros2/install/local_setup.bash'
[3.499s] INFO:colcon.colcon_core.shell:Creating prefix chain script '/media/mojarras/Wiwi/sinFiltro/robot_2dof_ros2/install/setup.bash'
[3.501s] INFO:colcon.colcon_core.shell:Creating prefix script '/media/mojarras/Wiwi/sinFiltro/robot_2dof_ros2/install/local_setup.zsh'
[3.501s] INFO:colcon.colcon_core.shell:Creating prefix chain script '/media/mojarras/Wiwi/sinFiltro/robot_2dof_ros2/install/setup.zsh'
